Archive member included to satisfy reference by file (symbol)

/usr/lib/gcc/arm-none-eabi/11.2.0/thumb/v7-m/nofp/libgcc.a(_arm_muldf3.o)
                              _build/../../common/src/state.o (__aeabi_dmul)
/usr/lib/gcc/arm-none-eabi/11.2.0/thumb/v7-m/nofp/libgcc.a(_arm_addsubdf3.o)
                              _build/../../common/src/state.o (__aeabi_dadd)
/usr/lib/gcc/arm-none-eabi/11.2.0/thumb/v7-m/nofp/libgcc.a(_arm_fixunsdfsi.o)
                              _build/../../common/src/state.o (__aeabi_d2uiz)
/usr/lib/gcc/arm-none-eabi/11.2.0/../../../../arm-none-eabi/lib/thumb/v7-m/nofp/libc_nano.a(lib_a-abort.o)
                              _build/../../common/src/fault.o (abort)
/usr/lib/gcc/arm-none-eabi/11.2.0/../../../../arm-none-eabi/lib/thumb/v7-m/nofp/libc_nano.a(lib_a-atoi.o)
                              _build/../../common/src/state.o (atoi)
/usr/lib/gcc/arm-none-eabi/11.2.0/../../../../arm-none-eabi/lib/thumb/v7-m/nofp/libc_nano.a(lib_a-memcpy-stub.o)
                              _build/usart1.o (memcpy)
/usr/lib/gcc/arm-none-eabi/11.2.0/../../../../arm-none-eabi/lib/thumb/v7-m/nofp/libc_nano.a(lib_a-memset.o)
                              _build/../../common/src/screen.o (memset)
/usr/lib/gcc/arm-none-eabi/11.2.0/../../../../arm-none-eabi/lib/thumb/v7-m/nofp/libc_nano.a(lib_a-rand.o)
                              _build/../../common/src/state.o (rand)
/usr/lib/gcc/arm-none-eabi/11.2.0/../../../../arm-none-eabi/lib/thumb/v7-m/nofp/libc_nano.a(lib_a-signal.o)
                              /usr/lib/gcc/arm-none-eabi/11.2.0/../../../../arm-none-eabi/lib/thumb/v7-m/nofp/libc_nano.a(lib_a-abort.o) (raise)
/usr/lib/gcc/arm-none-eabi/11.2.0/../../../../arm-none-eabi/lib/thumb/v7-m/nofp/libc_nano.a(lib_a-signalr.o)
                              /usr/lib/gcc/arm-none-eabi/11.2.0/../../../../arm-none-eabi/lib/thumb/v7-m/nofp/libc_nano.a(lib_a-signal.o) (_kill_r)
/usr/lib/gcc/arm-none-eabi/11.2.0/../../../../arm-none-eabi/lib/thumb/v7-m/nofp/libc_nano.a(lib_a-snprintf.o)
                              _build/../../common/src/screen.o (snprintf)
/usr/lib/gcc/arm-none-eabi/11.2.0/../../../../arm-none-eabi/lib/thumb/v7-m/nofp/libc_nano.a(lib_a-sprintf.o)
                              _build/../../common/src/mainscreen.o (sprintf)
/usr/lib/gcc/arm-none-eabi/11.2.0/../../../../arm-none-eabi/lib/thumb/v7-m/nofp/libc_nano.a(lib_a-strcasecmp.o)
                              _build/../../common/src/screen.o (strcasecmp)
/usr/lib/gcc/arm-none-eabi/11.2.0/../../../../arm-none-eabi/lib/thumb/v7-m/nofp/libc_nano.a(lib_a-strcmp.o)
                              _build/../../common/src/screen.o (strcmp)
/usr/lib/gcc/arm-none-eabi/11.2.0/../../../../arm-none-eabi/lib/thumb/v7-m/nofp/libc_nano.a(lib_a-strcpy.o)
                              _build/../../common/src/screen.o (strcpy)
/usr/lib/gcc/arm-none-eabi/11.2.0/../../../../arm-none-eabi/lib/thumb/v7-m/nofp/libc_nano.a(lib_a-strlen.o)
                              _build/../../common/src/screen.o (strlen)
/usr/lib/gcc/arm-none-eabi/11.2.0/../../../../arm-none-eabi/lib/thumb/v7-m/nofp/libc_nano.a(lib_a-strncmp.o)
                              _build/../../common/src/screen.o (strncmp)
/usr/lib/gcc/arm-none-eabi/11.2.0/../../../../arm-none-eabi/lib/thumb/v7-m/nofp/libc_nano.a(lib_a-strncpy.o)
                              _build/../../common/src/screen.o (strncpy)
/usr/lib/gcc/arm-none-eabi/11.2.0/../../../../arm-none-eabi/lib/thumb/v7-m/nofp/libc_nano.a(lib_a-strtol.o)
                              /usr/lib/gcc/arm-none-eabi/11.2.0/../../../../arm-none-eabi/lib/thumb/v7-m/nofp/libc_nano.a(lib_a-atoi.o) (_strtol_r)
/usr/lib/gcc/arm-none-eabi/11.2.0/../../../../arm-none-eabi/lib/thumb/v7-m/nofp/libc_nano.a(lib_a-vsnprintf.o)
                              _build/../../common/src/screen.o (vsnprintf)
/usr/lib/gcc/arm-none-eabi/11.2.0/../../../../arm-none-eabi/lib/thumb/v7-m/nofp/libc_nano.a(lib_a-ctype_.o)
                              /usr/lib/gcc/arm-none-eabi/11.2.0/../../../../arm-none-eabi/lib/thumb/v7-m/nofp/libc_nano.a(lib_a-strcasecmp.o) (_ctype_)
/usr/lib/gcc/arm-none-eabi/11.2.0/../../../../arm-none-eabi/lib/thumb/v7-m/nofp/libc_nano.a(lib_a-errno.o)
                              /usr/lib/gcc/arm-none-eabi/11.2.0/../../../../arm-none-eabi/lib/thumb/v7-m/nofp/libc_nano.a(lib_a-strtol.o) (__errno)
/usr/lib/gcc/arm-none-eabi/11.2.0/../../../../arm-none-eabi/lib/thumb/v7-m/nofp/libc_nano.a(lib_a-impure.o)
                              /usr/lib/gcc/arm-none-eabi/11.2.0/../../../../arm-none-eabi/lib/thumb/v7-m/nofp/libc_nano.a(lib_a-rand.o) (_impure_ptr)
/usr/lib/gcc/arm-none-eabi/11.2.0/../../../../arm-none-eabi/lib/thumb/v7-m/nofp/libc_nano.a(lib_a-malloc.o)
                              /usr/lib/gcc/arm-none-eabi/11.2.0/../../../../arm-none-eabi/lib/thumb/v7-m/nofp/libc_nano.a(lib_a-rand.o) (malloc)
/usr/lib/gcc/arm-none-eabi/11.2.0/../../../../arm-none-eabi/lib/thumb/v7-m/nofp/libc_nano.a(lib_a-nano-freer.o)
[...]
Memory Configuration

Name             Origin             Length             Attributes
FLASH            0x0000000008005000 0x000000000007b000 xr
RAM              0x0000000020000000 0x0000000000010000 xrw
MEMORY_B1        0x0000000060000000 0x0000000000000000 xr
*default*        0x0000000000000000 0xffffffffffffffff

Linker script and memory map

LOAD _build/spl/CMSIS/core_cm3.o
LOAD _build/spl/CMSIS/system_stm32f10x.o
LOAD _build/spl/src/misc.o
LOAD _build/spl/src/stm32f10x_adc.o
LOAD _build/spl/src/stm32f10x_bkp.o
LOAD _build/spl/src/stm32f10x_can.o
LOAD _build/spl/src/stm32f10x_cec.o
LOAD _build/spl/src/stm32f10x_crc.o
LOAD _build/spl/src/stm32f10x_dac.o
LOAD _build/spl/src/stm32f10x_dbgmcu.o
LOAD _build/spl/src/stm32f10x_dma.o
LOAD _build/spl/src/stm32f10x_exti.o
LOAD _build/spl/src/stm32f10x_flash.o
LOAD _build/spl/src/stm32f10x_fsmc.o
LOAD _build/spl/src/stm32f10x_gpio.o
LOAD _build/spl/src/stm32f10x_i2c.o
LOAD _build/spl/src/stm32f10x_iwdg.o
LOAD _build/spl/src/stm32f10x_pwr.o
LOAD _build/spl/src/stm32f10x_rcc.o
LOAD _build/spl/src/stm32f10x_rtc.o
LOAD _build/spl/src/stm32f10x_sdio.o
LOAD _build/spl/src/stm32f10x_spi.o
LOAD _build/spl/src/stm32f10x_tim.o
LOAD _build/spl/src/stm32f10x_usart.o
LOAD _build/spl/src/stm32f10x_wwdg.o
LOAD _build/ugui_driver/ugui_display_8x0c.o
LOAD _build/adc.o
LOAD _build/battery_gui.o
LOAD _build/eeprom-hw.o
LOAD _build/fault.o
LOAD _build/lcd.o
LOAD _build/main.o
LOAD _build/mainscreen-850.o
LOAD _build/pins.o
LOAD _build/rtc.o
LOAD _build/timers.o
LOAD _build/uart.o
LOAD _build/usart1.o
LOAD _build/../../common/src/fault.o
LOAD _build/../../common/src/buttons.o
LOAD _build/../../common/src/utils.o
LOAD _build/../../common/src/ugui.o
LOAD _build/../../common/src/fonts.o
LOAD _build/../../common/src/state.o
LOAD _build/../../common/src/screen.o
LOAD _build/../../common/src/mainscreen.o
LOAD _build/../../common/src/configscreen.o
LOAD _build/../../common/src/eeprom.o
LOAD startup_stm32f10x_md.o
                0x0000000000000001                USE_WITH_BOOTLOADER = 0x1
LOAD /usr/lib/gcc/arm-none-eabi/11.2.0/thumb/v7-m/nofp/libgcc.a
LOAD /usr/lib/gcc/arm-none-eabi/11.2.0/../../../../arm-none-eabi/lib/thumb/v7-m/nofp/libm.a
LOAD /usr/lib/gcc/arm-none-eabi/11.2.0/../../../../arm-none-eabi/lib/thumb/v7-m/nofp/libnosys.a
START GROUP
LOAD /usr/lib/gcc/arm-none-eabi/11.2.0/thumb/v7-m/nofp/libgcc.a
LOAD /usr/lib/gcc/arm-none-eabi/11.2.0/../../../../arm-none-eabi/lib/thumb/v7-m/nofp/libc_nano.a
END GROUP
START GROUP
LOAD /usr/lib/gcc/arm-none-eabi/11.2.0/thumb/v7-m/nofp/libgcc.a
LOAD /usr/lib/gcc/arm-none-eabi/11.2.0/../../../../arm-none-eabi/lib/thumb/v7-m/nofp/libc_nano.a
LOAD /usr/lib/gcc/arm-none-eabi/11.2.0/../../../../arm-none-eabi/lib/thumb/v7-m/nofp/libnosys.a
END GROUP
START GROUP
LOAD /usr/lib/gcc/arm-none-eabi/11.2.0/thumb/v7-m/nofp/libgcc.a
LOAD /usr/lib/gcc/arm-none-eabi/11.2.0/../../../../arm-none-eabi/lib/thumb/v7-m/nofp/libc_nano.a
LOAD /usr/lib/gcc/arm-none-eabi/11.2.0/../../../../arm-none-eabi/lib/thumb/v7-m/nofp/libnosys.a
END GROUP
                0x0000000020010000                _estack = 0x20010000
                0x0000000000000000                _Min_Heap_Size = 0x0
                0x0000000000000100                _Min_Stack_Size = 0x100

.isr_vector     0x0000000008005000      0x10c
                0x0000000008005000                . = ALIGN (0x4)
 *(.isr_vector)
 .isr_vector    0x0000000008005000      0x10c startup_stm32f10x_md.o
                0x0000000008005000                g_pfnVectors
                0x000000000800510c                . = ALIGN (0x4)

.text           0x0000000008005110    0x42b4c
                0x0000000008005110                . = ALIGN (0x4)
 *(.text)
 .text          0x0000000008005110      0x254 /usr/lib/gcc/arm-none-eabi/11.2.0/thumb/v7-m/nofp/libgcc.a(_arm_muldf3.o)
                0x0000000008005110                __aeabi_dmul
                0x0000000008005110                __muldf3
 .text          0x0000000008005364      0x378 /usr/lib/gcc/arm-none-eabi/11.2.0/thumb/v7-m/nofp/libgcc.a(_arm_addsubdf3.o)
                0x0000000008005364                __aeabi_drsub
                0x000000000800536c                __aeabi_dsub
                0x000000000800536c                __subdf3
                0x0000000008005370                __adddf3
                0x0000000008005370                __aeabi_dadd
                0x00000000080055e8                __aeabi_ui2d
                0x00000000080055e8                __floatunsidf
                0x0000000008005608                __floatsidf
                0x0000000008005608                __aeabi_i2d
                0x000000000800562c                __extendsfdf2
                0x000000000800562c                __aeabi_f2d
                0x0000000008005670                __aeabi_ul2d
                0x0000000008005670                __floatundidf
                0x0000000008005680                __floatdidf
                0x0000000008005680                __aeabi_l2d
 .text          0x00000000080056dc       0x40 /usr/lib/gcc/arm-none-eabi/11.2.0/thumb/v7-m/nofp/libgcc.a(_arm_fixunsdfsi.o)
                0x00000000080056dc                __fixunsdfsi
                0x00000000080056dc                __aeabi_d2uiz
 .text          0x000000000800571c       0x14 /usr/lib/gcc/arm-none-eabi/11.2.0/../../../../arm-none-eabi/lib/thumb/v7-m/nofp/libc_nano.a(lib_a-strcmp.o)
                0x000000000800571c                strcmp
 .text          0x0000000008005730       0x10 /usr/lib/gcc/arm-none-eabi/11.2.0/../../../../arm-none-eabi/lib/thumb/v7-m/nofp/libc_nano.a(lib_a-strlen.o)
                0x0000000008005730                strlen
 *(.text*)
 .text.SystemInit
                0x0000000008005740       0x68 _build/spl/CMSIS/system_stm32f10x.o
                0x0000000008005740                SystemInit
 .text.SetSysClock
                0x00000000080057a8        0xc _build/spl/CMSIS/system_stm32f10x.o
 .text.NVIC_Init
                0x00000000080057b4      0x100 _build/spl/src/misc.o
                0x00000000080057b4                NVIC_Init
 .text.NVIC_SetVectorTable
                0x00000000080058b4       0x58 _build/spl/src/misc.o
                0x00000000080058b4                NVIC_SetVectorTable
 .text.ADC_DeInit
                0x000000000800590c       0x98 _build/spl/src/stm32f10x_adc.o
                0x000000000800590c                ADC_DeInit
 .text.ADC_Init
                0x00000000080059a4      0x22c _build/spl/src/stm32f10x_adc.o
                0x00000000080059a4                ADC_Init
 .text.ADC_StructInit
                0x0000000008005bd0       0x36 _build/spl/src/stm32f10x_adc.o
                0x0000000008005bd0                ADC_StructInit
 *fill*         0x0000000008005c06        0x2 
 .text.ADC_Cmd  0x0000000008005c08       0x7c _build/spl/src/stm32f10x_adc.o
                0x0000000008005c08                ADC_Cmd
 .text.ADC_SoftwareStartConvCmd
                0x0000000008005c84       0x7c _build/spl/src/stm32f10x_adc.o
                0x0000000008005c84                ADC_SoftwareStartConvCmd
 .text.ADC_RegularChannelConfig
                0x0000000008005d00      0x288 _build/spl/src/stm32f10x_adc.o
                0x0000000008005d00                ADC_RegularChannelConfig
 .text.ADC_GetConversionValue
                0x0000000008005f88       0x48 _build/spl/src/stm32f10x_adc.o
                0x0000000008005f88                ADC_GetConversionValue
 .text.ADC_GetFlagStatus
                0x0000000008005fd0       0x8c _build/spl/src/stm32f10x_adc.o
                0x0000000008005fd0                ADC_GetFlagStatus
 .text.BKP_DeInit
                0x000000000800605c       0x14 _build/spl/src/stm32f10x_bkp.o
                0x000000000800605c                BKP_DeInit
 .text.BKP_RTCOutputConfig
                0x0000000008006070       0x60 _build/spl/src/stm32f10x_bkp.o
                0x0000000008006070                BKP_RTCOutputConfig
 .text.BKP_WriteBackupRegister
                0x00000000080060d0      0x13c _build/spl/src/stm32f10x_bkp.o
                0x00000000080060d0                BKP_WriteBackupRegister
 .text.BKP_ReadBackupRegister
                0x000000000800620c      0x134 _build/spl/src/stm32f10x_bkp.o
                0x000000000800620c                BKP_ReadBackupRegister
 .text.DMA_DeInit
                0x0000000008006340      0x1e0 _build/spl/src/stm32f10x_dma.o
                0x0000000008006340                DMA_DeInit
 .text.DMA_Init
                0x0000000008006520      0x220 _build/spl/src/stm32f10x_dma.o
                0x0000000008006520                DMA_Init
 .text.DMA_Cmd  0x0000000008006740       0xec _build/spl/src/stm32f10x_dma.o
                0x0000000008006740                DMA_Cmd
 .text.DMA_SetCurrDataCounter
                0x000000000800682c       0xb8 _build/spl/src/stm32f10x_dma.o
                0x000000000800682c                DMA_SetCurrDataCounter
 .text.FLASH_SetLatency
                0x00000000080068e4       0x54 _build/spl/src/stm32f10x_flash.o
                0x00000000080068e4                FLASH_SetLatency
 .text.FLASH_PrefetchBufferCmd
                0x0000000008006938       0x48 _build/spl/src/stm32f10x_flash.o
                0x0000000008006938                FLASH_PrefetchBufferCmd
 .text.FLASH_Unlock
                0x0000000008006980       0x24 _build/spl/src/stm32f10x_flash.o
                0x0000000008006980                FLASH_Unlock
 .text.FLASH_Lock
                0x00000000080069a4       0x1c _build/spl/src/stm32f10x_flash.o
                0x00000000080069a4                FLASH_Lock
 .text.FLASH_ErasePage
                0x00000000080069c0       0x88 _build/spl/src/stm32f10x_flash.o
                0x00000000080069c0                FLASH_ErasePage
 .text.FLASH_ProgramHalfWord
                0x0000000008006a48       0x80 _build/spl/src/stm32f10x_flash.o
                0x0000000008006a48                FLASH_ProgramHalfWord
 .text.FLASH_ClearFlag
                0x0000000008006ac8       0x38 _build/spl/src/stm32f10x_flash.o
                0x0000000008006ac8                FLASH_ClearFlag
 .text.FLASH_GetBank1Status
                0x0000000008006b00       0x54 _build/spl/src/stm32f10x_flash.o
                0x0000000008006b00                FLASH_GetBank1Status
 .text.FLASH_WaitForLastOperation
                0x0000000008006b54       0x44 _build/spl/src/stm32f10x_flash.o
                0x0000000008006b54                FLASH_WaitForLastOperation
 .text.GPIO_Init
                0x0000000008006b98      0x250 _build/spl/src/stm32f10x_gpio.o
                0x0000000008006b98                GPIO_Init
 .text.GPIO_ReadInputDataBit
                0x0000000008006de8      0x10c _build/spl/src/stm32f10x_gpio.o
                0x0000000008006de8                GPIO_ReadInputDataBit
 .text.GPIO_SetBits
                0x0000000008006ef4       0x8c _build/spl/src/stm32f10x_gpio.o
                0x0000000008006ef4                GPIO_SetBits
 .text.GPIO_ResetBits
                0x0000000008006f80       0x8c _build/spl/src/stm32f10x_gpio.o
                0x0000000008006f80                GPIO_ResetBits
 .text.GPIO_PinRemapConfig
                0x000000000800700c      0x2fc _build/spl/src/stm32f10x_gpio.o
                0x000000000800700c                GPIO_PinRemapConfig
 .text.PWR_BackupAccessCmd
                0x0000000008007308       0x34 _build/spl/src/stm32f10x_pwr.o
                0x0000000008007308                PWR_BackupAccessCmd
 .text.RCC_DeInit
                0x000000000800733c       0x5c _build/spl/src/stm32f10x_rcc.o
                0x000000000800733c                RCC_DeInit
 .text.RCC_HSEConfig
                0x0000000008007398       0x80 _build/spl/src/stm32f10x_rcc.o
                0x0000000008007398                RCC_HSEConfig
 .text.RCC_WaitForHSEStartUp
                0x0000000008007418       0x50 _build/spl/src/stm32f10x_rcc.o
                0x0000000008007418                RCC_WaitForHSEStartUp
 .text.RCC_PLLConfig
                0x0000000008007468       0xe0 _build/spl/src/stm32f10x_rcc.o
                0x0000000008007468                RCC_PLLConfig
 .text.RCC_PLLCmd
                0x0000000008007548       0x38 _build/spl/src/stm32f10x_rcc.o
                0x0000000008007548                RCC_PLLCmd
 .text.RCC_SYSCLKConfig
                0x0000000008007580       0x54 _build/spl/src/stm32f10x_rcc.o
                0x0000000008007580                RCC_SYSCLKConfig
 .text.RCC_GetSYSCLKSource
                0x00000000080075d4       0x1c _build/spl/src/stm32f10x_rcc.o
                0x00000000080075d4                RCC_GetSYSCLKSource
 .text.RCC_HCLKConfig
                0x00000000080075f0       0x78 _build/spl/src/stm32f10x_rcc.o
                0x00000000080075f0                RCC_HCLKConfig
 .text.RCC_PCLK1Config
                0x0000000008007668       0x68 _build/spl/src/stm32f10x_rcc.o
                0x0000000008007668                RCC_PCLK1Config
 .text.RCC_PCLK2Config
                0x00000000080076d0       0x6c _build/spl/src/stm32f10x_rcc.o
                0x00000000080076d0                RCC_PCLK2Config
 .text.RCC_LSEConfig
                0x000000000800773c       0x60 _build/spl/src/stm32f10x_rcc.o
                0x000000000800773c                RCC_LSEConfig
 .text.RCC_RTCCLKConfig
                0x000000000800779c       0x48 _build/spl/src/stm32f10x_rcc.o
                0x000000000800779c                RCC_RTCCLKConfig
 .text.RCC_RTCCLKCmd
                0x00000000080077e4       0x38 _build/spl/src/stm32f10x_rcc.o
                0x00000000080077e4                RCC_RTCCLKCmd
 .text.RCC_GetClocksFreq
                0x000000000800781c      0x16c _build/spl/src/stm32f10x_rcc.o
                0x000000000800781c                RCC_GetClocksFreq
 .text.RCC_AHBPeriphClockCmd
                0x0000000008007988       0x74 _build/spl/src/stm32f10x_rcc.o
                0x0000000008007988                RCC_AHBPeriphClockCmd
 .text.RCC_APB2PeriphClockCmd
                0x00000000080079fc       0x74 _build/spl/src/stm32f10x_rcc.o
                0x00000000080079fc                RCC_APB2PeriphClockCmd
 .text.RCC_APB1PeriphClockCmd
                0x0000000008007a70       0x74 _build/spl/src/stm32f10x_rcc.o
                0x0000000008007a70                RCC_APB1PeriphClockCmd
 .text.RCC_APB2PeriphResetCmd
                0x0000000008007ae4       0x74 _build/spl/src/stm32f10x_rcc.o
                0x0000000008007ae4                RCC_APB2PeriphResetCmd
 .text.RCC_APB1PeriphResetCmd
                0x0000000008007b58       0x74 _build/spl/src/stm32f10x_rcc.o
                0x0000000008007b58                RCC_APB1PeriphResetCmd
 .text.RCC_BackupResetCmd
                0x0000000008007bcc       0x38 _build/spl/src/stm32f10x_rcc.o
                0x0000000008007bcc                RCC_BackupResetCmd
 .text.RCC_GetFlagStatus
                0x0000000008007c04       0xc0 _build/spl/src/stm32f10x_rcc.o
                0x0000000008007c04                RCC_GetFlagStatus
 .text.RTC_ITConfig
                0x0000000008007cc4       0x7c _build/spl/src/stm32f10x_rtc.o
                0x0000000008007cc4                RTC_ITConfig
 .text.RTC_EnterConfigMode
                0x0000000008007d40       0x20 _build/spl/src/stm32f10x_rtc.o
                0x0000000008007d40                RTC_EnterConfigMode
 .text.RTC_ExitConfigMode
                0x0000000008007d60       0x20 _build/spl/src/stm32f10x_rtc.o
                0x0000000008007d60                RTC_ExitConfigMode
 .text.RTC_GetCounter
                0x0000000008007d80       0x2c _build/spl/src/stm32f10x_rtc.o
                0x0000000008007d80                RTC_GetCounter
 .text.RTC_SetCounter
                0x0000000008007dac       0x30 _build/spl/src/stm32f10x_rtc.o
                0x0000000008007dac                RTC_SetCounter
 .text.RTC_SetPrescaler
                0x0000000008007ddc       0x48 _build/spl/src/stm32f10x_rtc.o
                0x0000000008007ddc                RTC_SetPrescaler
 .text.RTC_WaitForLastTask
                0x0000000008007e24       0x24 _build/spl/src/stm32f10x_rtc.o
                0x0000000008007e24                RTC_WaitForLastTask
 .text.RTC_WaitForSynchro
                0x0000000008007e48       0x34 _build/spl/src/stm32f10x_rtc.o
                0x0000000008007e48                RTC_WaitForSynchro
 .text.RTC_ClearITPendingBit
                0x0000000008007e7c       0x4c _build/spl/src/stm32f10x_rtc.o
                0x0000000008007e7c                RTC_ClearITPendingBit
 .text.TIM_DeInit
                0x0000000008007ec8      0x2c0 _build/spl/src/stm32f10x_tim.o
                0x0000000008007ec8                TIM_DeInit
 .text.TIM_TimeBaseInit
                0x0000000008008188      0x1f8 _build/spl/src/stm32f10x_tim.o
                0x0000000008008188                TIM_TimeBaseInit
 .text.TIM_OC2Init
                0x0000000008008380      0x254 _build/spl/src/stm32f10x_tim.o
                0x0000000008008380                TIM_OC2Init
 .text.TIM_Cmd  0x00000000080085d4      0x128 _build/spl/src/stm32f10x_tim.o
                0x00000000080085d4                TIM_Cmd
 .text.TIM_ITConfig
                0x00000000080086fc      0x14c _build/spl/src/stm32f10x_tim.o
                0x00000000080086fc                TIM_ITConfig
 .text.TIM_OC2PreloadConfig
                0x0000000008008848       0xc4 _build/spl/src/stm32f10x_tim.o
                0x0000000008008848                TIM_OC2PreloadConfig
 .text.TIM_SetCompare2
                0x000000000800890c       0x90 _build/spl/src/stm32f10x_tim.o
                0x000000000800890c                TIM_SetCompare2
 .text.TIM_GetITStatus
                0x000000000800899c      0x160 _build/spl/src/stm32f10x_tim.o
                0x000000000800899c                TIM_GetITStatus
 .text.TIM_ClearITPendingBit
                0x0000000008008afc      0x110 _build/spl/src/stm32f10x_tim.o
                0x0000000008008afc                TIM_ClearITPendingBit
 .text.USART_DeInit
                0x0000000008008c0c       0xec _build/spl/src/stm32f10x_usart.o
                0x0000000008008c0c                USART_DeInit
 .text.USART_Init
                0x0000000008008cf8      0x2bc _build/spl/src/stm32f10x_usart.o
                0x0000000008008cf8                USART_Init
 .text.USART_Cmd
                0x0000000008008fb4       0x9c _build/spl/src/stm32f10x_usart.o
                0x0000000008008fb4                USART_Cmd
 .text.USART_ITConfig
                0x0000000008009050      0x16c _build/spl/src/stm32f10x_usart.o
                0x0000000008009050                USART_ITConfig
 .text.USART_DMACmd
                0x00000000080091bc       0xc0 _build/spl/src/stm32f10x_usart.o
                0x00000000080091bc                USART_DMACmd
 .text.USART_ReceiveData
                0x000000000800927c       0x68 _build/spl/src/stm32f10x_usart.o
                0x000000000800927c                USART_ReceiveData
 .text.USART_GetITStatus
                0x00000000080092e4      0x18c _build/spl/src/stm32f10x_usart.o
                0x00000000080092e4                USART_GetITStatus
 .text.USART_ClearITPendingBit
                0x0000000008009470       0xe0 _build/spl/src/stm32f10x_usart.o
                0x0000000008009470                USART_ClearITPendingBit
 .text.push_pixel_850
                0x0000000008009550       0x28 _build/ugui_driver/ugui_display_8x0c.o
 .text.HW_FillArea
                0x0000000008009578       0xa0 _build/ugui_driver/ugui_display_8x0c.o
                0x0000000008009578                HW_FillArea
 .text.display_8x0C_lcd_init
                0x0000000008009618      0x2d4 _build/ugui_driver/ugui_display_8x0c.o
                0x0000000008009618                display_8x0C_lcd_init
 .text.lcd_pixel_set
                0x00000000080098ec       0xb0 _build/ugui_driver/ugui_display_8x0c.o
                0x00000000080098ec                lcd_pixel_set
 .text.wait_pulse
                0x000000000800999c       0x30 _build/ugui_driver/ugui_display_8x0c.o
                0x000000000800999c                wait_pulse
 .text.lcd_write_cycle
                0x00000000080099cc       0x1c _build/ugui_driver/ugui_display_8x0c.o
                0x00000000080099cc                lcd_write_cycle
 .text.HW_FillFrame
                0x00000000080099e8      0x144 _build/ugui_driver/ugui_display_8x0c.o
                0x00000000080099e8                HW_FillFrame
 .text.HW_DrawLine
                0x0000000008009b2c       0xc2 _build/ugui_driver/ugui_display_8x0c.o
                0x0000000008009b2c                HW_DrawLine
 *fill*         0x0000000008009bee        0x2 
 .text.lcd_write_command
                0x0000000008009bf0       0x30 _build/ugui_driver/ugui_display_8x0c.o
                0x0000000008009bf0                lcd_write_command
 .text.lcd_write_data_8bits
                0x0000000008009c20       0x20 _build/ugui_driver/ugui_display_8x0c.o
                0x0000000008009c20                lcd_write_data_8bits
 .text.adc_init
                0x0000000008009c40       0x68 _build/adc.o
                0x0000000008009c40                adc_init
 .text.battery_voltage_10x_get
                0x0000000008009ca8       0x94 _build/adc.o
                0x0000000008009ca8                battery_voltage_10x_get
 .text.battery_soc_bar_set
                0x0000000008009d3c       0xd0 _build/battery_gui.o
                0x0000000008009d3c                battery_soc_bar_set
 .text.renderBattery
                0x0000000008009e0c      0x248 _build/battery_gui.o
                0x0000000008009e0c                renderBattery
 .text.eeprom_hw_init
                0x000000000800a054        0xc _build/eeprom-hw.o
                0x000000000800a054                eeprom_hw_init
 .text.find_valid_page
                0x000000000800a060       0xc0 _build/eeprom-hw.o
                0x000000000800a060                find_valid_page
 .text.flash_read_words
                0x000000000800a120       0x5a _build/eeprom-hw.o
                0x000000000800a120                flash_read_words
 .text.eeprom_write_array
                0x000000000800a17a       0x3a _build/eeprom-hw.o
 .text.flash_write_words
                0x000000000800a1b4       0x7c _build/eeprom-hw.o
                0x000000000800a1b4                flash_write_words
 .text.eeprom_read
                0x000000000800a230       0x30 _build/eeprom-hw.o
 .text.eeprom_read_from_page
                0x000000000800a260       0x2c _build/eeprom-hw.o
 .text.eeprom_write
                0x000000000800a28c       0x5c _build/eeprom-hw.o
                0x000000000800a28c                eeprom_write
 .text.eeprom_erase_page
                0x000000000800a2e8       0x28 _build/eeprom-hw.o
 .text.HardFault_Handler
                0x000000000800a310       0x1a _build/fault.o
                0x000000000800a310                HardFault_Handler
 .text.HardFault_HandlerC
                0x000000000800a32a       0x22 _build/fault.o
                0x000000000800a32a                HardFault_HandlerC
 .text.lcd_init
                0x000000000800a34c       0x24 _build/lcd.o
                0x000000000800a34c                lcd_init
 .text.lcd_set_backlight_intensity
                0x000000000800a370       0x58 _build/lcd.o
                0x000000000800a370                lcd_set_backlight_intensity
 .text.lcd_power_off
                0x000000000800a3c8       0x30 _build/lcd.o
                0x000000000800a3c8                lcd_power_off
 .text.main     0x000000000800a3f8       0x78 _build/main.o
                0x000000000800a3f8                main
 .text.SetSysClockTo128Mhz
                0x000000000800a470       0x7c _build/main.o
                0x000000000800a470                SetSysClockTo128Mhz
 .text.mainScreenOnEnter
                0x000000000800a4ec       0x30 _build/mainscreen-850.o
 .text.mainScreenOnDirtyClean
                0x000000000800a51c      0x158 _build/mainscreen-850.o
                0x000000000800a51c                mainScreenOnDirtyClean
 .text.mainScreenOnPostUpdate
                0x000000000800a674       0x22 _build/mainscreen-850.o
                0x000000000800a674                mainScreenOnPostUpdate
 *fill*         0x000000000800a696        0x2 
 .text.battery_display
                0x000000000800a698       0x38 _build/mainscreen-850.o
                0x000000000800a698                battery_display
 .text.clock_time
                0x000000000800a6d0       0x50 _build/mainscreen-850.o
                0x000000000800a6d0                clock_time
 .text.onSetConfigurationClockHours
                0x000000000800a720       0x30 _build/mainscreen-850.o
                0x000000000800a720                onSetConfigurationClockHours
 .text.onSetConfigurationClockMinutes
                0x000000000800a750       0x30 _build/mainscreen-850.o
                0x000000000800a750                onSetConfigurationClockMinutes
 .text.onSetConfigurationDisplayLcdBacklightOnBrightness
                0x000000000800a780       0x24 _build/mainscreen-850.o
                0x000000000800a780                onSetConfigurationDisplayLcdBacklightOnBrightness
 .text.onSetConfigurationDisplayLcdBacklightOffBrightness
                0x000000000800a7a4       0x24 _build/mainscreen-850.o
                0x000000000800a7a4                onSetConfigurationDisplayLcdBacklightOffBrightness
 .text.pins_init
                0x000000000800a7c8       0xc4 _build/pins.o
                0x000000000800a7c8                pins_init
 .text.system_power
                0x000000000800a88c       0x40 _build/pins.o
                0x000000000800a88c                system_power
 .text.NVIC_ClearPendingIRQ
                0x000000000800a8cc       0x34 _build/rtc.o
 .text.RTC_IRQHandler
                0x000000000800a900       0x64 _build/rtc.o
                0x000000000800a900                RTC_IRQHandler
 .text.rtc_init
                0x000000000800a964      0x13c _build/rtc.o
                0x000000000800a964                rtc_init
 .text.rtc_set_time
                0x000000000800aaa0       0x3c _build/rtc.o
                0x000000000800aaa0                rtc_set_time
 .text.rtc_get_time
                0x000000000800aadc       0x74 _build/rtc.o
                0x000000000800aadc                rtc_get_time
 .text.rtc_get_time_since_startup
                0x000000000800ab50       0x78 _build/rtc.o
                0x000000000800ab50                rtc_get_time_since_startup
 .text.NVIC_SetPriority
                0x000000000800abc8       0x54 _build/timers.o
 .text.SysTick_Config
                0x000000000800ac1c       0x44 _build/timers.o
 .text.delay_ms
                0x000000000800ac60       0x2c _build/timers.o
                0x000000000800ac60                delay_ms
 .text.SysTick_Handler
                0x000000000800ac8c       0x28 _build/timers.o
                0x000000000800ac8c                SysTick_Handler
 .text.systick_init
                0x000000000800acb4       0x2c _build/timers.o
                0x000000000800acb4                systick_init
 .text.get_time_base_counter_1ms
                0x000000000800ace0       0x14 _build/timers.o
                0x000000000800ace0                get_time_base_counter_1ms
 .text.timer3_init
                0x000000000800acf4       0x68 _build/timers.o
                0x000000000800acf4                timer3_init
 .text.TIM4_IRQHandler
                0x000000000800ad5c       0x28 _build/timers.o
                0x000000000800ad5c                TIM4_IRQHandler
 .text.timer4_init
                0x000000000800ad84       0x68 _build/timers.o
                0x000000000800ad84                timer4_init
 .text.Display850C_rt_processing_stop
                0x000000000800adec       0x20 _build/timers.o
                0x000000000800adec                Display850C_rt_processing_stop
 .text.Display850C_rt_processing_start
                0x000000000800ae0c       0x20 _build/timers.o
                0x000000000800ae0c                Display850C_rt_processing_start
 .text.uart_get_rx_buffer_rdy
                0x000000000800ae2c       0x28 _build/uart.o
                0x000000000800ae2c                uart_get_rx_buffer_rdy
 .text.uart_get_tx_buffer
                0x000000000800ae54       0x14 _build/uart.o
                0x000000000800ae54                uart_get_tx_buffer
 .text.uart_send_tx_buffer
                0x000000000800ae68       0x1c _build/uart.o
                0x000000000800ae68                uart_send_tx_buffer
 .text.usart1_init
                0x000000000800ae84      0x144 _build/usart1.o
                0x000000000800ae84                usart1_init
 .text.USART1_IRQHandler
                0x000000000800afc8      0x14c _build/usart1.o
                0x000000000800afc8                USART1_IRQHandler
 .text.usart1_start_dma_transfer
                0x000000000800b114       0x34 _build/usart1.o
                0x000000000800b114                usart1_start_dma_transfer
 .text.usart1_get_rx_buffer
                0x000000000800b148       0x14 _build/usart1.o
                0x000000000800b148                usart1_get_rx_buffer
 .text.usart1_received_package
                0x000000000800b15c       0x18 _build/usart1.o
                0x000000000800b15c                usart1_received_package
 .text.usart1_reset_received_package
                0x000000000800b174       0x18 _build/usart1.o
                0x000000000800b174                usart1_reset_received_package
 .text.debugger_break
                0x000000000800b18c       0x10 _build/../../common/src/fault.o
 .text.app_error_fault_handler
                0x000000000800b19c      0x108 _build/../../common/src/fault.o
                0x000000000800b19c                app_error_fault_handler
 .text.__assert_func
                0x000000000800b2a4       0x2e _build/../../common/src/fault.o
                0x000000000800b2a4                __assert_func
 .text.assert_failed
                0x000000000800b2d2       0x2e _build/../../common/src/fault.o
                0x000000000800b2d2                assert_failed
 .text.buttons_get_up_state
                0x000000000800b300       0x4c _build/../../common/src/buttons.o
                0x000000000800b300                buttons_get_up_state
 .text.buttons_get_down_state
                0x000000000800b34c       0x4c _build/../../common/src/buttons.o
                0x000000000800b34c                buttons_get_down_state
 .text.buttons_get_onoff_state
                0x000000000800b398       0x24 _build/../../common/src/buttons.o
                0x000000000800b398                buttons_get_onoff_state
 .text.buttons_get_m_state
                0x000000000800b3bc       0x20 _build/../../common/src/buttons.o
                0x000000000800b3bc                buttons_get_m_state
 .text.buttons_get_onoff_click_event
                0x000000000800b3dc       0x18 _build/../../common/src/buttons.o
                0x000000000800b3dc                buttons_get_onoff_click_event
 .text.buttons_clear_onoff_click_event
                0x000000000800b3f4       0x20 _build/../../common/src/buttons.o
                0x000000000800b3f4                buttons_clear_onoff_click_event
 .text.buttons_clear_onoff_click_long_click_event
                0x000000000800b414       0x20 _build/../../common/src/buttons.o
                0x000000000800b414                buttons_clear_onoff_click_long_click_event
 .text.buttons_clear_onoff_long_click_event
                0x000000000800b434       0x20 _build/../../common/src/buttons.o
                0x000000000800b434                buttons_clear_onoff_long_click_event
 .text.buttons_get_events
                0x000000000800b454       0x14 _build/../../common/src/buttons.o
                0x000000000800b454                buttons_get_events
 .text.buttons_set_events
                0x000000000800b468       0x28 _build/../../common/src/buttons.o
                0x000000000800b468                buttons_set_events
 .text.buttons_clear_all_events
                0x000000000800b490       0x48 _build/../../common/src/buttons.o
                0x000000000800b490                buttons_clear_all_events
 .text.buttons_clock
                0x000000000800b4d8      0x408 _build/../../common/src/buttons.o
                0x000000000800b4d8                buttons_clock
 .text.map      0x000000000800b8e0       0x82 _build/../../common/src/utils.o
                0x000000000800b8e0                map
 *fill*         0x000000000800b962        0x2 
 .text.crc16    0x000000000800b964       0x6c _build/../../common/src/utils.o
                0x000000000800b964                crc16
 .text.UG_Init  0x000000000800b9d0      0x12c _build/../../common/src/ugui.o
                0x000000000800b9d0                UG_Init
 .text.UG_FontSelect
                0x000000000800bafc       0x2c _build/../../common/src/ugui.o
                0x000000000800bafc                UG_FontSelect
 .text.UG_FillScreen
                0x000000000800bb28       0x54 _build/../../common/src/ugui.o
                0x000000000800bb28                UG_FillScreen
 .text.UG_FillFrame
                0x000000000800bb7c       0xfc _build/../../common/src/ugui.o
                0x000000000800bb7c                UG_FillFrame
 .text.UG_DrawMesh
                0x000000000800bc78       0xa4 _build/../../common/src/ugui.o
                0x000000000800bc78                UG_DrawMesh
 .text.UG_DrawLine
                0x000000000800bd1c      0x1d4 _build/../../common/src/ugui.o
                0x000000000800bd1c                UG_DrawLine
 .text.UG_PutString_with_length
                0x000000000800bef0      0x144 _build/../../common/src/ugui.o
                0x000000000800bef0                UG_PutString_with_length
 .text.UG_PutString
                0x000000000800c034       0x2a _build/../../common/src/ugui.o
                0x000000000800c034                UG_PutString
 *fill*         0x000000000800c05e        0x2 
 .text.UG_PutChar
                0x000000000800c060       0x64 _build/../../common/src/ugui.o
                0x000000000800c060                UG_PutChar
 .text.UG_SetForecolor
                0x000000000800c0c4       0x24 _build/../../common/src/ugui.o
                0x000000000800c0c4                UG_SetForecolor
 .text.UG_SetBackcolor
                0x000000000800c0e8       0x24 _build/../../common/src/ugui.o
                0x000000000800c0e8                UG_SetBackcolor
 .text._UG_PutChar
                0x000000000800c10c      0x514 _build/../../common/src/ugui.o
                0x000000000800c10c                _UG_PutChar
 .text.UG_DriverRegister
                0x000000000800c620       0x44 _build/../../common/src/ugui.o
                0x000000000800c620                UG_DriverRegister
 .text._UG_Refresh
                0x000000000800c664       0x30 _build/../../common/src/ugui.o
                0x000000000800c664                _UG_Refresh
 .text.get_ui_vars
                0x000000000800c694       0x14 _build/../../common/src/state.o
                0x000000000800c694                get_ui_vars
 .text.get_rt_vars
                0x000000000800c6a8       0x14 _build/../../common/src/state.o
                0x000000000800c6a8                get_rt_vars
 .text.set_lcd_backlight
                0x000000000800c6bc       0x2c _build/../../common/src/state.o
                0x000000000800c6bc                set_lcd_backlight
 .text.fake     0x000000000800c6e8       0x4c _build/../../common/src/state.o
 .text.fakeWave
                0x000000000800c734       0x48 _build/../../common/src/state.o
 .text.fakeRandom
                0x000000000800c77c       0x78 _build/../../common/src/state.o
 *fill*         0x000000000800c7f4        0x4 
 .text.parse_simmotor
                0x000000000800c7f8      0x220 _build/../../common/src/state.o
                0x000000000800c7f8                parse_simmotor
 .text.rt_send_tx_package
                0x000000000800ca18      0x54c _build/../../common/src/state.o
                0x000000000800ca18                rt_send_tx_package
 .text.rt_low_pass_filter_battery_voltage_current_power
                0x000000000800cf64      0x140 _build/../../common/src/state.o
                0x000000000800cf64                rt_low_pass_filter_battery_voltage_current_power
 .text.rt_low_pass_filter_pedal_power
                0x000000000800d0a4       0x50 _build/../../common/src/state.o
                0x000000000800d0a4                rt_low_pass_filter_pedal_power
 .text.rt_calc_battery_voltage_soc
                0x000000000800d0f4       0x40 _build/../../common/src/state.o
                0x000000000800d0f4                rt_calc_battery_voltage_soc
 .text.rt_calc_wh
                0x000000000800d134       0xc0 _build/../../common/src/state.o
                0x000000000800d134                rt_calc_wh
 .text.reset_wh
                0x000000000800d1f4       0x2c _build/../../common/src/state.o
                0x000000000800d1f4                reset_wh
 .text.rt_calc_odometer
                0x000000000800d220      0x118 _build/../../common/src/state.o
 .text.rt_calc_trips
                0x000000000800d338      0x244 _build/../../common/src/state.o
 .text.rt_low_pass_filter_pedal_cadence
                0x000000000800d57c       0x60 _build/../../common/src/state.o
 .text.rt_first_time_management
                0x000000000800d5dc       0xd8 _build/../../common/src/state.o
                0x000000000800d5dc                rt_first_time_management
 .text.rt_calc_battery_soc
                0x000000000800d6b4       0x58 _build/../../common/src/state.o
                0x000000000800d6b4                rt_calc_battery_soc
 .text.rt_processing_stop
                0x000000000800d70c        0xc _build/../../common/src/state.o
                0x000000000800d70c                rt_processing_stop
 .text.rt_processing_start
                0x000000000800d718        0xc _build/../../common/src/state.o
                0x000000000800d718                rt_processing_start
 .text.copy_rt_to_ui_vars
                0x000000000800d724      0x590 _build/../../common/src/state.o
                0x000000000800d724                copy_rt_to_ui_vars
 .text.automatic_power_off_management
                0x000000000800dcb4       0x78 _build/../../common/src/state.o
                0x000000000800dcb4                automatic_power_off_management
 .text.communications
                0x000000000800dd2c      0x4c8 _build/../../common/src/state.o
                0x000000000800dd2c                communications
 .text.rt_processing
                0x000000000800e1f4       0x38 _build/../../common/src/state.o
                0x000000000800e1f4                rt_processing
 .text.prepare_torque_sensor_calibration_table
                0x000000000800e22c        0xc _build/../../common/src/state.o
                0x000000000800e22c                prepare_torque_sensor_calibration_table
 .text.motor_init
                0x000000000800e238      0x298 _build/../../common/src/state.o
 .text.getBackColor
                0x000000000800e4d0       0x32 _build/../../common/src/screen.o
 .text.getForeColor
                0x000000000800e502       0x42 _build/../../common/src/screen.o
 .text.autoTextHeight
                0x000000000800e544       0x48 _build/../../common/src/screen.o
 .text.renderDrawTextCommon
                0x000000000800e58c       0xdc _build/../../common/src/screen.o
                0x000000000800e58c                renderDrawTextCommon
 .text.renderDrawTextRW
                0x000000000800e668       0x22 _build/../../common/src/screen.o
 .text.renderDrawTextRO
                0x000000000800e68a       0x20 _build/../../common/src/screen.o
 *fill*         0x000000000800e6aa        0x2 
 .text.renderFill
                0x000000000800e6ac       0xac _build/../../common/src/screen.o
 .text.renderMesh
                0x000000000800e758       0xac _build/../../common/src/screen.o
 .text.drawSelectionMarkerForced
                0x000000000800e804       0xbc _build/../../common/src/screen.o
 .text.drawSelectionMarker
                0x000000000800e8c0       0x8a _build/../../common/src/screen.o
 .text.drawBorder
                0x000000000800e94a      0x190 _build/../../common/src/screen.o
 *fill*         0x000000000800eada        0x2 
 .text.getField
                0x000000000800eadc       0x94 _build/../../common/src/screen.o
 .text.needsRender
                0x000000000800eb70       0xac _build/../../common/src/screen.o
 .text.renderField
                0x000000000800ec1c       0x30 _build/../../common/src/screen.o
 .text.renderLayouts
                0x000000000800ec4c      0x21c _build/../../common/src/screen.o
                0x000000000800ec4c                renderLayouts
 .text.getActiveScrollable
                0x000000000800ee68       0x2c _build/../../common/src/screen.o
 .text.enterScrollable
                0x000000000800ee94       0x7c _build/../../common/src/screen.o
 .text.exitScrollable
                0x000000000800ef10       0x74 _build/../../common/src/screen.o
 .text.renderActiveScrollable
                0x000000000800ef84      0x380 _build/../../common/src/screen.o
 .text.renderScrollable
                0x000000000800f304       0x48 _build/../../common/src/screen.o
 .text.getEditableNumber
                0x000000000800f34c      0x158 _build/../../common/src/screen.o
 .text.convertUnits
                0x000000000800f4a4       0xec _build/../../common/src/screen.o
                0x000000000800f4a4                convertUnits
 .text.convertToImperialIfNeeded
                0x000000000800f590       0xa4 _build/../../common/src/screen.o
                0x000000000800f590                convertToImperialIfNeeded
 .text.setEditableNumber
                0x000000000800f634      0x110 _build/../../common/src/screen.o
 .text.countEnumOptions
                0x000000000800f744       0x32 _build/../../common/src/screen.o
 *fill*         0x000000000800f776        0x2 
 .text.changeEditable
                0x000000000800f778      0x118 _build/../../common/src/screen.o
 .text.getUnits
                0x000000000800f890       0xa4 _build/../../common/src/screen.o
 .text.getEditableString
                0x000000000800f934      0x114 _build/../../common/src/screen.o
 .text.putStringCentered
                0x000000000800fa48       0xdc _build/../../common/src/screen.o
 .text.putStringRight
                0x000000000800fb24       0x74 _build/../../common/src/screen.o
 .text.putStringLeft
                0x000000000800fb98       0x40 _build/../../common/src/screen.o
 .text.putAligned
                0x000000000800fbd8      0x140 _build/../../common/src/screen.o
 .text.updateReadOnlyStr
                0x000000000800fd18       0x54 _build/../../common/src/screen.o
                0x000000000800fd18                updateReadOnlyStr
 .text.updateReadOnlyLabelStr
                0x000000000800fd6c       0x2a _build/../../common/src/screen.o
                0x000000000800fd6c                updateReadOnlyLabelStr
 .text.getEditableColor
                0x000000000800fd96      0x226 _build/../../common/src/screen.o
                0x000000000800fd96                getEditableColor
 .text.renderEditable
                0x000000000800ffbc      0x818 _build/../../common/src/screen.o
 .text.renderCustom
                0x00000000080107d4       0x40 _build/../../common/src/screen.o
 .text.graphClear
                0x0000000008010814       0x7c _build/../../common/src/screen.o
 .text.graphLabelAxisCustomize
                0x0000000008010890      0x280 _build/../../common/src/screen.o
 .text.graphLabelAxis
                0x0000000008010b10      0x28c _build/../../common/src/screen.o
 .text.graphScaleY
                0x0000000008010d9c       0x40 _build/../../common/src/screen.o
 .text.graphDrawPoints
                0x0000000008010ddc      0x7c4 _build/../../common/src/screen.o
 .text.renderGraph
                0x00000000080115a0      0x230 _build/../../common/src/screen.o
 .text.renderCustomizable
                0x00000000080117d0       0x22 _build/../../common/src/screen.o
 *fill*         0x00000000080117f2        0x2 
 .text.renderEnd
                0x00000000080117f4       0x24 _build/../../common/src/screen.o
 .text.forceScrollableRender
                0x0000000008011818       0x38 _build/../../common/src/screen.o
 .text.setActiveEditable
                0x0000000008011850       0x90 _build/../../common/src/screen.o
 .text.onPressEditable
                0x00000000080118e0       0x84 _build/../../common/src/screen.o
 .text.countEntries
                0x0000000008011964       0x40 _build/../../common/src/screen.o
                0x0000000008011964                countEntries
 .text.onPressScrollable
                0x00000000080119a4      0x180 _build/../../common/src/screen.o
 .text.selectNextCustomizableField
                0x0000000008011b24       0xd4 _build/../../common/src/screen.o
 .text.changeCurrentCustomizableField
                0x0000000008011bf8       0xac _build/../../common/src/screen.o
 .text.changeXAxis
                0x0000000008011ca4       0xa0 _build/../../common/src/screen.o
 .text.onPressCustomizing
                0x0000000008011d44      0x184 _build/../../common/src/screen.o
 .text.screenOnPress
                0x0000000008011ec8       0xec _build/../../common/src/screen.o
                0x0000000008011ec8                screenOnPress
 .text.panicScreenShow
                0x0000000008011fb4       0x54 _build/../../common/src/screen.o
                0x0000000008011fb4                panicScreenShow
 .text.screenShow
                0x0000000008012008       0x40 _build/../../common/src/screen.o
                0x0000000008012008                screenShow
 .text.screenUpdate
                0x0000000008012048      0x100 _build/../../common/src/screen.o
                0x0000000008012048                screenUpdate
 .text.fieldPrintf
                0x0000000008012148       0x8c _build/../../common/src/screen.o
                0x0000000008012148                fieldPrintf
 .text.updateGraphData
                0x00000000080121d4      0x334 _build/../../common/src/screen.o
                0x00000000080121d4                updateGraphData
 .text.rt_graph_process
                0x0000000008012508      0x254 _build/../../common/src/screen.o
                0x0000000008012508                rt_graph_process
 .text.graph_init
                0x000000000801275c       0xc8 _build/../../common/src/screen.o
                0x000000000801275c                graph_init
 .text.update_battery_power_usage_label
                0x0000000008012824       0x48 _build/../../common/src/screen.o
                0x0000000008012824                update_battery_power_usage_label
 .text.screen_init
                0x000000000801286c      0x310 _build/../../common/src/screen.o
                0x000000000801286c                screen_init
 .text.bootScreenOnPreUpdate
                0x0000000008012b7c       0x78 _build/../../common/src/mainscreen.o
 .text.bootScreenOnExit
                0x0000000008012bf4       0x18 _build/../../common/src/mainscreen.o
                0x0000000008012bf4                bootScreenOnExit
 .text.anyscreen_onpress
                0x0000000008012c0c       0x64 _build/../../common/src/mainscreen.o
                0x0000000008012c0c                anyscreen_onpress
 .text.onPressAlternateField
                0x0000000008012c70      0x2d8 _build/../../common/src/mainscreen.o
 .text.onPressStreetMode
                0x0000000008012f48       0x5c _build/../../common/src/mainscreen.o
 .text.mainScreenOnPress
                0x0000000008012fa4      0x148 _build/../../common/src/mainscreen.o
                0x0000000008012fa4                mainScreenOnPress
 .text.set_conversions
                0x00000000080130ec       0x40 _build/../../common/src/mainscreen.o
                0x00000000080130ec                set_conversions
 .text.lcd_main_screen
                0x000000000801312c       0x28 _build/../../common/src/mainscreen.o
                0x000000000801312c                lcd_main_screen
 .text.wheel_speed
                0x0000000008013154       0x68 _build/../../common/src/mainscreen.o
                0x0000000008013154                wheel_speed
 .text.alternatField
                0x00000000080131bc      0x118 _build/../../common/src/mainscreen.o
                0x00000000080131bc                alternatField
 .text.streetMode
                0x00000000080132d4       0x44 _build/../../common/src/mainscreen.o
                0x00000000080132d4                streetMode
 .text.screen_clock
                0x0000000008013318       0x7c _build/../../common/src/mainscreen.o
                0x0000000008013318                screen_clock
 .text.thresholds
                0x0000000008013394      0x6fc _build/../../common/src/mainscreen.o
                0x0000000008013394                thresholds
 .text.up_time  0x0000000008013a90       0x54 _build/../../common/src/mainscreen.o
                0x0000000008013a90                up_time
 .text.trip_time
                0x0000000008013ae4       0x30 _build/../../common/src/mainscreen.o
                0x0000000008013ae4                trip_time
 .text.updateTripTime
                0x0000000008013b14       0xdc _build/../../common/src/mainscreen.o
                0x0000000008013b14                updateTripTime
 .text.renderWarning
                0x0000000008013bf0       0x38 _build/../../common/src/mainscreen.o
 .text.setWarning
                0x0000000008013c28       0x74 _build/../../common/src/mainscreen.o
                0x0000000008013c28                setWarning
 .text.warnings
                0x0000000008013c9c      0x2a8 _build/../../common/src/mainscreen.o
                0x0000000008013c9c                warnings
 .text.battery_soc
                0x0000000008013f44       0x80 _build/../../common/src/mainscreen.o
                0x0000000008013f44                battery_soc
 .text.time     0x0000000008013fc4       0xcc _build/../../common/src/mainscreen.o
                0x0000000008013fc4                time
 .text.walk_assist_state
                0x0000000008014090       0x68 _build/../../common/src/mainscreen.o
                0x0000000008014090                walk_assist_state
 .text.showNextScreen
                0x00000000080140f8       0x50 _build/../../common/src/mainscreen.o
                0x00000000080140f8                showNextScreen
 .text.appwide_onpress
                0x0000000008014148       0xb8 _build/../../common/src/mainscreen.o
 .text.handle_buttons
                0x0000000008014200      0x108 _build/../../common/src/mainscreen.o
 .text.main_idle
                0x0000000008014308       0x3c _build/../../common/src/mainscreen.o
                0x0000000008014308                main_idle
 .text.batteryTotalWh
                0x0000000008014344       0x28 _build/../../common/src/mainscreen.o
                0x0000000008014344                batteryTotalWh
 .text.DisplayResetToDefaults
                0x000000000801436c       0x64 _build/../../common/src/mainscreen.o
                0x000000000801436c                DisplayResetToDefaults
 .text.TripMemoriesReset
                0x00000000080143d0       0x94 _build/../../common/src/mainscreen.o
                0x00000000080143d0                TripMemoriesReset
 .text.BatterySOCReset
                0x0000000008014464       0x8c _build/../../common/src/mainscreen.o
                0x0000000008014464                BatterySOCReset
 .text.DisplayResetBluetoothPeers
                0x00000000080144f0        0xc _build/../../common/src/mainscreen.o
                0x00000000080144f0                DisplayResetBluetoothPeers
 .text.batteryCurrent
                0x00000000080144fc       0x20 _build/../../common/src/mainscreen.o
                0x00000000080144fc                batteryCurrent
 .text.batteryResistance
                0x000000000801451c      0x114 _build/../../common/src/mainscreen.o
                0x000000000801451c                batteryResistance
 .text.motorCurrent
                0x0000000008014630       0x20 _build/../../common/src/mainscreen.o
                0x0000000008014630                motorCurrent
 .text.onSetConfigurationWheelOdometer
                0x0000000008014650       0x20 _build/../../common/src/mainscreen.o
                0x0000000008014650                onSetConfigurationWheelOdometer
 .text.batteryPower
                0x0000000008014670       0x7c _build/../../common/src/mainscreen.o
                0x0000000008014670                batteryPower
 .text.pedalPower
                0x00000000080146ec       0xa8 _build/../../common/src/mainscreen.o
                0x00000000080146ec                pedalPower
 .text.onSetConfigurationBatterySOCUsedWh
                0x0000000008014794       0x20 _build/../../common/src/mainscreen.o
                0x0000000008014794                onSetConfigurationBatterySOCUsedWh
 .text.configScreenOnEnter
                0x00000000080147b4       0x30 _build/../../common/src/configscreen.o
 .text.configExit
                0x00000000080147e4       0x2c _build/../../common/src/configscreen.o
 .text.configPreUpdate
                0x0000000008014810        0xc _build/../../common/src/configscreen.o
 .text.eeprom_init
                0x000000000801481c       0x5c _build/../../common/src/eeprom.o
                0x000000000801481c                eeprom_init
 .text.eeprom_init_variables
                0x0000000008014878      0xab0 _build/../../common/src/eeprom.o
                0x0000000008014878                eeprom_init_variables
 .text.eeprom_write_variables
                0x0000000008015328      0x7cc _build/../../common/src/eeprom.o
                0x0000000008015328                eeprom_write_variables
 .text.eeprom_init_defaults
                0x0000000008015af4       0x14 _build/../../common/src/eeprom.o
                0x0000000008015af4                eeprom_init_defaults
 .text.Reset_Handler
                0x0000000008015b08       0x44 startup_stm32f10x_md.o
                0x0000000008015b08                Reset_Handler
 .text.Default_Handler
                0x0000000008015b4c        0x2 startup_stm32f10x_md.o
                0x0000000008015b4c                EXTI2_IRQHandler
                0x0000000008015b4c                DebugMon_Handler
                0x0000000008015b4c                TIM1_CC_IRQHandler
                0x0000000008015b4c                PVD_IRQHandler
                0x0000000008015b4c                PendSV_Handler
                0x0000000008015b4c                NMI_Handler
                0x0000000008015b4c                EXTI3_IRQHandler
                0x0000000008015b4c                EXTI0_IRQHandler
                0x0000000008015b4c                I2C2_EV_IRQHandler
                0x0000000008015b4c                UsageFault_Handler
                0x0000000008015b4c                ADC1_2_IRQHandler
                0x0000000008015b4c                SPI1_IRQHandler
                0x0000000008015b4c                TAMPER_IRQHandler
                0x0000000008015b4c                DMA1_Channel4_IRQHandler
                0x0000000008015b4c                USART3_IRQHandler
                0x0000000008015b4c                DMA1_Channel7_IRQHandler
                0x0000000008015b4c                CAN1_RX1_IRQHandler
                0x0000000008015b4c                I2C1_EV_IRQHandler
                0x0000000008015b4c                DMA1_Channel6_IRQHandler
                0x0000000008015b4c                TIM3_IRQHandler
                0x0000000008015b4c                RCC_IRQHandler
                0x0000000008015b4c                TIM1_TRG_COM_IRQHandler
                0x0000000008015b4c                DMA1_Channel1_IRQHandler
                0x0000000008015b4c                Default_Handler
                0x0000000008015b4c                EXTI15_10_IRQHandler
                0x0000000008015b4c                EXTI9_5_IRQHandler
                0x0000000008015b4c                SPI2_IRQHandler
                0x0000000008015b4c                MemManage_Handler
                0x0000000008015b4c                SVC_Handler
                0x0000000008015b4c                DMA1_Channel5_IRQHandler
                0x0000000008015b4c                EXTI4_IRQHandler
                0x0000000008015b4c                USB_LP_CAN1_RX0_IRQHandler
                0x0000000008015b4c                USB_HP_CAN1_TX_IRQHandler
                0x0000000008015b4c                DMA1_Channel3_IRQHandler
                0x0000000008015b4c                TIM1_UP_IRQHandler
                0x0000000008015b4c                WWDG_IRQHandler
                0x0000000008015b4c                TIM2_IRQHandler
                0x0000000008015b4c                TIM1_BRK_IRQHandler
                0x0000000008015b4c                EXTI1_IRQHandler
                0x0000000008015b4c                RTCAlarm_IRQHandler
                0x0000000008015b4c                USART2_IRQHandler
                0x0000000008015b4c                I2C2_ER_IRQHandler
                0x0000000008015b4c                DMA1_Channel2_IRQHandler
                0x0000000008015b4c                CAN1_SCE_IRQHandler
                0x0000000008015b4c                FLASH_IRQHandler
                0x0000000008015b4c                BusFault_Handler
                0x0000000008015b4c                I2C1_ER_IRQHandler
                0x0000000008015b4c                USBWakeUp_IRQHandler
 .text.abort    0x0000000008015b4e        0xe /usr/lib/gcc/arm-none-eabi/11.2.0/../../../../arm-none-eabi/lib/thumb/v7-m/nofp/libc_nano.a(lib_a-abort.o)
                0x0000000008015b4e                abort
 .text.atoi     0x0000000008015b5c        0x8 /usr/lib/gcc/arm-none-eabi/11.2.0/../../../../arm-none-eabi/lib/thumb/v7-m/nofp/libc_nano.a(lib_a-atoi.o)
                0x0000000008015b5c                atoi
 .text.memcpy   0x0000000008015b64       0x1c /usr/lib/gcc/arm-none-eabi/11.2.0/../../../../arm-none-eabi/lib/thumb/v7-m/nofp/libc_nano.a(lib_a-memcpy-stub.o)
                0x0000000008015b64                memcpy
 .text.memset   0x0000000008015b80       0x10 /usr/lib/gcc/arm-none-eabi/11.2.0/../../../../arm-none-eabi/lib/thumb/v7-m/nofp/libc_nano.a(lib_a-memset.o)
                0x0000000008015b80                memset
 .text.rand     0x0000000008015b90       0x7c /usr/lib/gcc/arm-none-eabi/11.2.0/../../../../arm-none-eabi/lib/thumb/v7-m/nofp/libc_nano.a(lib_a-rand.o)
                0x0000000008015b90                rand
 .text._raise_r
                0x0000000008015c0c       0x50 /usr/lib/gcc/arm-none-eabi/11.2.0/../../../../arm-none-eabi/lib/thumb/v7-m/nofp/libc_nano.a(lib_a-signal.o)
                0x0000000008015c0c                _raise_r
 .text.raise    0x0000000008015c5c       0x10 /usr/lib/gcc/arm-none-eabi/11.2.0/../../../../arm-none-eabi/lib/thumb/v7-m/nofp/libc_nano.a(lib_a-signal.o)
                0x0000000008015c5c                raise
 .text._kill_r  0x0000000008015c6c       0x24 /usr/lib/gcc/arm-none-eabi/11.2.0/../../../../arm-none-eabi/lib/thumb/v7-m/nofp/libc_nano.a(lib_a-signalr.o)
                0x0000000008015c6c                _kill_r
 .text._getpid_r
                0x0000000008015c90        0x4 /usr/lib/gcc/arm-none-eabi/11.2.0/../../../../arm-none-eabi/lib/thumb/v7-m/nofp/libc_nano.a(lib_a-signalr.o)
                0x0000000008015c90                _getpid_r
 .text.snprintf
                0x0000000008015c94       0x68 /usr/lib/gcc/arm-none-eabi/11.2.0/../../../../arm-none-eabi/lib/thumb/v7-m/nofp/libc_nano.a(lib_a-snprintf.o)
                0x0000000008015c94                snprintf
                0x0000000008015c94                sniprintf
 .text.sprintf  0x0000000008015cfc       0x40 /usr/lib/gcc/arm-none-eabi/11.2.0/../../../../arm-none-eabi/lib/thumb/v7-m/nofp/libc_nano.a(lib_a-sprintf.o)
                0x0000000008015cfc                sprintf
                0x0000000008015cfc                siprintf
 .text.strcasecmp
                0x0000000008015d3c       0x34 /usr/lib/gcc/arm-none-eabi/11.2.0/../../../../arm-none-eabi/lib/thumb/v7-m/nofp/libc_nano.a(lib_a-strcasecmp.o)
                0x0000000008015d3c                strcasecmp
 .text.strcpy   0x0000000008015d70       0x10 /usr/lib/gcc/arm-none-eabi/11.2.0/../../../../arm-none-eabi/lib/thumb/v7-m/nofp/libc_nano.a(lib_a-strcpy.o)
                0x0000000008015d70                strcpy
 .text.strncmp  0x0000000008015d80       0x28 /usr/lib/gcc/arm-none-eabi/11.2.0/../../../../arm-none-eabi/lib/thumb/v7-m/nofp/libc_nano.a(lib_a-strncmp.o)
                0x0000000008015d80                strncmp
 .text.strncpy  0x0000000008015da8       0x26 /usr/lib/gcc/arm-none-eabi/11.2.0/../../../../arm-none-eabi/lib/thumb/v7-m/nofp/libc_nano.a(lib_a-strncpy.o)
                0x0000000008015da8                strncpy
 *fill*         0x0000000008015dce        0x2 
 .text._strtol_l.constprop.0
                0x0000000008015dd0       0xf8 /usr/lib/gcc/arm-none-eabi/11.2.0/../../../../arm-none-eabi/lib/thumb/v7-m/nofp/libc_nano.a(lib_a-strtol.o)
 .text.strtol   0x0000000008015ec8       0x14 /usr/lib/gcc/arm-none-eabi/11.2.0/../../../../arm-none-eabi/lib/thumb/v7-m/nofp/libc_nano.a(lib_a-strtol.o)
                0x0000000008015ec8                strtol
 .text._vsnprintf_r
                0x0000000008015edc       0x56 /usr/lib/gcc/arm-none-eabi/11.2.0/../../../../arm-none-eabi/lib/thumb/v7-m/nofp/libc_nano.a(lib_a-vsnprintf.o)
                0x0000000008015edc                _vsnprintf_r
                0x0000000008015edc                _vsniprintf_r
 *fill*         0x0000000008015f32        0x2 
 .text.vsnprintf
                0x0000000008015f34       0x1c /usr/lib/gcc/arm-none-eabi/11.2.0/../../../../arm-none-eabi/lib/thumb/v7-m/nofp/libc_nano.a(lib_a-vsnprintf.o)
                0x0000000008015f34                vsnprintf
                0x0000000008015f34                vsniprintf
 .text.__errno  0x0000000008015f50        0xc /usr/lib/gcc/arm-none-eabi/11.2.0/../../../../arm-none-eabi/lib/thumb/v7-m/nofp/libc_nano.a(lib_a-errno.o)
                0x0000000008015f50                __errno
 .text.malloc   0x0000000008015f5c       0x10 /usr/lib/gcc/arm-none-eabi/11.2.0/../../../../arm-none-eabi/lib/thumb/v7-m/nofp/libc_nano.a(lib_a-malloc.o)
                0x0000000008015f5c                malloc
 .text._free_r  0x0000000008015f6c       0x90 /usr/lib/gcc/arm-none-eabi/11.2.0/../../../../arm-none-eabi/lib/thumb/v7-m/nofp/libc_nano.a(lib_a-nano-freer.o)
                0x0000000008015f6c                _free_r
 .text._malloc_r
                0x0000000008015ffc       0xb4 /usr/lib/gcc/arm-none-eabi/11.2.0/../../../../arm-none-eabi/lib/thumb/v7-m/nofp/libc_nano.a(lib_a-nano-mallocr.o)
                0x0000000008015ffc                _malloc_r
 .text.__ssputs_r
                0x00000000080160b0       0xb6 /usr/lib/gcc/arm-none-eabi/11.2.0/../../../../arm-none-eabi/lib/thumb/v7-m/nofp/libc_nano.a(lib_a-nano-svfprintf.o)
                0x00000000080160b0                __ssputs_r
 *fill*         0x0000000008016166        0x2 
 .text._svfprintf_r
                0x0000000008016168      0x200 /usr/lib/gcc/arm-none-eabi/11.2.0/../../../../arm-none-eabi/lib/thumb/v7-m/nofp/libc_nano.a(lib_a-nano-svfprintf.o)
                0x0000000008016168                _svfprintf_r
                0x0000000008016168                _svfiprintf_r
 .text._printf_common
                0x0000000008016368       0xde /usr/lib/gcc/arm-none-eabi/11.2.0/../../../../arm-none-eabi/lib/thumb/v7-m/nofp/libc_nano.a(lib_a-nano-vfprintf_i.o)
                0x0000000008016368                _printf_common
 *fill*         0x0000000008016446        0x2 
 .text._printf_i
                0x0000000008016448      0x24c /usr/lib/gcc/arm-none-eabi/11.2.0/../../../../arm-none-eabi/lib/thumb/v7-m/nofp/libc_nano.a(lib_a-nano-vfprintf_i.o)
                0x0000000008016448                _printf_i
 .text._sbrk_r  0x0000000008016694       0x20 /usr/lib/gcc/arm-none-eabi/11.2.0/../../../../arm-none-eabi/lib/thumb/v7-m/nofp/libc_nano.a(lib_a-sbrkr.o)
                0x0000000008016694                _sbrk_r
 .text.memchr   0x00000000080166b4       0x1c /usr/lib/gcc/arm-none-eabi/11.2.0/../../../../arm-none-eabi/lib/thumb/v7-m/nofp/libc_nano.a(lib_a-memchr-stub.o)
                0x00000000080166b4                memchr
 .text.memmove  0x00000000080166d0       0x34 /usr/lib/gcc/arm-none-eabi/11.2.0/../../../../arm-none-eabi/lib/thumb/v7-m/nofp/libc_nano.a(lib_a-memmove.o)
                0x00000000080166d0                memmove
 .text.__malloc_lock
                0x0000000008016704        0xc /usr/lib/gcc/arm-none-eabi/11.2.0/../../../../arm-none-eabi/lib/thumb/v7-m/nofp/libc_nano.a(lib_a-mlock.o)
                0x0000000008016704                __malloc_lock
 .text.__malloc_unlock
                0x0000000008016710        0xc /usr/lib/gcc/arm-none-eabi/11.2.0/../../../../arm-none-eabi/lib/thumb/v7-m/nofp/libc_nano.a(lib_a-mlock.o)
                0x0000000008016710                __malloc_unlock
 .text._realloc_r
                0x000000000801671c       0x5e /usr/lib/gcc/arm-none-eabi/11.2.0/../../../../arm-none-eabi/lib/thumb/v7-m/nofp/libc_nano.a(lib_a-nano-reallocr.o)
                0x000000000801671c                _realloc_r
 .text.__retarget_lock_acquire_recursive
                0x000000000801677a        0x2 /usr/lib/gcc/arm-none-eabi/11.2.0/../../../../arm-none-eabi/lib/thumb/v7-m/nofp/libc_nano.a(lib_a-lock.o)
                0x000000000801677a                __retarget_lock_acquire_recursive
 .text.__retarget_lock_release_recursive
                0x000000000801677c        0x2 /usr/lib/gcc/arm-none-eabi/11.2.0/../../../../arm-none-eabi/lib/thumb/v7-m/nofp/libc_nano.a(lib_a-lock.o)
                0x000000000801677c                __retarget_lock_release_recursive
 .text._malloc_usable_size_r
                0x000000000801677e       0x10 /usr/lib/gcc/arm-none-eabi/11.2.0/../../../../arm-none-eabi/lib/thumb/v7-m/nofp/libc_nano.a(lib_a-nano-msizer.o)
                0x000000000801677e                _malloc_usable_size_r
 *fill*         0x000000000801678e        0x2 
 .text._getpid  0x0000000008016790       0x10 /usr/lib/gcc/arm-none-eabi/11.2.0/../../../../arm-none-eabi/lib/thumb/v7-m/nofp/libnosys.a(getpid.o)
                0x0000000008016790                _getpid
 .text._kill    0x00000000080167a0       0x10 /usr/lib/gcc/arm-none-eabi/11.2.0/../../../../arm-none-eabi/lib/thumb/v7-m/nofp/libnosys.a(kill.o)
                0x00000000080167a0                _kill
 .text._sbrk    0x00000000080167b0       0x1c /usr/lib/gcc/arm-none-eabi/11.2.0/../../../../arm-none-eabi/lib/thumb/v7-m/nofp/libnosys.a(sbrk.o)
                0x00000000080167b0                _sbrk
 .text._exit    0x00000000080167cc        0x4 /usr/lib/gcc/arm-none-eabi/11.2.0/../../../../arm-none-eabi/lib/thumb/v7-m/nofp/libnosys.a(_exit.o)
                0x00000000080167cc                _exit
 *(.rodata)
 .rodata        0x00000000080167d0        0xf _build/spl/src/misc.o
 *fill*         0x00000000080167df        0x1 
 .rodata        0x00000000080167e0       0x18 _build/spl/src/stm32f10x_adc.o
 .rodata        0x00000000080167f8       0x18 _build/spl/src/stm32f10x_bkp.o
 .rodata        0x0000000008016810       0x18 _build/spl/src/stm32f10x_dma.o
 .rodata        0x0000000008016828       0x1a _build/spl/src/stm32f10x_flash.o
 *fill*         0x0000000008016842        0x2 
 .rodata        0x0000000008016844       0x19 _build/spl/src/stm32f10x_gpio.o
 *fill*         0x000000000801685d        0x3 
 .rodata        0x0000000008016860       0x18 _build/spl/src/stm32f10x_pwr.o
 .rodata        0x0000000008016878       0x18 _build/spl/src/stm32f10x_rcc.o
 .rodata        0x0000000008016890       0x18 _build/spl/src/stm32f10x_rtc.o
 .rodata        0x00000000080168a8       0x18 _build/spl/src/stm32f10x_tim.o
 .rodata        0x00000000080168c0       0x1a _build/spl/src/stm32f10x_usart.o
 *fill*         0x00000000080168da        0x2 
 .rodata        0x00000000080168dc       0x1b _build/mainscreen-850.o
 *fill*         0x00000000080168f7        0x1 
 .rodata        0x00000000080168f8       0x4e _build/../../common/src/fault.o
 *fill*         0x0000000008016946        0x2 
 .rodata        0x0000000008016948       0x71 _build/../../common/src/state.o
 *fill*         0x00000000080169b9        0x3 
 .rodata        0x00000000080169bc      0x26e _build/../../common/src/screen.o
 *fill*         0x0000000008016c2a        0x2 
 .rodata        0x0000000008016c2c      0x37c _build/../../common/src/mainscreen.o
 .rodata        0x0000000008016fa8      0x9a7 _build/../../common/src/configscreen.o
 *(.rodata*)
 *fill*         0x000000000801794f        0x1 
 .rodata.batteryField
                0x0000000008017950       0x2c _build/mainscreen-850.o
                0x0000000008017950                batteryField
 .rodata.faultHeading
                0x000000000801797c       0x2c _build/../../common/src/fault.o
                0x000000000801797c                faultHeading
 .rodata.faultCode
                0x00000000080179a8       0x2c _build/../../common/src/fault.o
                0x00000000080179a8                faultCode
 .rodata.addrHeading
                0x00000000080179d4       0x2c _build/../../common/src/fault.o
                0x00000000080179d4                addrHeading
 .rodata.addrCode
                0x0000000008017a00       0x2c _build/../../common/src/fault.o
                0x0000000008017a00                addrCode
 .rodata.infoHeading
                0x0000000008017a2c       0x2c _build/../../common/src/fault.o
                0x0000000008017a2c                infoHeading
 .rodata.infoCode
                0x0000000008017a58       0x2c _build/../../common/src/fault.o
                0x0000000008017a58                infoCode
 .rodata.font_10x16
                0x0000000008017a84     0x2000 _build/../../common/src/ugui.o
                0x0000000008017a84                font_10x16
 .rodata.font_12x20
                0x0000000008019a84     0x2800 _build/../../common/src/ugui.o
                0x0000000008019a84                font_12x20
 .rodata.font_16x26
                0x000000000801c284     0x3400 _build/../../common/src/ugui.o
                0x000000000801c284                font_16x26
 .rodata.font_24x40
                0x000000000801f684     0x7800 _build/../../common/src/ugui.o
                0x000000000801f684                font_24x40
 .rodata.FONT_10X16
                0x0000000008026e84       0x14 _build/../../common/src/ugui.o
                0x0000000008026e84                FONT_10X16
 .rodata.FONT_12X20
                0x0000000008026e98       0x14 _build/../../common/src/ugui.o
                0x0000000008026e98                FONT_12X20
 .rodata.FONT_16X26
                0x0000000008026eac       0x14 _build/../../common/src/ugui.o
                0x0000000008026eac                FONT_16X26
 .rodata.FONT_24X40
                0x0000000008026ec0       0x14 _build/../../common/src/ugui.o
                0x0000000008026ec0                FONT_24X40
 .rodata.BITS_FONT_61X99
                0x0000000008026ed4    0x125e8 _build/../../common/src/fonts.o
 .rodata.FONT_61X99
                0x00000000080394bc       0x14 _build/../../common/src/fonts.o
                0x00000000080394bc                FONT_61X99
 .rodata.BITS_FONT_45X72
                0x00000000080394d0     0xa050 _build/../../common/src/fonts.o
 .rodata.FONT_45X72
                0x0000000008043520       0x14 _build/../../common/src/fonts.o
                0x0000000008043520                FONT_45X72
 .rodata.my_font_cursors
                0x0000000008043534       0x1a _build/../../common/src/fonts.o
                0x0000000008043534                my_font_cursors
 *fill*         0x000000000804354e        0x2 
 .rodata.FONT_CURSORS
                0x0000000008043550       0x14 _build/../../common/src/fonts.o
                0x0000000008043550                FONT_CURSORS
 .rodata.renderers
                0x0000000008043564       0x28 _build/../../common/src/screen.o
 .rodata.heading
                0x000000000804358c       0x2c _build/../../common/src/screen.o
 .rodata.label  0x00000000080435b8       0x2c _build/../../common/src/screen.o
 .rodata.blankRow
                0x00000000080435e4       0x2c _build/../../common/src/screen.o
 .rodata.__func__.38
                0x0000000008043610        0xf _build/../../common/src/screen.o
 *fill*         0x000000000804361f        0x1 
 .rodata.__func__.37
                0x0000000008043620        0xb _build/../../common/src/screen.o
 *fill*         0x000000000804362b        0x1 
 .rodata.__func__.36
                0x000000000804362c        0xb _build/../../common/src/screen.o
 *fill*         0x0000000008043637        0x1 
 .rodata.__func__.35
                0x0000000008043638        0x9 _build/../../common/src/screen.o
 *fill*         0x0000000008043641        0x3 
 .rodata.__func__.34
                0x0000000008043644        0xe _build/../../common/src/screen.o
 *fill*         0x0000000008043652        0x2 
 .rodata.__func__.33
                0x0000000008043654       0x10 _build/../../common/src/screen.o
 .rodata.__func__.32
                0x0000000008043664        0xf _build/../../common/src/screen.o
 *fill*         0x0000000008043673        0x1 
 .rodata.__func__.31
                0x0000000008043674       0x17 _build/../../common/src/screen.o
 *fill*         0x000000000804368b        0x1 
 .rodata.__func__.28
                0x000000000804368c       0x12 _build/../../common/src/screen.o
 *fill*         0x000000000804369e        0x2 
 .rodata.__func__.27
                0x00000000080436a0       0x12 _build/../../common/src/screen.o
 *fill*         0x00000000080436b2        0x2 
 .rodata.__func__.26
                0x00000000080436b4        0xf _build/../../common/src/screen.o
 *fill*         0x00000000080436c3        0x1 
 .rodata.__func__.25
                0x00000000080436c4       0x12 _build/../../common/src/screen.o
 *fill*         0x00000000080436d6        0x2 
 .rodata.__func__.24
                0x00000000080436d8       0x12 _build/../../common/src/screen.o
 *fill*         0x00000000080436ea        0x2 
 .rodata.__func__.23
                0x00000000080436ec        0xb _build/../../common/src/screen.o
 *fill*         0x00000000080436f7        0x1 
 .rodata.__func__.22
                0x00000000080436f8       0x12 _build/../../common/src/screen.o
 *fill*         0x000000000804370a        0x2 
 .rodata.__func__.19
                0x000000000804370c        0xd _build/../../common/src/screen.o
 *fill*         0x0000000008043719        0x3 
 .rodata.__func__.12
                0x000000000804371c        0xc _build/../../common/src/screen.o
 .rodata.__func__.11
                0x0000000008043728        0xa _build/../../common/src/screen.o
 *fill*         0x0000000008043732        0x2 
 .rodata.__func__.9
                0x0000000008043734       0x1f _build/../../common/src/screen.o
 *fill*         0x0000000008043753        0x1 
 .rodata.__func__.7
                0x0000000008043754        0xc _build/../../common/src/screen.o
 .rodata.__func__.6
                0x0000000008043760       0x10 _build/../../common/src/screen.o
 .rodata.__func__.3
                0x0000000008043770       0x11 _build/../../common/src/screen.o
 *fill*         0x0000000008043781        0x3 
 .rodata.str_km.1
                0x0000000008043784        0x6 _build/../../common/src/screen.o
 *fill*         0x000000000804378a        0x2 
 .rodata.str_mi.0
                0x000000000804378c        0x6 _build/../../common/src/screen.o
 *fill*         0x0000000008043792        0x2 
 .rodata.socField
                0x0000000008043794       0x2c _build/../../common/src/mainscreen.o
                0x0000000008043794                socField
 .rodata.timeField
                0x00000000080437c0       0x2c _build/../../common/src/mainscreen.o
                0x00000000080437c0                timeField
 .rodata.assistLevelField
                0x00000000080437ec       0x2c _build/../../common/src/mainscreen.o
                0x00000000080437ec                assistLevelField
 .rodata.wheelSpeedIntegerField
                0x0000000008043818       0x2c _build/../../common/src/mainscreen.o
                0x0000000008043818                wheelSpeedIntegerField
 .rodata.wheelSpeedDecimalField
                0x0000000008043844       0x2c _build/../../common/src/mainscreen.o
                0x0000000008043844                wheelSpeedDecimalField
 .rodata.wheelSpeedField
                0x0000000008043870       0x2c _build/../../common/src/mainscreen.o
                0x0000000008043870                wheelSpeedField
 .rodata.upTimeField
                0x000000000804389c       0x2c _build/../../common/src/mainscreen.o
                0x000000000804389c                upTimeField
 .rodata.tripADistanceField
                0x00000000080438c8       0x2c _build/../../common/src/mainscreen.o
                0x00000000080438c8                tripADistanceField
 .rodata.tripATimeField
                0x00000000080438f4       0x2c _build/../../common/src/mainscreen.o
                0x00000000080438f4                tripATimeField
 .rodata.tripAAvgSpeedField
                0x0000000008043920       0x2c _build/../../common/src/mainscreen.o
                0x0000000008043920                tripAAvgSpeedField
 .rodata.tripAMaxSpeedField
                0x000000000804394c       0x2c _build/../../common/src/mainscreen.o
                0x000000000804394c                tripAMaxSpeedField
 .rodata.tripBDistanceField
                0x0000000008043978       0x2c _build/../../common/src/mainscreen.o
                0x0000000008043978                tripBDistanceField
 .rodata.tripBTimeField
                0x00000000080439a4       0x2c _build/../../common/src/mainscreen.o
                0x00000000080439a4                tripBTimeField
 .rodata.tripBAvgSpeedField
                0x00000000080439d0       0x2c _build/../../common/src/mainscreen.o
                0x00000000080439d0                tripBAvgSpeedField
 .rodata.tripBMaxSpeedField
                0x00000000080439fc       0x2c _build/../../common/src/mainscreen.o
                0x00000000080439fc                tripBMaxSpeedField
 .rodata.odoField
                0x0000000008043a28       0x2c _build/../../common/src/mainscreen.o
                0x0000000008043a28                odoField
 .rodata.cadenceField
                0x0000000008043a54       0x2c _build/../../common/src/mainscreen.o
                0x0000000008043a54                cadenceField
 .rodata.humanPowerField
                0x0000000008043a80       0x2c _build/../../common/src/mainscreen.o
                0x0000000008043a80                humanPowerField
 .rodata.batteryPowerField
                0x0000000008043aac       0x2c _build/../../common/src/mainscreen.o
                0x0000000008043aac                batteryPowerField
 .rodata.fieldAlternate
                0x0000000008043ad8       0x2c _build/../../common/src/mainscreen.o
                0x0000000008043ad8                fieldAlternate
 .rodata.batteryVoltageField
                0x0000000008043b04       0x2c _build/../../common/src/mainscreen.o
                0x0000000008043b04                batteryVoltageField
 .rodata.batteryCurrentField
                0x0000000008043b30       0x2c _build/../../common/src/mainscreen.o
                0x0000000008043b30                batteryCurrentField
 .rodata.motorCurrentField
                0x0000000008043b5c       0x2c _build/../../common/src/mainscreen.o
                0x0000000008043b5c                motorCurrentField
 .rodata.batterySOCField
                0x0000000008043b88       0x2c _build/../../common/src/mainscreen.o
                0x0000000008043b88                batterySOCField
 .rodata.motorTempField
                0x0000000008043bb4       0x2c _build/../../common/src/mainscreen.o
                0x0000000008043bb4                motorTempField
 .rodata.motorErpsField
                0x0000000008043be0       0x2c _build/../../common/src/mainscreen.o
                0x0000000008043be0                motorErpsField
 .rodata.pwmDutyField
                0x0000000008043c0c       0x2c _build/../../common/src/mainscreen.o
                0x0000000008043c0c                pwmDutyField
 .rodata.motorFOCField
                0x0000000008043c38       0x2c _build/../../common/src/mainscreen.o
                0x0000000008043c38                motorFOCField
 .rodata.batteryPowerUsageField
                0x0000000008043c64       0x2c _build/../../common/src/mainscreen.o
                0x0000000008043c64                batteryPowerUsageField
 .rodata.warnField
                0x0000000008043c90       0x2c _build/../../common/src/mainscreen.o
                0x0000000008043c90                warnField
 .rodata.wheelSpeedFieldGraph
                0x0000000008043cbc       0x2c _build/../../common/src/mainscreen.o
                0x0000000008043cbc                wheelSpeedFieldGraph
 .rodata.tripDistanceFieldGraph
                0x0000000008043ce8       0x2c _build/../../common/src/mainscreen.o
                0x0000000008043ce8                tripDistanceFieldGraph
 .rodata.cadenceFieldGraph
                0x0000000008043d14       0x2c _build/../../common/src/mainscreen.o
                0x0000000008043d14                cadenceFieldGraph
 .rodata.humanPowerFieldGraph
                0x0000000008043d40       0x2c _build/../../common/src/mainscreen.o
                0x0000000008043d40                humanPowerFieldGraph
 .rodata.batteryPowerFieldGraph
                0x0000000008043d6c       0x2c _build/../../common/src/mainscreen.o
                0x0000000008043d6c                batteryPowerFieldGraph
 .rodata.batteryVoltageFieldGraph
                0x0000000008043d98       0x2c _build/../../common/src/mainscreen.o
                0x0000000008043d98                batteryVoltageFieldGraph
 .rodata.batteryCurrentFieldGraph
                0x0000000008043dc4       0x2c _build/../../common/src/mainscreen.o
                0x0000000008043dc4                batteryCurrentFieldGraph
 .rodata.motorCurrentFieldGraph
                0x0000000008043df0       0x2c _build/../../common/src/mainscreen.o
                0x0000000008043df0                motorCurrentFieldGraph
 .rodata.batterySOCFieldGraph
                0x0000000008043e1c       0x2c _build/../../common/src/mainscreen.o
                0x0000000008043e1c                batterySOCFieldGraph
 .rodata.motorTempFieldGraph
                0x0000000008043e48       0x2c _build/../../common/src/mainscreen.o
                0x0000000008043e48                motorTempFieldGraph
 .rodata.motorErpsFieldGraph
                0x0000000008043e74       0x2c _build/../../common/src/mainscreen.o
                0x0000000008043e74                motorErpsFieldGraph
 .rodata.pwmDutyFieldGraph
                0x0000000008043ea0       0x2c _build/../../common/src/mainscreen.o
                0x0000000008043ea0                pwmDutyFieldGraph
 .rodata.motorFOCFieldGraph
                0x0000000008043ecc       0x2c _build/../../common/src/mainscreen.o
                0x0000000008043ecc                motorFOCFieldGraph
 .rodata.batteryPowerUsageFieldGraph
                0x0000000008043ef8       0x2c _build/../../common/src/mainscreen.o
                0x0000000008043ef8                batteryPowerUsageFieldGraph
 .rodata.wheelSpeedGraph
                0x0000000008043f24       0x2c _build/../../common/src/mainscreen.o
                0x0000000008043f24                wheelSpeedGraph
 .rodata.tripDistanceGraph
                0x0000000008043f50       0x2c _build/../../common/src/mainscreen.o
                0x0000000008043f50                tripDistanceGraph
 .rodata.cadenceGraph
                0x0000000008043f7c       0x2c _build/../../common/src/mainscreen.o
                0x0000000008043f7c                cadenceGraph
 .rodata.humanPowerGraph
                0x0000000008043fa8       0x2c _build/../../common/src/mainscreen.o
                0x0000000008043fa8                humanPowerGraph
 .rodata.batteryPowerGraph
                0x0000000008043fd4       0x2c _build/../../common/src/mainscreen.o
                0x0000000008043fd4                batteryPowerGraph
 .rodata.batteryPowerUsageGraph
                0x0000000008044000       0x2c _build/../../common/src/mainscreen.o
                0x0000000008044000                batteryPowerUsageGraph
 .rodata.batteryVoltageGraph
                0x000000000804402c       0x2c _build/../../common/src/mainscreen.o
                0x000000000804402c                batteryVoltageGraph
 .rodata.batteryCurrentGraph
                0x0000000008044058       0x2c _build/../../common/src/mainscreen.o
                0x0000000008044058                batteryCurrentGraph
 .rodata.motorCurrentGraph
                0x0000000008044084       0x2c _build/../../common/src/mainscreen.o
                0x0000000008044084                motorCurrentGraph
 .rodata.batterySOCGraph
                0x00000000080440b0       0x2c _build/../../common/src/mainscreen.o
                0x00000000080440b0                batterySOCGraph
 .rodata.motorTempGraph
                0x00000000080440dc       0x2c _build/../../common/src/mainscreen.o
                0x00000000080440dc                motorTempGraph
 .rodata.motorErpsGraph
                0x0000000008044108       0x2c _build/../../common/src/mainscreen.o
                0x0000000008044108                motorErpsGraph
 .rodata.pwmDutyGraph
                0x0000000008044134       0x2c _build/../../common/src/mainscreen.o
                0x0000000008044134                pwmDutyGraph
 .rodata.motorFOCGraph
                0x0000000008044160       0x2c _build/../../common/src/mainscreen.o
                0x0000000008044160                motorFOCGraph
 .rodata.graph1
                0x000000000804418c       0x2c _build/../../common/src/mainscreen.o
                0x000000000804418c                graph1
 .rodata.graph2
                0x00000000080441b8       0x2c _build/../../common/src/mainscreen.o
                0x00000000080441b8                graph2
 .rodata.graph3
                0x00000000080441e4       0x2c _build/../../common/src/mainscreen.o
                0x00000000080441e4                graph3
 .rodata.custom1
                0x0000000008044210       0x2c _build/../../common/src/mainscreen.o
                0x0000000008044210                custom1
 .rodata.custom2
                0x000000000804423c       0x2c _build/../../common/src/mainscreen.o
                0x000000000804423c                custom2
 .rodata.custom3
                0x0000000008044268       0x2c _build/../../common/src/mainscreen.o
                0x0000000008044268                custom3
 .rodata.custom4
                0x0000000008044294       0x2c _build/../../common/src/mainscreen.o
                0x0000000008044294                custom4
 .rodata.custom5
                0x00000000080442c0       0x2c _build/../../common/src/mainscreen.o
                0x00000000080442c0                custom5
 .rodata.custom6
                0x00000000080442ec       0x2c _build/../../common/src/mainscreen.o
                0x00000000080442ec                custom6
 .rodata.custom7
                0x0000000008044318       0x2c _build/../../common/src/mainscreen.o
                0x0000000008044318                custom7
 .rodata.custom8
                0x0000000008044344       0x2c _build/../../common/src/mainscreen.o
                0x0000000008044344                custom8
 .rodata.custom9
                0x0000000008044370       0x2c _build/../../common/src/mainscreen.o
                0x0000000008044370                custom9
 .rodata.custom10
                0x000000000804439c       0x2c _build/../../common/src/mainscreen.o
                0x000000000804439c                custom10
 .rodata.custom11
                0x00000000080443c8       0x2c _build/../../common/src/mainscreen.o
                0x00000000080443c8                custom11
 .rodata.custom12
                0x00000000080443f4       0x2c _build/../../common/src/mainscreen.o
                0x00000000080443f4                custom12
 .rodata.bootHeading
                0x0000000008044420       0x2c _build/../../common/src/mainscreen.o
                0x0000000008044420                bootHeading
 .rodata.bootURL_1
                0x000000000804444c       0x2c _build/../../common/src/mainscreen.o
                0x000000000804444c                bootURL_1
 .rodata.bootURL_2
                0x0000000008044478       0x2c _build/../../common/src/mainscreen.o
                0x0000000008044478                bootURL_2
 .rodata.bootFirmwareVersion
                0x00000000080444a4       0x2c _build/../../common/src/mainscreen.o
                0x00000000080444a4                bootFirmwareVersion
 .rodata.bootVersion
                0x00000000080444d0       0x2c _build/../../common/src/mainscreen.o
                0x00000000080444d0                bootVersion
 .rodata.bootStatus1
                0x00000000080444fc       0x2c _build/../../common/src/mainscreen.o
                0x00000000080444fc                bootStatus1
 .rodata.bootStatus2
                0x0000000008044528       0x2c _build/../../common/src/mainscreen.o
                0x0000000008044528                bootStatus2
 .rodata.str_max_power.8
                0x0000000008044554        0xa _build/../../common/src/mainscreen.o
 *fill*         0x000000000804455e        0x2 
 .rodata.str_throttle.7
                0x0000000008044560        0x9 _build/../../common/src/mainscreen.o
 *fill*         0x0000000008044569        0x3 
 .rodata.tripMenus
                0x000000000804456c      0x134 _build/../../common/src/configscreen.o
 .rodata.wheelMenus
                0x00000000080446a0       0x84 _build/../../common/src/configscreen.o
 .rodata.batteryMenus
                0x0000000008044724      0x134 _build/../../common/src/configscreen.o
 .rodata.batterySOCMenus
                0x0000000008044858      0x108 _build/../../common/src/configscreen.o
 .rodata.motorMenus
                0x0000000008044960      0x3c8 _build/../../common/src/configscreen.o
 .rodata.torqueSensorMenus
                0x0000000008044d28      0x18c _build/../../common/src/configscreen.o
 .rodata.powerAssistMenus
                0x0000000008044eb4      0x1b8 _build/../../common/src/configscreen.o
 .rodata.torqueAssistMenus
                0x000000000804506c      0x1b8 _build/../../common/src/configscreen.o
 .rodata.cadenceAssistMenus
                0x0000000008045224      0x1b8 _build/../../common/src/configscreen.o
 .rodata.eMTBAssistMenus
                0x00000000080453dc      0x1b8 _build/../../common/src/configscreen.o
 .rodata.assistMenus
                0x0000000008045594      0x108 _build/../../common/src/configscreen.o
 .rodata.walkAssistMenus
                0x000000000804569c      0x210 _build/../../common/src/configscreen.o
 .rodata.startupPowerMenus
                0x00000000080458ac       0xb0 _build/../../common/src/configscreen.o
 .rodata.motorTempMenus
                0x000000000804595c       0xb0 _build/../../common/src/configscreen.o
 .rodata.streetModeMenus
                0x0000000008045a0c      0x160 _build/../../common/src/configscreen.o
 .rodata.displayMenus
                0x0000000008045b6c      0x210 _build/../../common/src/configscreen.o
 .rodata.variousMenus
                0x0000000008045d7c       0xdc _build/../../common/src/configscreen.o
 .rodata.varSpeedMenus
                0x0000000008045e58      0x134 _build/../../common/src/configscreen.o
 .rodata.varTripDistanceMenus
                0x0000000008045f8c      0x134 _build/../../common/src/configscreen.o
 .rodata.varCadenceMenus
                0x00000000080460c0      0x134 _build/../../common/src/configscreen.o
 .rodata.varHumanPowerMenus
                0x00000000080461f4      0x134 _build/../../common/src/configscreen.o
 .rodata.varBatteryPowerMenus
                0x0000000008046328      0x134 _build/../../common/src/configscreen.o
 .rodata.varBatteryPowerUsageMenus
                0x000000000804645c      0x134 _build/../../common/src/configscreen.o
 .rodata.varBatteryVoltageMenus
                0x0000000008046590      0x134 _build/../../common/src/configscreen.o
 .rodata.varBatteryCurrentMenus
                0x00000000080466c4      0x134 _build/../../common/src/configscreen.o
 .rodata.varMotorCurrentMenus
                0x00000000080467f8      0x134 _build/../../common/src/configscreen.o
 .rodata.varBatterySOCMenus
                0x000000000804692c      0x134 _build/../../common/src/configscreen.o
 .rodata.varMotorTempMenus
                0x0000000008046a60      0x134 _build/../../common/src/configscreen.o
 .rodata.varMotorERPSMenus
                0x0000000008046b94      0x134 _build/../../common/src/configscreen.o
 .rodata.varMotorPWMMenus
                0x0000000008046cc8      0x134 _build/../../common/src/configscreen.o
 .rodata.varMotorFOCMenus
                0x0000000008046dfc      0x134 _build/../../common/src/configscreen.o
 .rodata.variablesMenus
                0x0000000008046f30      0x294 _build/../../common/src/configscreen.o
 .rodata.technicalMenus
                0x00000000080471c4      0x210 _build/../../common/src/configscreen.o
 .rodata.hallCalibration
                0x00000000080473d4      0x1e4 _build/../../common/src/configscreen.o
 .rodata.topMenus
                0x00000000080475b8      0x2ec _build/../../common/src/configscreen.o
 .rodata.configRoot
                0x00000000080478a4       0x2c _build/../../common/src/configscreen.o
 .rodata.m_eeprom_data_defaults
                0x00000000080478d0      0x200 _build/../../common/src/eeprom.o
                0x00000000080478d0                m_eeprom_data_defaults
 .rodata.srand.str1.1
                0x0000000008047ad0       0x56 /usr/lib/gcc/arm-none-eabi/11.2.0/../../../../arm-none-eabi/lib/thumb/v7-m/nofp/libc_nano.a(lib_a-rand.o)
 .rodata._ctype_
                0x0000000008047b26      0x101 /usr/lib/gcc/arm-none-eabi/11.2.0/../../../../arm-none-eabi/lib/thumb/v7-m/nofp/libc_nano.a(lib_a-ctype_.o)
                0x0000000008047b26                _ctype_
 .rodata._svfprintf_r.str1.1
                0x0000000008047c27       0x11 /usr/lib/gcc/arm-none-eabi/11.2.0/../../../../arm-none-eabi/lib/thumb/v7-m/nofp/libc_nano.a(lib_a-nano-svfprintf.o)
 .rodata._printf_i.str1.1