Archive member included to satisfy reference by file (symbol)

/usr/lib/gcc/arm-none-eabi/11.1.0/thumb/v7-m/nofp/libgcc.a(_arm_muldf3.o)
                              _build/../../common/src/state.o (__aeabi_dmul)
/usr/lib/gcc/arm-none-eabi/11.1.0/thumb/v7-m/nofp/libgcc.a(_arm_addsubdf3.o)
                              _build/../../common/src/state.o (__aeabi_dadd)
/usr/lib/gcc/arm-none-eabi/11.1.0/thumb/v7-m/nofp/libgcc.a(_arm_fixunsdfsi.o)
                              _build/../../common/src/state.o (__aeabi_d2uiz)
/usr/lib/gcc/arm-none-eabi/11.1.0/../../../../arm-none-eabi/lib/thumb/v7-m/nofp/libc_nano.a(lib_a-abort.o)
                              _build/../../common/src/fault.o (abort)
/usr/lib/gcc/arm-none-eabi/11.1.0/../../../../arm-none-eabi/lib/thumb/v7-m/nofp/libc_nano.a(lib_a-atoi.o)
                              _build/../../common/src/state.o (atoi)
/usr/lib/gcc/arm-none-eabi/11.1.0/../../../../arm-none-eabi/lib/thumb/v7-m/nofp/libc_nano.a(lib_a-memcpy-stub.o)
                              _build/usart1.o (memcpy)
/usr/lib/gcc/arm-none-eabi/11.1.0/../../../../arm-none-eabi/lib/thumb/v7-m/nofp/libc_nano.a(lib_a-memset.o)
                              _build/../../common/src/screen.o (memset)
/usr/lib/gcc/arm-none-eabi/11.1.0/../../../../arm-none-eabi/lib/thumb/v7-m/nofp/libc_nano.a(lib_a-rand.o)
                              _build/../../common/src/state.o (rand)
/usr/lib/gcc/arm-none-eabi/11.1.0/../../../../arm-none-eabi/lib/thumb/v7-m/nofp/libc_nano.a(lib_a-signal.o)
                              /usr/lib/gcc/arm-none-eabi/11.1.0/../../../../arm-none-eabi/lib/thumb/v7-m/nofp/libc_nano.a(lib_a-abort.o) (raise)
/usr/lib/gcc/arm-none-eabi/11.1.0/../../../../arm-none-eabi/lib/thumb/v7-m/nofp/libc_nano.a(lib_a-signalr.o)
                              /usr/lib/gcc/arm-none-eabi/11.1.0/../../../../arm-none-eabi/lib/thumb/v7-m/nofp/libc_nano.a(lib_a-signal.o) (_kill_r)
/usr/lib/gcc/arm-none-eabi/11.1.0/../../../../arm-none-eabi/lib/thumb/v7-m/nofp/libc_nano.a(lib_a-snprintf.o)
                              _build/../../common/src/screen.o (snprintf)
/usr/lib/gcc/arm-none-eabi/11.1.0/../../../../arm-none-eabi/lib/thumb/v7-m/nofp/libc_nano.a(lib_a-sprintf.o)
                              _build/../../common/src/mainscreen.o (sprintf)
/usr/lib/gcc/arm-none-eabi/11.1.0/../../../../arm-none-eabi/lib/thumb/v7-m/nofp/libc_nano.a(lib_a-strcasecmp.o)
                              _build/../../common/src/screen.o (strcasecmp)
/usr/lib/gcc/arm-none-eabi/11.1.0/../../../../arm-none-eabi/lib/thumb/v7-m/nofp/libc_nano.a(lib_a-strcmp.o)
                              _build/../../common/src/screen.o (strcmp)
/usr/lib/gcc/arm-none-eabi/11.1.0/../../../../arm-none-eabi/lib/thumb/v7-m/nofp/libc_nano.a(lib_a-strcpy.o)
                              _build/../../common/src/screen.o (strcpy)
/usr/lib/gcc/arm-none-eabi/11.1.0/../../../../arm-none-eabi/lib/thumb/v7-m/nofp/libc_nano.a(lib_a-strlen.o)
                              _build/../../common/src/screen.o (strlen)
/usr/lib/gcc/arm-none-eabi/11.1.0/../../../../arm-none-eabi/lib/thumb/v7-m/nofp/libc_nano.a(lib_a-strncmp.o)
                              _build/../../common/src/screen.o (strncmp)
/usr/lib/gcc/arm-none-eabi/11.1.0/../../../../arm-none-eabi/lib/thumb/v7-m/nofp/libc_nano.a(lib_a-strncpy.o)
                              _build/../../common/src/screen.o (strncpy)
/usr/lib/gcc/arm-none-eabi/11.1.0/../../../../arm-none-eabi/lib/thumb/v7-m/nofp/libc_nano.a(lib_a-strtol.o)
                              /usr/lib/gcc/arm-none-eabi/11.1.0/../../../../arm-none-eabi/lib/thumb/v7-m/nofp/libc_nano.a(lib_a-atoi.o) (_strtol_r)
/usr/lib/gcc/arm-none-eabi/11.1.0/../../../../arm-none-eabi/lib/thumb/v7-m/nofp/libc_nano.a(lib_a-vsnprintf.o)
                              _build/../../common/src/screen.o (vsnprintf)
/usr/lib/gcc/arm-none-eabi/11.1.0/../../../../arm-none-eabi/lib/thumb/v7-m/nofp/libc_nano.a(lib_a-ctype_.o)
                              /usr/lib/gcc/arm-none-eabi/11.1.0/../../../../arm-none-eabi/lib/thumb/v7-m/nofp/libc_nano.a(lib_a-strcasecmp.o) (_ctype_)
/usr/lib/gcc/arm-none-eabi/11.1.0/../../../../arm-none-eabi/lib/thumb/v7-m/nofp/libc_nano.a(lib_a-errno.o)
                              /usr/lib/gcc/arm-none-eabi/11.1.0/../../../../arm-none-eabi/lib/thumb/v7-m/nofp/libc_nano.a(lib_a-strtol.o) (__errno)
/usr/lib/gcc/arm-none-eabi/11.1.0/../../../../arm-none-eabi/lib/thumb/v7-m/nofp/libc_nano.a(lib_a-impure.o)
                              /usr/lib/gcc/arm-none-eabi/11.1.0/../../../../arm-none-eabi/lib/thumb/v7-m/nofp/libc_nano.a(lib_a-rand.o) (_impure_ptr)
/usr/lib/gcc/arm-none-eabi/11.1.0/../../../../arm-none-eabi/lib/thumb/v7-m/nofp/libc_nano.a(lib_a-malloc.o)
                              /usr/lib/gcc/arm-none-eabi/11.1.0/../../../../arm-none-eabi/lib/thumb/v7-m/nofp/libc_nano.a(lib_a-rand.o) (malloc)
/usr/lib/gcc/arm-none-eabi/11.1.0/../../../../arm-none-eabi/lib/thumb/v7-m/nofp/libc_nano.a(lib_a-nano-freer.o)
[...]
Memory Configuration

Name             Origin             Length             Attributes
FLASH            0x0000000008005000 0x000000000007b000 xr
RAM              0x0000000020000000 0x0000000000010000 xrw
MEMORY_B1        0x0000000060000000 0x0000000000000000 xr
*default*        0x0000000000000000 0xffffffffffffffff

Linker script and memory map

LOAD _build/spl/CMSIS/core_cm3.o
LOAD _build/spl/CMSIS/system_stm32f10x.o
LOAD _build/spl/src/misc.o
LOAD _build/spl/src/stm32f10x_adc.o
LOAD _build/spl/src/stm32f10x_bkp.o
LOAD _build/spl/src/stm32f10x_can.o
LOAD _build/spl/src/stm32f10x_cec.o
LOAD _build/spl/src/stm32f10x_crc.o
LOAD _build/spl/src/stm32f10x_dac.o
LOAD _build/spl/src/stm32f10x_dbgmcu.o
LOAD _build/spl/src/stm32f10x_dma.o
LOAD _build/spl/src/stm32f10x_exti.o
LOAD _build/spl/src/stm32f10x_flash.o
LOAD _build/spl/src/stm32f10x_fsmc.o
LOAD _build/spl/src/stm32f10x_gpio.o
LOAD _build/spl/src/stm32f10x_i2c.o
LOAD _build/spl/src/stm32f10x_iwdg.o
LOAD _build/spl/src/stm32f10x_pwr.o
LOAD _build/spl/src/stm32f10x_rcc.o
LOAD _build/spl/src/stm32f10x_rtc.o
LOAD _build/spl/src/stm32f10x_sdio.o
LOAD _build/spl/src/stm32f10x_spi.o
LOAD _build/spl/src/stm32f10x_tim.o
LOAD _build/spl/src/stm32f10x_usart.o
LOAD _build/spl/src/stm32f10x_wwdg.o
LOAD _build/ugui_driver/ugui_display_8x0c.o
LOAD _build/adc.o
LOAD _build/battery_gui.o
LOAD _build/eeprom-hw.o
LOAD _build/fault.o
LOAD _build/lcd.o
LOAD _build/main.o
LOAD _build/mainscreen-850.o
LOAD _build/pins.o
LOAD _build/rtc.o
LOAD _build/timers.o
LOAD _build/uart.o
LOAD _build/usart1.o
LOAD _build/../../common/src/fault.o
LOAD _build/../../common/src/buttons.o
LOAD _build/../../common/src/utils.o
LOAD _build/../../common/src/ugui.o
LOAD _build/../../common/src/fonts.o
LOAD _build/../../common/src/state.o
LOAD _build/../../common/src/screen.o
LOAD _build/../../common/src/mainscreen.o
LOAD _build/../../common/src/configscreen.o
LOAD _build/../../common/src/eeprom.o
LOAD startup_stm32f10x_md.o
                0x0000000000000001                USE_WITH_BOOTLOADER = 0x1
LOAD /usr/lib/gcc/arm-none-eabi/11.1.0/thumb/v7-m/nofp/libgcc.a
LOAD /usr/lib/gcc/arm-none-eabi/11.1.0/../../../../arm-none-eabi/lib/thumb/v7-m/nofp/libm.a
LOAD /usr/lib/gcc/arm-none-eabi/11.1.0/../../../../arm-none-eabi/lib/thumb/v7-m/nofp/libnosys.a
START GROUP
LOAD /usr/lib/gcc/arm-none-eabi/11.1.0/thumb/v7-m/nofp/libgcc.a
LOAD /usr/lib/gcc/arm-none-eabi/11.1.0/../../../../arm-none-eabi/lib/thumb/v7-m/nofp/libc_nano.a
END GROUP
START GROUP
LOAD /usr/lib/gcc/arm-none-eabi/11.1.0/thumb/v7-m/nofp/libgcc.a
LOAD /usr/lib/gcc/arm-none-eabi/11.1.0/../../../../arm-none-eabi/lib/thumb/v7-m/nofp/libc_nano.a
LOAD /usr/lib/gcc/arm-none-eabi/11.1.0/../../../../arm-none-eabi/lib/thumb/v7-m/nofp/libnosys.a
END GROUP
START GROUP
LOAD /usr/lib/gcc/arm-none-eabi/11.1.0/thumb/v7-m/nofp/libgcc.a
LOAD /usr/lib/gcc/arm-none-eabi/11.1.0/../../../../arm-none-eabi/lib/thumb/v7-m/nofp/libc_nano.a
LOAD /usr/lib/gcc/arm-none-eabi/11.1.0/../../../../arm-none-eabi/lib/thumb/v7-m/nofp/libnosys.a
END GROUP
                0x0000000020010000                _estack = 0x20010000
                0x0000000000000000                _Min_Heap_Size = 0x0
                0x0000000000000100                _Min_Stack_Size = 0x100

.isr_vector     0x0000000008005000      0x10c
                0x0000000008005000                . = ALIGN (0x4)
 *(.isr_vector)
 .isr_vector    0x0000000008005000      0x10c startup_stm32f10x_md.o
                0x0000000008005000                g_pfnVectors
                0x000000000800510c                . = ALIGN (0x4)

.text           0x0000000008005110    0x42424
                0x0000000008005110                . = ALIGN (0x4)
 *(.text)
 .text          0x0000000008005110      0x254 /usr/lib/gcc/arm-none-eabi/11.1.0/thumb/v7-m/nofp/libgcc.a(_arm_muldf3.o)
                0x0000000008005110                __aeabi_dmul
                0x0000000008005110                __muldf3
 .text          0x0000000008005364      0x378 /usr/lib/gcc/arm-none-eabi/11.1.0/thumb/v7-m/nofp/libgcc.a(_arm_addsubdf3.o)
                0x0000000008005364                __aeabi_drsub
                0x000000000800536c                __aeabi_dsub
                0x000000000800536c                __subdf3
                0x0000000008005370                __adddf3
                0x0000000008005370                __aeabi_dadd
                0x00000000080055e8                __aeabi_ui2d
                0x00000000080055e8                __floatunsidf
                0x0000000008005608                __floatsidf
                0x0000000008005608                __aeabi_i2d
                0x000000000800562c                __extendsfdf2
                0x000000000800562c                __aeabi_f2d
                0x0000000008005670                __aeabi_ul2d
                0x0000000008005670                __floatundidf
                0x0000000008005680                __floatdidf
                0x0000000008005680                __aeabi_l2d
 .text          0x00000000080056dc       0x40 /usr/lib/gcc/arm-none-eabi/11.1.0/thumb/v7-m/nofp/libgcc.a(_arm_fixunsdfsi.o)
                0x00000000080056dc                __fixunsdfsi
                0x00000000080056dc                __aeabi_d2uiz
 .text          0x000000000800571c       0x14 /usr/lib/gcc/arm-none-eabi/11.1.0/../../../../arm-none-eabi/lib/thumb/v7-m/nofp/libc_nano.a(lib_a-strcmp.o)
                0x000000000800571c                strcmp
 .text          0x0000000008005730       0x10 /usr/lib/gcc/arm-none-eabi/11.1.0/../../../../arm-none-eabi/lib/thumb/v7-m/nofp/libc_nano.a(lib_a-strlen.o)
                0x0000000008005730                strlen
 *(.text*)
 .text.SystemInit
                0x0000000008005740       0x68 _build/spl/CMSIS/system_stm32f10x.o
                0x0000000008005740                SystemInit
 .text.SetSysClock
                0x00000000080057a8        0xc _build/spl/CMSIS/system_stm32f10x.o
 .text.NVIC_Init
                0x00000000080057b4      0x100 _build/spl/src/misc.o
                0x00000000080057b4                NVIC_Init
 .text.NVIC_SetVectorTable
                0x00000000080058b4       0x58 _build/spl/src/misc.o
                0x00000000080058b4                NVIC_SetVectorTable
 .text.ADC_DeInit
                0x000000000800590c       0x98 _build/spl/src/stm32f10x_adc.o
                0x000000000800590c                ADC_DeInit
 .text.ADC_Init
                0x00000000080059a4      0x22c _build/spl/src/stm32f10x_adc.o
                0x00000000080059a4                ADC_Init
 .text.ADC_StructInit
                0x0000000008005bd0       0x36 _build/spl/src/stm32f10x_adc.o
                0x0000000008005bd0                ADC_StructInit
 *fill*         0x0000000008005c06        0x2 
 .text.ADC_Cmd  0x0000000008005c08       0x7c _build/spl/src/stm32f10x_adc.o
                0x0000000008005c08                ADC_Cmd
 .text.ADC_SoftwareStartConvCmd
                0x0000000008005c84       0x7c _build/spl/src/stm32f10x_adc.o
                0x0000000008005c84                ADC_SoftwareStartConvCmd
 .text.ADC_RegularChannelConfig
                0x0000000008005d00      0x288 _build/spl/src/stm32f10x_adc.o
                0x0000000008005d00                ADC_RegularChannelConfig
 .text.ADC_GetConversionValue
                0x0000000008005f88       0x48 _build/spl/src/stm32f10x_adc.o
                0x0000000008005f88                ADC_GetConversionValue
 .text.ADC_GetFlagStatus
                0x0000000008005fd0       0x8c _build/spl/src/stm32f10x_adc.o
                0x0000000008005fd0                ADC_GetFlagStatus
 .text.BKP_DeInit
                0x000000000800605c       0x14 _build/spl/src/stm32f10x_bkp.o
                0x000000000800605c                BKP_DeInit
 .text.BKP_RTCOutputConfig
                0x0000000008006070       0x60 _build/spl/src/stm32f10x_bkp.o
                0x0000000008006070                BKP_RTCOutputConfig
 .text.BKP_WriteBackupRegister
                0x00000000080060d0      0x13c _build/spl/src/stm32f10x_bkp.o
                0x00000000080060d0                BKP_WriteBackupRegister
 .text.BKP_ReadBackupRegister
                0x000000000800620c      0x134 _build/spl/src/stm32f10x_bkp.o
                0x000000000800620c                BKP_ReadBackupRegister
 .text.DMA_DeInit
                0x0000000008006340      0x1e0 _build/spl/src/stm32f10x_dma.o
                0x0000000008006340                DMA_DeInit
 .text.DMA_Init
                0x0000000008006520      0x220 _build/spl/src/stm32f10x_dma.o
                0x0000000008006520                DMA_Init
 .text.DMA_Cmd  0x0000000008006740       0xec _build/spl/src/stm32f10x_dma.o
                0x0000000008006740                DMA_Cmd
 .text.DMA_SetCurrDataCounter
                0x000000000800682c       0xb8 _build/spl/src/stm32f10x_dma.o
                0x000000000800682c                DMA_SetCurrDataCounter
 .text.FLASH_SetLatency
                0x00000000080068e4       0x54 _build/spl/src/stm32f10x_flash.o
                0x00000000080068e4                FLASH_SetLatency
 .text.FLASH_PrefetchBufferCmd
                0x0000000008006938       0x48 _build/spl/src/stm32f10x_flash.o
                0x0000000008006938                FLASH_PrefetchBufferCmd
 .text.FLASH_Unlock
                0x0000000008006980       0x24 _build/spl/src/stm32f10x_flash.o
                0x0000000008006980                FLASH_Unlock
 .text.FLASH_Lock
                0x00000000080069a4       0x1c _build/spl/src/stm32f10x_flash.o
                0x00000000080069a4                FLASH_Lock
 .text.FLASH_ErasePage
                0x00000000080069c0       0x88 _build/spl/src/stm32f10x_flash.o
                0x00000000080069c0                FLASH_ErasePage
 .text.FLASH_ProgramHalfWord
                0x0000000008006a48       0x80 _build/spl/src/stm32f10x_flash.o
                0x0000000008006a48                FLASH_ProgramHalfWord
 .text.FLASH_ClearFlag
                0x0000000008006ac8       0x38 _build/spl/src/stm32f10x_flash.o
                0x0000000008006ac8                FLASH_ClearFlag
 .text.FLASH_GetBank1Status
                0x0000000008006b00       0x54 _build/spl/src/stm32f10x_flash.o
                0x0000000008006b00                FLASH_GetBank1Status
 .text.FLASH_WaitForLastOperation
                0x0000000008006b54       0x44 _build/spl/src/stm32f10x_flash.o
                0x0000000008006b54                FLASH_WaitForLastOperation
 .text.GPIO_Init
                0x0000000008006b98      0x250 _build/spl/src/stm32f10x_gpio.o
                0x0000000008006b98                GPIO_Init
 .text.GPIO_ReadInputDataBit
                0x0000000008006de8      0x10c _build/spl/src/stm32f10x_gpio.o
                0x0000000008006de8                GPIO_ReadInputDataBit
 .text.GPIO_SetBits
                0x0000000008006ef4       0x8c _build/spl/src/stm32f10x_gpio.o
                0x0000000008006ef4                GPIO_SetBits
 .text.GPIO_ResetBits
                0x0000000008006f80       0x8c _build/spl/src/stm32f10x_gpio.o
                0x0000000008006f80                GPIO_ResetBits
 .text.GPIO_PinRemapConfig
                0x000000000800700c      0x2fc _build/spl/src/stm32f10x_gpio.o
                0x000000000800700c                GPIO_PinRemapConfig
 .text.PWR_BackupAccessCmd
                0x0000000008007308       0x34 _build/spl/src/stm32f10x_pwr.o
                0x0000000008007308                PWR_BackupAccessCmd
 .text.RCC_DeInit
                0x000000000800733c       0x5c _build/spl/src/stm32f10x_rcc.o
                0x000000000800733c                RCC_DeInit
 .text.RCC_HSEConfig
                0x0000000008007398       0x80 _build/spl/src/stm32f10x_rcc.o
                0x0000000008007398                RCC_HSEConfig
 .text.RCC_WaitForHSEStartUp
                0x0000000008007418       0x50 _build/spl/src/stm32f10x_rcc.o
                0x0000000008007418                RCC_WaitForHSEStartUp
 .text.RCC_PLLConfig
                0x0000000008007468       0xe0 _build/spl/src/stm32f10x_rcc.o
                0x0000000008007468                RCC_PLLConfig
 .text.RCC_PLLCmd
                0x0000000008007548       0x38 _build/spl/src/stm32f10x_rcc.o
                0x0000000008007548                RCC_PLLCmd
 .text.RCC_SYSCLKConfig
                0x0000000008007580       0x54 _build/spl/src/stm32f10x_rcc.o
                0x0000000008007580                RCC_SYSCLKConfig
 .text.RCC_GetSYSCLKSource
                0x00000000080075d4       0x1c _build/spl/src/stm32f10x_rcc.o
                0x00000000080075d4                RCC_GetSYSCLKSource
 .text.RCC_HCLKConfig
                0x00000000080075f0       0x78 _build/spl/src/stm32f10x_rcc.o
                0x00000000080075f0                RCC_HCLKConfig
 .text.RCC_PCLK1Config
                0x0000000008007668       0x68 _build/spl/src/stm32f10x_rcc.o
                0x0000000008007668                RCC_PCLK1Config
 .text.RCC_PCLK2Config
                0x00000000080076d0       0x6c _build/spl/src/stm32f10x_rcc.o
                0x00000000080076d0                RCC_PCLK2Config
 .text.RCC_LSEConfig
                0x000000000800773c       0x60 _build/spl/src/stm32f10x_rcc.o
                0x000000000800773c                RCC_LSEConfig
 .text.RCC_RTCCLKConfig
                0x000000000800779c       0x48 _build/spl/src/stm32f10x_rcc.o
                0x000000000800779c                RCC_RTCCLKConfig
 .text.RCC_RTCCLKCmd
                0x00000000080077e4       0x38 _build/spl/src/stm32f10x_rcc.o
                0x00000000080077e4                RCC_RTCCLKCmd
 .text.RCC_GetClocksFreq
                0x000000000800781c      0x16c _build/spl/src/stm32f10x_rcc.o
                0x000000000800781c                RCC_GetClocksFreq
 .text.RCC_AHBPeriphClockCmd
                0x0000000008007988       0x74 _build/spl/src/stm32f10x_rcc.o
                0x0000000008007988                RCC_AHBPeriphClockCmd
 .text.RCC_APB2PeriphClockCmd
                0x00000000080079fc       0x74 _build/spl/src/stm32f10x_rcc.o
                0x00000000080079fc                RCC_APB2PeriphClockCmd
 .text.RCC_APB1PeriphClockCmd
                0x0000000008007a70       0x74 _build/spl/src/stm32f10x_rcc.o
                0x0000000008007a70                RCC_APB1PeriphClockCmd
 .text.RCC_APB2PeriphResetCmd
                0x0000000008007ae4       0x74 _build/spl/src/stm32f10x_rcc.o
                0x0000000008007ae4                RCC_APB2PeriphResetCmd
 .text.RCC_APB1PeriphResetCmd
                0x0000000008007b58       0x74 _build/spl/src/stm32f10x_rcc.o
                0x0000000008007b58                RCC_APB1PeriphResetCmd
 .text.RCC_BackupResetCmd
                0x0000000008007bcc       0x38 _build/spl/src/stm32f10x_rcc.o
                0x0000000008007bcc                RCC_BackupResetCmd
 .text.RCC_GetFlagStatus
                0x0000000008007c04       0xc0 _build/spl/src/stm32f10x_rcc.o
                0x0000000008007c04                RCC_GetFlagStatus
 .text.RTC_ITConfig
                0x0000000008007cc4       0x7c _build/spl/src/stm32f10x_rtc.o
                0x0000000008007cc4                RTC_ITConfig
 .text.RTC_EnterConfigMode
                0x0000000008007d40       0x20 _build/spl/src/stm32f10x_rtc.o
                0x0000000008007d40                RTC_EnterConfigMode
 .text.RTC_ExitConfigMode
                0x0000000008007d60       0x20 _build/spl/src/stm32f10x_rtc.o
                0x0000000008007d60                RTC_ExitConfigMode
 .text.RTC_GetCounter
                0x0000000008007d80       0x2c _build/spl/src/stm32f10x_rtc.o
                0x0000000008007d80                RTC_GetCounter
 .text.RTC_SetCounter
                0x0000000008007dac       0x30 _build/spl/src/stm32f10x_rtc.o
                0x0000000008007dac                RTC_SetCounter
 .text.RTC_SetPrescaler
                0x0000000008007ddc       0x48 _build/spl/src/stm32f10x_rtc.o
                0x0000000008007ddc                RTC_SetPrescaler
 .text.RTC_WaitForLastTask
                0x0000000008007e24       0x24 _build/spl/src/stm32f10x_rtc.o
                0x0000000008007e24                RTC_WaitForLastTask
 .text.RTC_WaitForSynchro
                0x0000000008007e48       0x34 _build/spl/src/stm32f10x_rtc.o
                0x0000000008007e48                RTC_WaitForSynchro
 .text.RTC_ClearITPendingBit
                0x0000000008007e7c       0x4c _build/spl/src/stm32f10x_rtc.o
                0x0000000008007e7c                RTC_ClearITPendingBit
 .text.TIM_DeInit
                0x0000000008007ec8      0x2c0 _build/spl/src/stm32f10x_tim.o
                0x0000000008007ec8                TIM_DeInit
 .text.TIM_TimeBaseInit
                0x0000000008008188      0x1f8 _build/spl/src/stm32f10x_tim.o
                0x0000000008008188                TIM_TimeBaseInit
 .text.TIM_OC2Init
                0x0000000008008380      0x254 _build/spl/src/stm32f10x_tim.o
                0x0000000008008380                TIM_OC2Init
 .text.TIM_Cmd  0x00000000080085d4      0x128 _build/spl/src/stm32f10x_tim.o
                0x00000000080085d4                TIM_Cmd
 .text.TIM_ITConfig
                0x00000000080086fc      0x14c _build/spl/src/stm32f10x_tim.o
                0x00000000080086fc                TIM_ITConfig
 .text.TIM_OC2PreloadConfig
                0x0000000008008848       0xc4 _build/spl/src/stm32f10x_tim.o
                0x0000000008008848                TIM_OC2PreloadConfig
 .text.TIM_SetCompare2
                0x000000000800890c       0x90 _build/spl/src/stm32f10x_tim.o
                0x000000000800890c                TIM_SetCompare2
 .text.TIM_GetITStatus
                0x000000000800899c      0x160 _build/spl/src/stm32f10x_tim.o
                0x000000000800899c                TIM_GetITStatus
 .text.TIM_ClearITPendingBit
                0x0000000008008afc      0x110 _build/spl/src/stm32f10x_tim.o
                0x0000000008008afc                TIM_ClearITPendingBit
 .text.USART_DeInit
                0x0000000008008c0c       0xec _build/spl/src/stm32f10x_usart.o
                0x0000000008008c0c                USART_DeInit
 .text.USART_Init
                0x0000000008008cf8      0x2bc _build/spl/src/stm32f10x_usart.o
                0x0000000008008cf8                USART_Init
 .text.USART_Cmd
                0x0000000008008fb4       0x9c _build/spl/src/stm32f10x_usart.o
                0x0000000008008fb4                USART_Cmd
 .text.USART_ITConfig
                0x0000000008009050      0x16c _build/spl/src/stm32f10x_usart.o
                0x0000000008009050                USART_ITConfig
 .text.USART_DMACmd
                0x00000000080091bc       0xc0 _build/spl/src/stm32f10x_usart.o
                0x00000000080091bc                USART_DMACmd
 .text.USART_ReceiveData
                0x000000000800927c       0x68 _build/spl/src/stm32f10x_usart.o
                0x000000000800927c                USART_ReceiveData
 .text.USART_GetITStatus
                0x00000000080092e4      0x18c _build/spl/src/stm32f10x_usart.o
                0x00000000080092e4                USART_GetITStatus
 .text.USART_ClearITPendingBit
                0x0000000008009470       0xe0 _build/spl/src/stm32f10x_usart.o
                0x0000000008009470                USART_ClearITPendingBit
 .text.push_pixel_850
                0x0000000008009550       0x28 _build/ugui_driver/ugui_display_8x0c.o
 .text.HW_FillArea
                0x0000000008009578       0xa0 _build/ugui_driver/ugui_display_8x0c.o
                0x0000000008009578                HW_FillArea
 .text.display_8x0C_lcd_init
                0x0000000008009618      0x2d4 _build/ugui_driver/ugui_display_8x0c.o
                0x0000000008009618                display_8x0C_lcd_init
 .text.lcd_pixel_set
                0x00000000080098ec       0xb0 _build/ugui_driver/ugui_display_8x0c.o
                0x00000000080098ec                lcd_pixel_set
 .text.wait_pulse
                0x000000000800999c       0x30 _build/ugui_driver/ugui_display_8x0c.o
                0x000000000800999c                wait_pulse
 .text.lcd_write_cycle
                0x00000000080099cc       0x1c _build/ugui_driver/ugui_display_8x0c.o
                0x00000000080099cc                lcd_write_cycle
 .text.HW_FillFrame
                0x00000000080099e8      0x144 _build/ugui_driver/ugui_display_8x0c.o
                0x00000000080099e8                HW_FillFrame
 .text.HW_DrawLine
                0x0000000008009b2c       0xc2 _build/ugui_driver/ugui_display_8x0c.o
                0x0000000008009b2c                HW_DrawLine
 *fill*         0x0000000008009bee        0x2 
 .text.lcd_write_command
                0x0000000008009bf0       0x30 _build/ugui_driver/ugui_display_8x0c.o
                0x0000000008009bf0                lcd_write_command
 .text.lcd_write_data_8bits
                0x0000000008009c20       0x20 _build/ugui_driver/ugui_display_8x0c.o
                0x0000000008009c20                lcd_write_data_8bits
 .text.adc_init
                0x0000000008009c40       0x68 _build/adc.o
                0x0000000008009c40                adc_init
 .text.battery_voltage_10x_get
                0x0000000008009ca8       0x94 _build/adc.o
                0x0000000008009ca8                battery_voltage_10x_get
 .text.battery_soc_bar_set
                0x0000000008009d3c       0xd0 _build/battery_gui.o
                0x0000000008009d3c                battery_soc_bar_set
 .text.renderBattery
                0x0000000008009e0c      0x248 _build/battery_gui.o
                0x0000000008009e0c                renderBattery
 .text.eeprom_hw_init
                0x000000000800a054        0xc _build/eeprom-hw.o
                0x000000000800a054                eeprom_hw_init
 .text.find_valid_page
                0x000000000800a060       0xc0 _build/eeprom-hw.o
                0x000000000800a060                find_valid_page
 .text.flash_read_words
                0x000000000800a120       0x5a _build/eeprom-hw.o
                0x000000000800a120                flash_read_words
 .text.eeprom_write_array
                0x000000000800a17a       0x3a _build/eeprom-hw.o
 .text.flash_write_words
                0x000000000800a1b4       0x7c _build/eeprom-hw.o
                0x000000000800a1b4                flash_write_words
 .text.eeprom_read
                0x000000000800a230       0x30 _build/eeprom-hw.o
 .text.eeprom_read_from_page
                0x000000000800a260       0x2c _build/eeprom-hw.o
 .text.eeprom_write
                0x000000000800a28c       0x5c _build/eeprom-hw.o
                0x000000000800a28c                eeprom_write
 .text.eeprom_erase_page
                0x000000000800a2e8       0x28 _build/eeprom-hw.o
 .text.HardFault_Handler
                0x000000000800a310       0x1a _build/fault.o
                0x000000000800a310                HardFault_Handler
 .text.HardFault_HandlerC
                0x000000000800a32a       0x22 _build/fault.o
                0x000000000800a32a                HardFault_HandlerC
 .text.lcd_init
                0x000000000800a34c       0x24 _build/lcd.o
                0x000000000800a34c                lcd_init
 .text.lcd_set_backlight_intensity
                0x000000000800a370       0x58 _build/lcd.o
                0x000000000800a370                lcd_set_backlight_intensity
 .text.lcd_power_off
                0x000000000800a3c8       0x30 _build/lcd.o
                0x000000000800a3c8                lcd_power_off
 .text.main     0x000000000800a3f8       0x78 _build/main.o
                0x000000000800a3f8                main
 .text.SetSysClockTo128Mhz
                0x000000000800a470       0x7c _build/main.o
                0x000000000800a470                SetSysClockTo128Mhz
 .text.mainScreenOnEnter
                0x000000000800a4ec       0x30 _build/mainscreen-850.o
 .text.mainScreenOnDirtyClean
                0x000000000800a51c      0x158 _build/mainscreen-850.o
                0x000000000800a51c                mainScreenOnDirtyClean
 .text.mainScreenOnPostUpdate
                0x000000000800a674       0x22 _build/mainscreen-850.o
                0x000000000800a674                mainScreenOnPostUpdate
 *fill*         0x000000000800a696        0x2 
 .text.battery_display
                0x000000000800a698       0x38 _build/mainscreen-850.o
                0x000000000800a698                battery_display
 .text.clock_time
                0x000000000800a6d0       0x50 _build/mainscreen-850.o
                0x000000000800a6d0                clock_time
 .text.onSetConfigurationClockHours
                0x000000000800a720       0x30 _build/mainscreen-850.o
                0x000000000800a720                onSetConfigurationClockHours
 .text.onSetConfigurationClockMinutes
                0x000000000800a750       0x30 _build/mainscreen-850.o
                0x000000000800a750                onSetConfigurationClockMinutes
 .text.onSetConfigurationDisplayLcdBacklightOnBrightness
                0x000000000800a780       0x24 _build/mainscreen-850.o
                0x000000000800a780                onSetConfigurationDisplayLcdBacklightOnBrightness
 .text.onSetConfigurationDisplayLcdBacklightOffBrightness
                0x000000000800a7a4       0x24 _build/mainscreen-850.o
                0x000000000800a7a4                onSetConfigurationDisplayLcdBacklightOffBrightness
 .text.pins_init
                0x000000000800a7c8       0xc4 _build/pins.o
                0x000000000800a7c8                pins_init
 .text.system_power
                0x000000000800a88c       0x40 _build/pins.o
                0x000000000800a88c                system_power
 .text.NVIC_ClearPendingIRQ
                0x000000000800a8cc       0x34 _build/rtc.o
 .text.RTC_IRQHandler
                0x000000000800a900       0x64 _build/rtc.o
                0x000000000800a900                RTC_IRQHandler
 .text.rtc_init
                0x000000000800a964      0x13c _build/rtc.o
                0x000000000800a964                rtc_init
 .text.rtc_set_time
                0x000000000800aaa0       0x3c _build/rtc.o
                0x000000000800aaa0                rtc_set_time
 .text.rtc_get_time
                0x000000000800aadc       0x74 _build/rtc.o
                0x000000000800aadc                rtc_get_time
 .text.rtc_get_time_since_startup
                0x000000000800ab50       0x78 _build/rtc.o
                0x000000000800ab50                rtc_get_time_since_startup
 .text.NVIC_SetPriority
                0x000000000800abc8       0x54 _build/timers.o
 .text.SysTick_Config
                0x000000000800ac1c       0x44 _build/timers.o
 .text.delay_ms
                0x000000000800ac60       0x2c _build/timers.o
                0x000000000800ac60                delay_ms
 .text.SysTick_Handler
                0x000000000800ac8c       0x28 _build/timers.o
                0x000000000800ac8c                SysTick_Handler
 .text.systick_init
                0x000000000800acb4       0x2c _build/timers.o
                0x000000000800acb4                systick_init
 .text.get_time_base_counter_1ms
                0x000000000800ace0       0x14 _build/timers.o
                0x000000000800ace0                get_time_base_counter_1ms
 .text.timer3_init
                0x000000000800acf4       0x68 _build/timers.o
                0x000000000800acf4                timer3_init
 .text.TIM4_IRQHandler
                0x000000000800ad5c       0x28 _build/timers.o
                0x000000000800ad5c                TIM4_IRQHandler
 .text.timer4_init
                0x000000000800ad84       0x68 _build/timers.o
                0x000000000800ad84                timer4_init
 .text.Display850C_rt_processing_stop
                0x000000000800adec       0x20 _build/timers.o
                0x000000000800adec                Display850C_rt_processing_stop
 .text.Display850C_rt_processing_start
                0x000000000800ae0c       0x20 _build/timers.o
                0x000000000800ae0c                Display850C_rt_processing_start
 .text.uart_get_rx_buffer_rdy
                0x000000000800ae2c       0x28 _build/uart.o
                0x000000000800ae2c                uart_get_rx_buffer_rdy
 .text.uart_get_tx_buffer
                0x000000000800ae54       0x14 _build/uart.o
                0x000000000800ae54                uart_get_tx_buffer
 .text.uart_send_tx_buffer
                0x000000000800ae68       0x1c _build/uart.o
                0x000000000800ae68                uart_send_tx_buffer
 .text.usart1_init
                0x000000000800ae84      0x144 _build/usart1.o
                0x000000000800ae84                usart1_init
 .text.USART1_IRQHandler
                0x000000000800afc8      0x14c _build/usart1.o
                0x000000000800afc8                USART1_IRQHandler
 .text.usart1_start_dma_transfer
                0x000000000800b114       0x34 _build/usart1.o
                0x000000000800b114                usart1_start_dma_transfer
 .text.usart1_get_rx_buffer
                0x000000000800b148       0x14 _build/usart1.o
                0x000000000800b148                usart1_get_rx_buffer
 .text.usart1_received_package
                0x000000000800b15c       0x18 _build/usart1.o
                0x000000000800b15c                usart1_received_package
 .text.usart1_reset_received_package
                0x000000000800b174       0x18 _build/usart1.o
                0x000000000800b174                usart1_reset_received_package
 .text.debugger_break
                0x000000000800b18c       0x10 _build/../../common/src/fault.o
 .text.app_error_fault_handler
                0x000000000800b19c      0x108 _build/../../common/src/fault.o
                0x000000000800b19c                app_error_fault_handler
 .text.__assert_func
                0x000000000800b2a4       0x2e _build/../../common/src/fault.o
                0x000000000800b2a4                __assert_func
 .text.assert_failed
                0x000000000800b2d2       0x2e _build/../../common/src/fault.o
                0x000000000800b2d2                assert_failed
 .text.buttons_get_up_state
                0x000000000800b300       0x4c _build/../../common/src/buttons.o
                0x000000000800b300                buttons_get_up_state
 .text.buttons_get_down_state
                0x000000000800b34c       0x4c _build/../../common/src/buttons.o
                0x000000000800b34c                buttons_get_down_state
 .text.buttons_get_onoff_state
                0x000000000800b398       0x24 _build/../../common/src/buttons.o
                0x000000000800b398                buttons_get_onoff_state
 .text.buttons_get_m_state
                0x000000000800b3bc       0x20 _build/../../common/src/buttons.o
                0x000000000800b3bc                buttons_get_m_state
 .text.buttons_get_onoff_click_event
                0x000000000800b3dc       0x18 _build/../../common/src/buttons.o
                0x000000000800b3dc                buttons_get_onoff_click_event
 .text.buttons_clear_onoff_click_event
                0x000000000800b3f4       0x20 _build/../../common/src/buttons.o
                0x000000000800b3f4                buttons_clear_onoff_click_event
 .text.buttons_clear_onoff_click_long_click_event
                0x000000000800b414       0x20 _build/../../common/src/buttons.o
                0x000000000800b414                buttons_clear_onoff_click_long_click_event
 .text.buttons_clear_onoff_long_click_event
                0x000000000800b434       0x20 _build/../../common/src/buttons.o
                0x000000000800b434                buttons_clear_onoff_long_click_event
 .text.buttons_get_events
                0x000000000800b454       0x14 _build/../../common/src/buttons.o
                0x000000000800b454                buttons_get_events
 .text.buttons_set_events
                0x000000000800b468       0x28 _build/../../common/src/buttons.o
                0x000000000800b468                buttons_set_events
 .text.buttons_clear_all_events
                0x000000000800b490       0x48 _build/../../common/src/buttons.o
                0x000000000800b490                buttons_clear_all_events
 .text.buttons_clock
                0x000000000800b4d8      0x408 _build/../../common/src/buttons.o
                0x000000000800b4d8                buttons_clock
 .text.map      0x000000000800b8e0       0x82 _build/../../common/src/utils.o
                0x000000000800b8e0                map
 *fill*         0x000000000800b962        0x2 
 .text.crc16    0x000000000800b964       0x6c _build/../../common/src/utils.o
                0x000000000800b964                crc16
 .text.UG_Init  0x000000000800b9d0      0x12c _build/../../common/src/ugui.o
                0x000000000800b9d0                UG_Init
 .text.UG_FontSelect
                0x000000000800bafc       0x2c _build/../../common/src/ugui.o
                0x000000000800bafc                UG_FontSelect
 .text.UG_FillScreen
                0x000000000800bb28       0x54 _build/../../common/src/ugui.o
                0x000000000800bb28                UG_FillScreen
 .text.UG_FillFrame
                0x000000000800bb7c       0xfc _build/../../common/src/ugui.o
                0x000000000800bb7c                UG_FillFrame
 .text.UG_DrawMesh
                0x000000000800bc78       0xa4 _build/../../common/src/ugui.o
                0x000000000800bc78                UG_DrawMesh
 .text.UG_DrawLine
                0x000000000800bd1c      0x1d4 _build/../../common/src/ugui.o
                0x000000000800bd1c                UG_DrawLine
 .text.UG_PutString_with_length
                0x000000000800bef0      0x144 _build/../../common/src/ugui.o
                0x000000000800bef0                UG_PutString_with_length
 .text.UG_PutString
                0x000000000800c034       0x2a _build/../../common/src/ugui.o
                0x000000000800c034                UG_PutString
 *fill*         0x000000000800c05e        0x2 
 .text.UG_PutChar
                0x000000000800c060       0x64 _build/../../common/src/ugui.o
                0x000000000800c060                UG_PutChar
 .text.UG_SetForecolor
                0x000000000800c0c4       0x24 _build/../../common/src/ugui.o
                0x000000000800c0c4                UG_SetForecolor
 .text.UG_SetBackcolor
                0x000000000800c0e8       0x24 _build/../../common/src/ugui.o
                0x000000000800c0e8                UG_SetBackcolor
 .text._UG_PutChar
                0x000000000800c10c      0x514 _build/../../common/src/ugui.o
                0x000000000800c10c                _UG_PutChar
 .text.UG_DriverRegister
                0x000000000800c620       0x44 _build/../../common/src/ugui.o
                0x000000000800c620                UG_DriverRegister
 .text._UG_Refresh
                0x000000000800c664       0x30 _build/../../common/src/ugui.o
                0x000000000800c664                _UG_Refresh
 .text.get_ui_vars
                0x000000000800c694       0x14 _build/../../common/src/state.o
                0x000000000800c694                get_ui_vars
 .text.get_rt_vars
                0x000000000800c6a8       0x14 _build/../../common/src/state.o
                0x000000000800c6a8                get_rt_vars
 .text.set_lcd_backlight
                0x000000000800c6bc       0x2c _build/../../common/src/state.o
                0x000000000800c6bc                set_lcd_backlight
 .text.fake     0x000000000800c6e8       0x4c _build/../../common/src/state.o
 .text.fakeWave
                0x000000000800c734       0x48 _build/../../common/src/state.o
 .text.fakeRandom
                0x000000000800c77c       0x78 _build/../../common/src/state.o
 *fill*         0x000000000800c7f4        0x4 
 .text.parse_simmotor
                0x000000000800c7f8      0x220 _build/../../common/src/state.o
                0x000000000800c7f8                parse_simmotor
 .text.rt_send_tx_package
                0x000000000800ca18      0x4dc _build/../../common/src/state.o
                0x000000000800ca18                rt_send_tx_package
 .text.rt_low_pass_filter_battery_voltage_current_power
                0x000000000800cef4      0x140 _build/../../common/src/state.o
                0x000000000800cef4                rt_low_pass_filter_battery_voltage_current_power
 .text.rt_low_pass_filter_pedal_power
                0x000000000800d034       0x50 _build/../../common/src/state.o
                0x000000000800d034                rt_low_pass_filter_pedal_power
 .text.rt_calc_battery_voltage_soc
                0x000000000800d084       0x40 _build/../../common/src/state.o
                0x000000000800d084                rt_calc_battery_voltage_soc
 .text.rt_calc_wh
                0x000000000800d0c4       0xc0 _build/../../common/src/state.o
                0x000000000800d0c4                rt_calc_wh
 .text.reset_wh
                0x000000000800d184       0x2c _build/../../common/src/state.o
                0x000000000800d184                reset_wh
 .text.rt_calc_odometer
                0x000000000800d1b0      0x118 _build/../../common/src/state.o
 .text.rt_calc_trips
                0x000000000800d2c8      0x24c _build/../../common/src/state.o
 .text.rt_low_pass_filter_pedal_cadence
                0x000000000800d514       0x60 _build/../../common/src/state.o
 .text.rt_first_time_management
                0x000000000800d574       0xd8 _build/../../common/src/state.o
                0x000000000800d574                rt_first_time_management
 .text.rt_calc_battery_soc
                0x000000000800d64c       0x58 _build/../../common/src/state.o
                0x000000000800d64c                rt_calc_battery_soc
 .text.rt_processing_stop
                0x000000000800d6a4        0xc _build/../../common/src/state.o
                0x000000000800d6a4                rt_processing_stop
 .text.rt_processing_start
                0x000000000800d6b0        0xc _build/../../common/src/state.o
                0x000000000800d6b0                rt_processing_start
 .text.copy_rt_to_ui_vars
                0x000000000800d6bc      0x4ec _build/../../common/src/state.o
                0x000000000800d6bc                copy_rt_to_ui_vars
 .text.automatic_power_off_management
                0x000000000800dba8       0x78 _build/../../common/src/state.o
                0x000000000800dba8                automatic_power_off_management
 .text.communications
                0x000000000800dc20      0x354 _build/../../common/src/state.o
                0x000000000800dc20                communications
 .text.rt_processing
                0x000000000800df74       0x38 _build/../../common/src/state.o
                0x000000000800df74                rt_processing
 .text.prepare_torque_sensor_calibration_table
                0x000000000800dfac        0xc _build/../../common/src/state.o
                0x000000000800dfac                prepare_torque_sensor_calibration_table
 .text.motor_init
                0x000000000800dfb8      0x298 _build/../../common/src/state.o
 .text.getBackColor
                0x000000000800e250       0x32 _build/../../common/src/screen.o
 .text.getForeColor
                0x000000000800e282       0x42 _build/../../common/src/screen.o
 .text.autoTextHeight
                0x000000000800e2c4       0x48 _build/../../common/src/screen.o
 .text.renderDrawTextCommon
                0x000000000800e30c       0xdc _build/../../common/src/screen.o
                0x000000000800e30c                renderDrawTextCommon
 .text.renderDrawTextRW
                0x000000000800e3e8       0x22 _build/../../common/src/screen.o
 .text.renderDrawTextRO
                0x000000000800e40a       0x20 _build/../../common/src/screen.o
 *fill*         0x000000000800e42a        0x2 
 .text.renderFill
                0x000000000800e42c       0xac _build/../../common/src/screen.o
 .text.renderMesh
                0x000000000800e4d8       0xac _build/../../common/src/screen.o
 .text.drawSelectionMarkerForced
                0x000000000800e584       0xbc _build/../../common/src/screen.o
 .text.drawSelectionMarker
                0x000000000800e640       0x8a _build/../../common/src/screen.o
 .text.drawBorder
                0x000000000800e6ca      0x190 _build/../../common/src/screen.o
 *fill*         0x000000000800e85a        0x2 
 .text.getField
                0x000000000800e85c       0x94 _build/../../common/src/screen.o
 .text.needsRender
                0x000000000800e8f0       0xac _build/../../common/src/screen.o
 .text.renderField
                0x000000000800e99c       0x30 _build/../../common/src/screen.o
 .text.renderLayouts
                0x000000000800e9cc      0x21c _build/../../common/src/screen.o
                0x000000000800e9cc                renderLayouts
 .text.getActiveScrollable
                0x000000000800ebe8       0x2c _build/../../common/src/screen.o
 .text.enterScrollable
                0x000000000800ec14       0x7c _build/../../common/src/screen.o
 .text.exitScrollable
                0x000000000800ec90       0x74 _build/../../common/src/screen.o
 .text.renderActiveScrollable
                0x000000000800ed04      0x380 _build/../../common/src/screen.o
 .text.renderScrollable
                0x000000000800f084       0x48 _build/../../common/src/screen.o
 .text.getEditableNumber
                0x000000000800f0cc      0x158 _build/../../common/src/screen.o
 .text.convertUnits
                0x000000000800f224       0xec _build/../../common/src/screen.o
                0x000000000800f224                convertUnits
 .text.convertToImperialIfNeeded
                0x000000000800f310       0xa4 _build/../../common/src/screen.o
                0x000000000800f310                convertToImperialIfNeeded
 .text.setEditableNumber
                0x000000000800f3b4      0x110 _build/../../common/src/screen.o
 .text.countEnumOptions
                0x000000000800f4c4       0x32 _build/../../common/src/screen.o
 *fill*         0x000000000800f4f6        0x2 
 .text.changeEditable
                0x000000000800f4f8      0x118 _build/../../common/src/screen.o
 .text.getUnits
                0x000000000800f610       0xa4 _build/../../common/src/screen.o
 .text.getEditableString
                0x000000000800f6b4      0x114 _build/../../common/src/screen.o
 .text.putStringCentered
                0x000000000800f7c8       0xdc _build/../../common/src/screen.o
 .text.putStringRight
                0x000000000800f8a4       0x74 _build/../../common/src/screen.o
 .text.putStringLeft
                0x000000000800f918       0x40 _build/../../common/src/screen.o
 .text.putAligned
                0x000000000800f958      0x140 _build/../../common/src/screen.o
 .text.updateReadOnlyStr
                0x000000000800fa98       0x54 _build/../../common/src/screen.o
                0x000000000800fa98                updateReadOnlyStr
 .text.updateReadOnlyLabelStr
                0x000000000800faec       0x2a _build/../../common/src/screen.o
                0x000000000800faec                updateReadOnlyLabelStr
 .text.getEditableColor
                0x000000000800fb16      0x226 _build/../../common/src/screen.o
                0x000000000800fb16                getEditableColor
 .text.renderEditable
                0x000000000800fd3c      0x818 _build/../../common/src/screen.o
 .text.renderCustom
                0x0000000008010554       0x40 _build/../../common/src/screen.o
 .text.graphClear
                0x0000000008010594       0x7c _build/../../common/src/screen.o
 .text.graphLabelAxisCustomize
                0x0000000008010610      0x280 _build/../../common/src/screen.o
 .text.graphLabelAxis
                0x0000000008010890      0x28c _build/../../common/src/screen.o
 .text.graphScaleY
                0x0000000008010b1c       0x40 _build/../../common/src/screen.o
 .text.graphDrawPoints
                0x0000000008010b5c      0x7c4 _build/../../common/src/screen.o
 .text.renderGraph
                0x0000000008011320      0x230 _build/../../common/src/screen.o
 .text.renderCustomizable
                0x0000000008011550       0x22 _build/../../common/src/screen.o
 *fill*         0x0000000008011572        0x2 
 .text.renderEnd
                0x0000000008011574       0x24 _build/../../common/src/screen.o
 .text.forceScrollableRender
                0x0000000008011598       0x38 _build/../../common/src/screen.o
 .text.setActiveEditable
                0x00000000080115d0       0x90 _build/../../common/src/screen.o
 .text.onPressEditable
                0x0000000008011660       0x84 _build/../../common/src/screen.o
 .text.countEntries
                0x00000000080116e4       0x40 _build/../../common/src/screen.o
                0x00000000080116e4                countEntries
 .text.onPressScrollable
                0x0000000008011724      0x180 _build/../../common/src/screen.o
 .text.selectNextCustomizableField
                0x00000000080118a4       0xd4 _build/../../common/src/screen.o
 .text.changeCurrentCustomizableField
                0x0000000008011978       0xac _build/../../common/src/screen.o
 .text.changeXAxis
                0x0000000008011a24       0xa0 _build/../../common/src/screen.o
 .text.onPressCustomizing
                0x0000000008011ac4      0x184 _build/../../common/src/screen.o
 .text.screenOnPress
                0x0000000008011c48       0xec _build/../../common/src/screen.o
                0x0000000008011c48                screenOnPress
 .text.panicScreenShow
                0x0000000008011d34       0x54 _build/../../common/src/screen.o
                0x0000000008011d34                panicScreenShow
 .text.screenShow
                0x0000000008011d88       0x40 _build/../../common/src/screen.o
                0x0000000008011d88                screenShow
 .text.screenUpdate
                0x0000000008011dc8      0x100 _build/../../common/src/screen.o
                0x0000000008011dc8                screenUpdate
 .text.fieldPrintf
                0x0000000008011ec8       0x8c _build/../../common/src/screen.o
                0x0000000008011ec8                fieldPrintf
 .text.updateGraphData
                0x0000000008011f54      0x334 _build/../../common/src/screen.o
                0x0000000008011f54                updateGraphData
 .text.rt_graph_process
                0x0000000008012288      0x254 _build/../../common/src/screen.o
                0x0000000008012288                rt_graph_process
 .text.graph_init
                0x00000000080124dc       0xc8 _build/../../common/src/screen.o
                0x00000000080124dc                graph_init
 .text.update_battery_power_usage_label
                0x00000000080125a4       0x48 _build/../../common/src/screen.o
                0x00000000080125a4                update_battery_power_usage_label
 .text.screen_init
                0x00000000080125ec      0x310 _build/../../common/src/screen.o
                0x00000000080125ec                screen_init
 .text.bootScreenOnPreUpdate
                0x00000000080128fc       0x78 _build/../../common/src/mainscreen.o
 .text.bootScreenOnExit
                0x0000000008012974       0x18 _build/../../common/src/mainscreen.o
                0x0000000008012974                bootScreenOnExit
 .text.anyscreen_onpress
                0x000000000801298c       0x64 _build/../../common/src/mainscreen.o
                0x000000000801298c                anyscreen_onpress
 .text.onPressAlternateField
                0x00000000080129f0      0x2d8 _build/../../common/src/mainscreen.o
 .text.onPressStreetMode
                0x0000000008012cc8       0x5c _build/../../common/src/mainscreen.o
 .text.mainScreenOnPress
                0x0000000008012d24      0x148 _build/../../common/src/mainscreen.o
                0x0000000008012d24                mainScreenOnPress
 .text.set_conversions
                0x0000000008012e6c       0x40 _build/../../common/src/mainscreen.o
                0x0000000008012e6c                set_conversions
 .text.lcd_main_screen
                0x0000000008012eac       0x28 _build/../../common/src/mainscreen.o
                0x0000000008012eac                lcd_main_screen
 .text.wheel_speed
                0x0000000008012ed4       0x68 _build/../../common/src/mainscreen.o
                0x0000000008012ed4                wheel_speed
 .text.alternatField
                0x0000000008012f3c      0x118 _build/../../common/src/mainscreen.o
                0x0000000008012f3c                alternatField
 .text.streetMode
                0x0000000008013054       0x44 _build/../../common/src/mainscreen.o
                0x0000000008013054                streetMode
 .text.screen_clock
                0x0000000008013098       0x80 _build/../../common/src/mainscreen.o
                0x0000000008013098                screen_clock
 .text.thresholds
                0x0000000008013118      0x6fc _build/../../common/src/mainscreen.o
                0x0000000008013118                thresholds
 .text.up_time  0x0000000008013814       0x54 _build/../../common/src/mainscreen.o
                0x0000000008013814                up_time
 .text.trip_time
                0x0000000008013868       0x30 _build/../../common/src/mainscreen.o
                0x0000000008013868                trip_time
 .text.updateTripTime
                0x0000000008013898       0xdc _build/../../common/src/mainscreen.o
                0x0000000008013898                updateTripTime
 .text.renderWarning
                0x0000000008013974       0x38 _build/../../common/src/mainscreen.o
 .text.setWarning
                0x00000000080139ac       0x74 _build/../../common/src/mainscreen.o
                0x00000000080139ac                setWarning
 .text.warnings
                0x0000000008013a20      0x2a8 _build/../../common/src/mainscreen.o
                0x0000000008013a20                warnings
 .text.battery_soc
                0x0000000008013cc8       0x80 _build/../../common/src/mainscreen.o
                0x0000000008013cc8                battery_soc
 .text.time     0x0000000008013d48       0xcc _build/../../common/src/mainscreen.o
                0x0000000008013d48                time
 .text.walk_assist_state
                0x0000000008013e14       0x68 _build/../../common/src/mainscreen.o
                0x0000000008013e14                walk_assist_state
 .text.showNextScreen
                0x0000000008013e7c       0x50 _build/../../common/src/mainscreen.o
                0x0000000008013e7c                showNextScreen
 .text.appwide_onpress
                0x0000000008013ecc       0xb8 _build/../../common/src/mainscreen.o
 .text.handle_buttons
                0x0000000008013f84      0x108 _build/../../common/src/mainscreen.o
 .text.main_idle
                0x000000000801408c       0x3c _build/../../common/src/mainscreen.o
                0x000000000801408c                main_idle
 .text.batteryTotalWh
                0x00000000080140c8       0x28 _build/../../common/src/mainscreen.o
                0x00000000080140c8                batteryTotalWh
 .text.DisplayResetToDefaults
                0x00000000080140f0       0x64 _build/../../common/src/mainscreen.o
                0x00000000080140f0                DisplayResetToDefaults
 .text.TripMemoriesReset
                0x0000000008014154       0x98 _build/../../common/src/mainscreen.o
                0x0000000008014154                TripMemoriesReset
 .text.BatterySOCReset
                0x00000000080141ec       0x8c _build/../../common/src/mainscreen.o
                0x00000000080141ec                BatterySOCReset
 .text.SetDefaultWeight
                0x0000000008014278       0x68 _build/../../common/src/mainscreen.o
                0x0000000008014278                SetDefaultWeight
 .text.DisplayResetBluetoothPeers
                0x00000000080142e0        0xc _build/../../common/src/mainscreen.o
                0x00000000080142e0                DisplayResetBluetoothPeers
 .text.batteryCurrent
                0x00000000080142ec       0x20 _build/../../common/src/mainscreen.o
                0x00000000080142ec                batteryCurrent
 .text.batteryResistance
                0x000000000801430c      0x114 _build/../../common/src/mainscreen.o
                0x000000000801430c                batteryResistance
 .text.motorCurrent
                0x0000000008014420       0x20 _build/../../common/src/mainscreen.o
                0x0000000008014420                motorCurrent
 .text.onSetConfigurationWheelOdometer
                0x0000000008014440       0x20 _build/../../common/src/mainscreen.o
                0x0000000008014440                onSetConfigurationWheelOdometer
 .text.batteryPower
                0x0000000008014460       0x7c _build/../../common/src/mainscreen.o
                0x0000000008014460                batteryPower
 .text.pedalPower
                0x00000000080144dc       0xa8 _build/../../common/src/mainscreen.o
                0x00000000080144dc                pedalPower
 .text.onSetConfigurationBatterySOCUsedWh
                0x0000000008014584       0x20 _build/../../common/src/mainscreen.o
                0x0000000008014584                onSetConfigurationBatterySOCUsedWh
 .text.configScreenOnEnter
                0x00000000080145a4       0x30 _build/../../common/src/configscreen.o
 .text.configExit
                0x00000000080145d4       0x2c _build/../../common/src/configscreen.o
 .text.configPreUpdate
                0x0000000008014600        0xc _build/../../common/src/configscreen.o
 .text.eeprom_init
                0x000000000801460c       0x5c _build/../../common/src/eeprom.o
                0x000000000801460c                eeprom_init
 .text.eeprom_init_variables
                0x0000000008014668      0xa6c _build/../../common/src/eeprom.o
                0x0000000008014668                eeprom_init_variables
 .text.eeprom_write_variables
                0x00000000080150d4      0x788 _build/../../common/src/eeprom.o
                0x00000000080150d4                eeprom_write_variables
 .text.eeprom_init_defaults
                0x000000000801585c       0x14 _build/../../common/src/eeprom.o
                0x000000000801585c                eeprom_init_defaults
 .text.Reset_Handler
                0x0000000008015870       0x44 startup_stm32f10x_md.o
                0x0000000008015870                Reset_Handler
 .text.Default_Handler
                0x00000000080158b4        0x2 startup_stm32f10x_md.o
                0x00000000080158b4                EXTI2_IRQHandler
                0x00000000080158b4                DebugMon_Handler
                0x00000000080158b4                TIM1_CC_IRQHandler
                0x00000000080158b4                PVD_IRQHandler
                0x00000000080158b4                PendSV_Handler
                0x00000000080158b4                NMI_Handler
                0x00000000080158b4                EXTI3_IRQHandler
                0x00000000080158b4                EXTI0_IRQHandler
                0x00000000080158b4                I2C2_EV_IRQHandler
                0x00000000080158b4                UsageFault_Handler
                0x00000000080158b4                ADC1_2_IRQHandler
                0x00000000080158b4                SPI1_IRQHandler
                0x00000000080158b4                TAMPER_IRQHandler
                0x00000000080158b4                DMA1_Channel4_IRQHandler
                0x00000000080158b4                USART3_IRQHandler
                0x00000000080158b4                DMA1_Channel7_IRQHandler
                0x00000000080158b4                CAN1_RX1_IRQHandler
                0x00000000080158b4                I2C1_EV_IRQHandler
                0x00000000080158b4                DMA1_Channel6_IRQHandler
                0x00000000080158b4                TIM3_IRQHandler
                0x00000000080158b4                RCC_IRQHandler
                0x00000000080158b4                TIM1_TRG_COM_IRQHandler
                0x00000000080158b4                DMA1_Channel1_IRQHandler
                0x00000000080158b4                Default_Handler
                0x00000000080158b4                EXTI15_10_IRQHandler
                0x00000000080158b4                EXTI9_5_IRQHandler
                0x00000000080158b4                SPI2_IRQHandler
                0x00000000080158b4                MemManage_Handler
                0x00000000080158b4                SVC_Handler
                0x00000000080158b4                DMA1_Channel5_IRQHandler
                0x00000000080158b4                EXTI4_IRQHandler
                0x00000000080158b4                USB_LP_CAN1_RX0_IRQHandler
                0x00000000080158b4                USB_HP_CAN1_TX_IRQHandler
                0x00000000080158b4                DMA1_Channel3_IRQHandler
                0x00000000080158b4                TIM1_UP_IRQHandler
                0x00000000080158b4                WWDG_IRQHandler
                0x00000000080158b4                TIM2_IRQHandler
                0x00000000080158b4                TIM1_BRK_IRQHandler
                0x00000000080158b4                EXTI1_IRQHandler
                0x00000000080158b4                RTCAlarm_IRQHandler
                0x00000000080158b4                USART2_IRQHandler
                0x00000000080158b4                I2C2_ER_IRQHandler
                0x00000000080158b4                DMA1_Channel2_IRQHandler
                0x00000000080158b4                CAN1_SCE_IRQHandler
                0x00000000080158b4                FLASH_IRQHandler
                0x00000000080158b4                BusFault_Handler
                0x00000000080158b4                I2C1_ER_IRQHandler
                0x00000000080158b4                USBWakeUp_IRQHandler
 .text.abort    0x00000000080158b6        0xe /usr/lib/gcc/arm-none-eabi/11.1.0/../../../../arm-none-eabi/lib/thumb/v7-m/nofp/libc_nano.a(lib_a-abort.o)
                0x00000000080158b6                abort
 .text.atoi     0x00000000080158c4        0x8 /usr/lib/gcc/arm-none-eabi/11.1.0/../../../../arm-none-eabi/lib/thumb/v7-m/nofp/libc_nano.a(lib_a-atoi.o)
                0x00000000080158c4                atoi
 .text.memcpy   0x00000000080158cc       0x1c /usr/lib/gcc/arm-none-eabi/11.1.0/../../../../arm-none-eabi/lib/thumb/v7-m/nofp/libc_nano.a(lib_a-memcpy-stub.o)
                0x00000000080158cc                memcpy
 .text.memset   0x00000000080158e8       0x10 /usr/lib/gcc/arm-none-eabi/11.1.0/../../../../arm-none-eabi/lib/thumb/v7-m/nofp/libc_nano.a(lib_a-memset.o)
                0x00000000080158e8                memset
 .text.rand     0x00000000080158f8       0x7c /usr/lib/gcc/arm-none-eabi/11.1.0/../../../../arm-none-eabi/lib/thumb/v7-m/nofp/libc_nano.a(lib_a-rand.o)
                0x00000000080158f8                rand
 .text._raise_r
                0x0000000008015974       0x50 /usr/lib/gcc/arm-none-eabi/11.1.0/../../../../arm-none-eabi/lib/thumb/v7-m/nofp/libc_nano.a(lib_a-signal.o)
                0x0000000008015974                _raise_r
 .text.raise    0x00000000080159c4       0x10 /usr/lib/gcc/arm-none-eabi/11.1.0/../../../../arm-none-eabi/lib/thumb/v7-m/nofp/libc_nano.a(lib_a-signal.o)
                0x00000000080159c4                raise
 .text._kill_r  0x00000000080159d4       0x24 /usr/lib/gcc/arm-none-eabi/11.1.0/../../../../arm-none-eabi/lib/thumb/v7-m/nofp/libc_nano.a(lib_a-signalr.o)
                0x00000000080159d4                _kill_r
 .text._getpid_r
                0x00000000080159f8        0x4 /usr/lib/gcc/arm-none-eabi/11.1.0/../../../../arm-none-eabi/lib/thumb/v7-m/nofp/libc_nano.a(lib_a-signalr.o)
                0x00000000080159f8                _getpid_r
 .text.snprintf
                0x00000000080159fc       0x68 /usr/lib/gcc/arm-none-eabi/11.1.0/../../../../arm-none-eabi/lib/thumb/v7-m/nofp/libc_nano.a(lib_a-snprintf.o)
                0x00000000080159fc                snprintf
                0x00000000080159fc                sniprintf
 .text.sprintf  0x0000000008015a64       0x40 /usr/lib/gcc/arm-none-eabi/11.1.0/../../../../arm-none-eabi/lib/thumb/v7-m/nofp/libc_nano.a(lib_a-sprintf.o)
                0x0000000008015a64                sprintf
                0x0000000008015a64                siprintf
 .text.strcasecmp
                0x0000000008015aa4       0x34 /usr/lib/gcc/arm-none-eabi/11.1.0/../../../../arm-none-eabi/lib/thumb/v7-m/nofp/libc_nano.a(lib_a-strcasecmp.o)
                0x0000000008015aa4                strcasecmp
 .text.strcpy   0x0000000008015ad8       0x10 /usr/lib/gcc/arm-none-eabi/11.1.0/../../../../arm-none-eabi/lib/thumb/v7-m/nofp/libc_nano.a(lib_a-strcpy.o)
                0x0000000008015ad8                strcpy
 .text.strncmp  0x0000000008015ae8       0x28 /usr/lib/gcc/arm-none-eabi/11.1.0/../../../../arm-none-eabi/lib/thumb/v7-m/nofp/libc_nano.a(lib_a-strncmp.o)
                0x0000000008015ae8                strncmp
 .text.strncpy  0x0000000008015b10       0x26 /usr/lib/gcc/arm-none-eabi/11.1.0/../../../../arm-none-eabi/lib/thumb/v7-m/nofp/libc_nano.a(lib_a-strncpy.o)
                0x0000000008015b10                strncpy
 *fill*         0x0000000008015b36        0x2 
 .text._strtol_l.constprop.0
                0x0000000008015b38       0xf8 /usr/lib/gcc/arm-none-eabi/11.1.0/../../../../arm-none-eabi/lib/thumb/v7-m/nofp/libc_nano.a(lib_a-strtol.o)
 .text.strtol   0x0000000008015c30       0x14 /usr/lib/gcc/arm-none-eabi/11.1.0/../../../../arm-none-eabi/lib/thumb/v7-m/nofp/libc_nano.a(lib_a-strtol.o)
                0x0000000008015c30                strtol
 .text._vsnprintf_r
                0x0000000008015c44       0x56 /usr/lib/gcc/arm-none-eabi/11.1.0/../../../../arm-none-eabi/lib/thumb/v7-m/nofp/libc_nano.a(lib_a-vsnprintf.o)
                0x0000000008015c44                _vsnprintf_r
                0x0000000008015c44                _vsniprintf_r
 *fill*         0x0000000008015c9a        0x2 
 .text.vsnprintf
                0x0000000008015c9c       0x1c /usr/lib/gcc/arm-none-eabi/11.1.0/../../../../arm-none-eabi/lib/thumb/v7-m/nofp/libc_nano.a(lib_a-vsnprintf.o)
                0x0000000008015c9c                vsnprintf
                0x0000000008015c9c                vsniprintf
 .text.__errno  0x0000000008015cb8        0xc /usr/lib/gcc/arm-none-eabi/11.1.0/../../../../arm-none-eabi/lib/thumb/v7-m/nofp/libc_nano.a(lib_a-errno.o)
                0x0000000008015cb8                __errno
 .text.malloc   0x0000000008015cc4       0x10 /usr/lib/gcc/arm-none-eabi/11.1.0/../../../../arm-none-eabi/lib/thumb/v7-m/nofp/libc_nano.a(lib_a-malloc.o)
                0x0000000008015cc4                malloc
 .text._free_r  0x0000000008015cd4       0x90 /usr/lib/gcc/arm-none-eabi/11.1.0/../../../../arm-none-eabi/lib/thumb/v7-m/nofp/libc_nano.a(lib_a-nano-freer.o)
                0x0000000008015cd4                _free_r
 .text._malloc_r
                0x0000000008015d64       0xb4 /usr/lib/gcc/arm-none-eabi/11.1.0/../../../../arm-none-eabi/lib/thumb/v7-m/nofp/libc_nano.a(lib_a-nano-mallocr.o)
                0x0000000008015d64                _malloc_r
 .text.__ssputs_r
                0x0000000008015e18       0xb6 /usr/lib/gcc/arm-none-eabi/11.1.0/../../../../arm-none-eabi/lib/thumb/v7-m/nofp/libc_nano.a(lib_a-nano-svfprintf.o)
                0x0000000008015e18                __ssputs_r
 *fill*         0x0000000008015ece        0x2 
 .text._svfprintf_r
                0x0000000008015ed0      0x200 /usr/lib/gcc/arm-none-eabi/11.1.0/../../../../arm-none-eabi/lib/thumb/v7-m/nofp/libc_nano.a(lib_a-nano-svfprintf.o)
                0x0000000008015ed0                _svfprintf_r
                0x0000000008015ed0                _svfiprintf_r
 .text._printf_common
                0x00000000080160d0       0xde /usr/lib/gcc/arm-none-eabi/11.1.0/../../../../arm-none-eabi/lib/thumb/v7-m/nofp/libc_nano.a(lib_a-nano-vfprintf_i.o)
                0x00000000080160d0                _printf_common
 *fill*         0x00000000080161ae        0x2 
 .text._printf_i
                0x00000000080161b0      0x24c /usr/lib/gcc/arm-none-eabi/11.1.0/../../../../arm-none-eabi/lib/thumb/v7-m/nofp/libc_nano.a(lib_a-nano-vfprintf_i.o)
                0x00000000080161b0                _printf_i
 .text._sbrk_r  0x00000000080163fc       0x20 /usr/lib/gcc/arm-none-eabi/11.1.0/../../../../arm-none-eabi/lib/thumb/v7-m/nofp/libc_nano.a(lib_a-sbrkr.o)
                0x00000000080163fc                _sbrk_r
 .text.memchr   0x000000000801641c       0x1c /usr/lib/gcc/arm-none-eabi/11.1.0/../../../../arm-none-eabi/lib/thumb/v7-m/nofp/libc_nano.a(lib_a-memchr-stub.o)
                0x000000000801641c                memchr
 .text.memmove  0x0000000008016438       0x34 /usr/lib/gcc/arm-none-eabi/11.1.0/../../../../arm-none-eabi/lib/thumb/v7-m/nofp/libc_nano.a(lib_a-memmove.o)
                0x0000000008016438                memmove
 .text.__malloc_lock
                0x000000000801646c        0xc /usr/lib/gcc/arm-none-eabi/11.1.0/../../../../arm-none-eabi/lib/thumb/v7-m/nofp/libc_nano.a(lib_a-mlock.o)
                0x000000000801646c                __malloc_lock
 .text.__malloc_unlock
                0x0000000008016478        0xc /usr/lib/gcc/arm-none-eabi/11.1.0/../../../../arm-none-eabi/lib/thumb/v7-m/nofp/libc_nano.a(lib_a-mlock.o)
                0x0000000008016478                __malloc_unlock
 .text._realloc_r
                0x0000000008016484       0x5e /usr/lib/gcc/arm-none-eabi/11.1.0/../../../../arm-none-eabi/lib/thumb/v7-m/nofp/libc_nano.a(lib_a-nano-reallocr.o)
                0x0000000008016484                _realloc_r
 .text.__retarget_lock_acquire_recursive
                0x00000000080164e2        0x2 /usr/lib/gcc/arm-none-eabi/11.1.0/../../../../arm-none-eabi/lib/thumb/v7-m/nofp/libc_nano.a(lib_a-lock.o)
                0x00000000080164e2                __retarget_lock_acquire_recursive
 .text.__retarget_lock_release_recursive
                0x00000000080164e4        0x2 /usr/lib/gcc/arm-none-eabi/11.1.0/../../../../arm-none-eabi/lib/thumb/v7-m/nofp/libc_nano.a(lib_a-lock.o)
                0x00000000080164e4                __retarget_lock_release_recursive
 .text._malloc_usable_size_r
                0x00000000080164e6       0x10 /usr/lib/gcc/arm-none-eabi/11.1.0/../../../../arm-none-eabi/lib/thumb/v7-m/nofp/libc_nano.a(lib_a-nano-msizer.o)
                0x00000000080164e6                _malloc_usable_size_r
 *fill*         0x00000000080164f6        0x2 
 .text._getpid  0x00000000080164f8       0x10 /usr/lib/gcc/arm-none-eabi/11.1.0/../../../../arm-none-eabi/lib/thumb/v7-m/nofp/libnosys.a(getpid.o)
                0x00000000080164f8                _getpid
 .text._kill    0x0000000008016508       0x10 /usr/lib/gcc/arm-none-eabi/11.1.0/../../../../arm-none-eabi/lib/thumb/v7-m/nofp/libnosys.a(kill.o)
                0x0000000008016508                _kill
 .text._sbrk    0x0000000008016518       0x1c /usr/lib/gcc/arm-none-eabi/11.1.0/../../../../arm-none-eabi/lib/thumb/v7-m/nofp/libnosys.a(sbrk.o)
                0x0000000008016518                _sbrk
 .text._exit    0x0000000008016534        0x4 /usr/lib/gcc/arm-none-eabi/11.1.0/../../../../arm-none-eabi/lib/thumb/v7-m/nofp/libnosys.a(_exit.o)
                0x0000000008016534                _exit
 *(.rodata)
 .rodata        0x0000000008016538        0xf _build/spl/src/misc.o
 *fill*         0x0000000008016547        0x1 
 .rodata        0x0000000008016548       0x18 _build/spl/src/stm32f10x_adc.o
 .rodata        0x0000000008016560       0x18 _build/spl/src/stm32f10x_bkp.o
 .rodata        0x0000000008016578       0x18 _build/spl/src/stm32f10x_dma.o
 .rodata        0x0000000008016590       0x1a _build/spl/src/stm32f10x_flash.o
 *fill*         0x00000000080165aa        0x2 
 .rodata        0x00000000080165ac       0x19 _build/spl/src/stm32f10x_gpio.o
 *fill*         0x00000000080165c5        0x3 
 .rodata        0x00000000080165c8       0x18 _build/spl/src/stm32f10x_pwr.o
 .rodata        0x00000000080165e0       0x18 _build/spl/src/stm32f10x_rcc.o
 .rodata        0x00000000080165f8       0x18 _build/spl/src/stm32f10x_rtc.o
 .rodata        0x0000000008016610       0x18 _build/spl/src/stm32f10x_tim.o
 .rodata        0x0000000008016628       0x1a _build/spl/src/stm32f10x_usart.o
 *fill*         0x0000000008016642        0x2 
 .rodata        0x0000000008016644       0x1b _build/mainscreen-850.o
 *fill*         0x000000000801665f        0x1 
 .rodata        0x0000000008016660       0x4e _build/../../common/src/fault.o
 *fill*         0x00000000080166ae        0x2 
 .rodata        0x00000000080166b0       0x71 _build/../../common/src/state.o
 *fill*         0x0000000008016721        0x3 
 .rodata        0x0000000008016724      0x26e _build/../../common/src/screen.o
 *fill*         0x0000000008016992        0x2 
 .rodata        0x0000000008016994      0x37c _build/../../common/src/mainscreen.o
 .rodata        0x0000000008016d10      0x88b _build/../../common/src/configscreen.o
 *(.rodata*)
 *fill*         0x000000000801759b        0x1 
 .rodata.batteryField
                0x000000000801759c       0x2c _build/mainscreen-850.o
                0x000000000801759c                batteryField
 .rodata.faultHeading
                0x00000000080175c8       0x2c _build/../../common/src/fault.o
                0x00000000080175c8                faultHeading
 .rodata.faultCode
                0x00000000080175f4       0x2c _build/../../common/src/fault.o
                0x00000000080175f4                faultCode
 .rodata.addrHeading
                0x0000000008017620       0x2c _build/../../common/src/fault.o
                0x0000000008017620                addrHeading
 .rodata.addrCode
                0x000000000801764c       0x2c _build/../../common/src/fault.o
                0x000000000801764c                addrCode
 .rodata.infoHeading
                0x0000000008017678       0x2c _build/../../common/src/fault.o
                0x0000000008017678                infoHeading
 .rodata.infoCode
                0x00000000080176a4       0x2c _build/../../common/src/fault.o
                0x00000000080176a4                infoCode
 .rodata.font_10x16
                0x00000000080176d0     0x2000 _build/../../common/src/ugui.o
                0x00000000080176d0                font_10x16
 .rodata.font_12x20
                0x00000000080196d0     0x2800 _build/../../common/src/ugui.o
                0x00000000080196d0                font_12x20
 .rodata.font_16x26
                0x000000000801bed0     0x3400 _build/../../common/src/ugui.o
                0x000000000801bed0                font_16x26
 .rodata.font_24x40
                0x000000000801f2d0     0x7800 _build/../../common/src/ugui.o
                0x000000000801f2d0                font_24x40
 .rodata.FONT_10X16
                0x0000000008026ad0       0x14 _build/../../common/src/ugui.o
                0x0000000008026ad0                FONT_10X16
 .rodata.FONT_12X20
                0x0000000008026ae4       0x14 _build/../../common/src/ugui.o
                0x0000000008026ae4                FONT_12X20
 .rodata.FONT_16X26
                0x0000000008026af8       0x14 _build/../../common/src/ugui.o
                0x0000000008026af8                FONT_16X26
 .rodata.FONT_24X40
                0x0000000008026b0c       0x14 _build/../../common/src/ugui.o
                0x0000000008026b0c                FONT_24X40
 .rodata.BITS_FONT_61X99
                0x0000000008026b20    0x125e8 _build/../../common/src/fonts.o
 .rodata.FONT_61X99
                0x0000000008039108       0x14 _build/../../common/src/fonts.o
                0x0000000008039108                FONT_61X99
 .rodata.BITS_FONT_45X72
                0x000000000803911c     0xa050 _build/../../common/src/fonts.o
 .rodata.FONT_45X72
                0x000000000804316c       0x14 _build/../../common/src/fonts.o
                0x000000000804316c                FONT_45X72
 .rodata.my_font_cursors
                0x0000000008043180       0x1a _build/../../common/src/fonts.o
                0x0000000008043180                my_font_cursors
 *fill*         0x000000000804319a        0x2 
 .rodata.FONT_CURSORS
                0x000000000804319c       0x14 _build/../../common/src/fonts.o
                0x000000000804319c                FONT_CURSORS
 .rodata.renderers
                0x00000000080431b0       0x28 _build/../../common/src/screen.o
 .rodata.heading
                0x00000000080431d8       0x2c _build/../../common/src/screen.o
 .rodata.label  0x0000000008043204       0x2c _build/../../common/src/screen.o
 .rodata.blankRow
                0x0000000008043230       0x2c _build/../../common/src/screen.o
 .rodata.__func__.38
                0x000000000804325c        0xf _build/../../common/src/screen.o
 *fill*         0x000000000804326b        0x1 
 .rodata.__func__.37
                0x000000000804326c        0xb _build/../../common/src/screen.o
 *fill*         0x0000000008043277        0x1 
 .rodata.__func__.36
                0x0000000008043278        0xb _build/../../common/src/screen.o
 *fill*         0x0000000008043283        0x1 
 .rodata.__func__.35
                0x0000000008043284        0x9 _build/../../common/src/screen.o
 *fill*         0x000000000804328d        0x3 
 .rodata.__func__.34
                0x0000000008043290        0xe _build/../../common/src/screen.o
 *fill*         0x000000000804329e        0x2 
 .rodata.__func__.33
                0x00000000080432a0       0x10 _build/../../common/src/screen.o
 .rodata.__func__.32
                0x00000000080432b0        0xf _build/../../common/src/screen.o
 *fill*         0x00000000080432bf        0x1 
 .rodata.__func__.31
                0x00000000080432c0       0x17 _build/../../common/src/screen.o
 *fill*         0x00000000080432d7        0x1 
 .rodata.__func__.28
                0x00000000080432d8       0x12 _build/../../common/src/screen.o
 *fill*         0x00000000080432ea        0x2 
 .rodata.__func__.27
                0x00000000080432ec       0x12 _build/../../common/src/screen.o
 *fill*         0x00000000080432fe        0x2 
 .rodata.__func__.26
                0x0000000008043300        0xf _build/../../common/src/screen.o
 *fill*         0x000000000804330f        0x1 
 .rodata.__func__.25
                0x0000000008043310       0x12 _build/../../common/src/screen.o
 *fill*         0x0000000008043322        0x2 
 .rodata.__func__.24
                0x0000000008043324       0x12 _build/../../common/src/screen.o
 *fill*         0x0000000008043336        0x2 
 .rodata.__func__.23
                0x0000000008043338        0xb _build/../../common/src/screen.o
 *fill*         0x0000000008043343        0x1 
 .rodata.__func__.22
                0x0000000008043344       0x12 _build/../../common/src/screen.o
 *fill*         0x0000000008043356        0x2 
 .rodata.__func__.19
                0x0000000008043358        0xd _build/../../common/src/screen.o
 *fill*         0x0000000008043365        0x3 
 .rodata.__func__.12
                0x0000000008043368        0xc _build/../../common/src/screen.o
 .rodata.__func__.11
                0x0000000008043374        0xa _build/../../common/src/screen.o
 *fill*         0x000000000804337e        0x2 
 .rodata.__func__.9
                0x0000000008043380       0x1f _build/../../common/src/screen.o
 *fill*         0x000000000804339f        0x1 
 .rodata.__func__.7
                0x00000000080433a0        0xc _build/../../common/src/screen.o
 .rodata.__func__.6
                0x00000000080433ac       0x10 _build/../../common/src/screen.o
 .rodata.__func__.3
                0x00000000080433bc       0x11 _build/../../common/src/screen.o
 *fill*         0x00000000080433cd        0x3 
 .rodata.str_km.1
                0x00000000080433d0        0x6 _build/../../common/src/screen.o
 *fill*         0x00000000080433d6        0x2 
 .rodata.str_mi.0
                0x00000000080433d8        0x6 _build/../../common/src/screen.o
 *fill*         0x00000000080433de        0x2 
 .rodata.socField
                0x00000000080433e0       0x2c _build/../../common/src/mainscreen.o
                0x00000000080433e0                socField
 .rodata.timeField
                0x000000000804340c       0x2c _build/../../common/src/mainscreen.o
                0x000000000804340c                timeField
 .rodata.assistLevelField
                0x0000000008043438       0x2c _build/../../common/src/mainscreen.o
                0x0000000008043438                assistLevelField
 .rodata.wheelSpeedIntegerField
                0x0000000008043464       0x2c _build/../../common/src/mainscreen.o
                0x0000000008043464                wheelSpeedIntegerField
 .rodata.wheelSpeedDecimalField
                0x0000000008043490       0x2c _build/../../common/src/mainscreen.o
                0x0000000008043490                wheelSpeedDecimalField
 .rodata.wheelSpeedField
                0x00000000080434bc       0x2c _build/../../common/src/mainscreen.o
                0x00000000080434bc                wheelSpeedField
 .rodata.upTimeField
                0x00000000080434e8       0x2c _build/../../common/src/mainscreen.o
                0x00000000080434e8                upTimeField
 .rodata.tripADistanceField
                0x0000000008043514       0x2c _build/../../common/src/mainscreen.o
                0x0000000008043514                tripADistanceField
 .rodata.tripATimeField
                0x0000000008043540       0x2c _build/../../common/src/mainscreen.o
                0x0000000008043540                tripATimeField
 .rodata.tripAAvgSpeedField
                0x000000000804356c       0x2c _build/../../common/src/mainscreen.o
                0x000000000804356c                tripAAvgSpeedField
 .rodata.tripAMaxSpeedField
                0x0000000008043598       0x2c _build/../../common/src/mainscreen.o
                0x0000000008043598                tripAMaxSpeedField
 .rodata.tripBDistanceField
                0x00000000080435c4       0x2c _build/../../common/src/mainscreen.o
                0x00000000080435c4                tripBDistanceField
 .rodata.tripBTimeField
                0x00000000080435f0       0x2c _build/../../common/src/mainscreen.o
                0x00000000080435f0                tripBTimeField
 .rodata.tripBAvgSpeedField
                0x000000000804361c       0x2c _build/../../common/src/mainscreen.o
                0x000000000804361c                tripBAvgSpeedField
 .rodata.tripBMaxSpeedField
                0x0000000008043648       0x2c _build/../../common/src/mainscreen.o
                0x0000000008043648                tripBMaxSpeedField
 .rodata.odoField
                0x0000000008043674       0x2c _build/../../common/src/mainscreen.o
                0x0000000008043674                odoField
 .rodata.cadenceField
                0x00000000080436a0       0x2c _build/../../common/src/mainscreen.o
                0x00000000080436a0                cadenceField
 .rodata.humanPowerField
                0x00000000080436cc       0x2c _build/../../common/src/mainscreen.o
                0x00000000080436cc                humanPowerField
 .rodata.batteryPowerField
                0x00000000080436f8       0x2c _build/../../common/src/mainscreen.o
                0x00000000080436f8                batteryPowerField
 .rodata.fieldAlternate
                0x0000000008043724       0x2c _build/../../common/src/mainscreen.o
                0x0000000008043724                fieldAlternate
 .rodata.batteryVoltageField
                0x0000000008043750       0x2c _build/../../common/src/mainscreen.o
                0x0000000008043750                batteryVoltageField
 .rodata.batteryCurrentField
                0x000000000804377c       0x2c _build/../../common/src/mainscreen.o
                0x000000000804377c                batteryCurrentField
 .rodata.motorCurrentField
                0x00000000080437a8       0x2c _build/../../common/src/mainscreen.o
                0x00000000080437a8                motorCurrentField
 .rodata.batterySOCField
                0x00000000080437d4       0x2c _build/../../common/src/mainscreen.o
                0x00000000080437d4                batterySOCField
 .rodata.motorTempField
                0x0000000008043800       0x2c _build/../../common/src/mainscreen.o
                0x0000000008043800                motorTempField
 .rodata.motorErpsField
                0x000000000804382c       0x2c _build/../../common/src/mainscreen.o
                0x000000000804382c                motorErpsField
 .rodata.pwmDutyField
                0x0000000008043858       0x2c _build/../../common/src/mainscreen.o
                0x0000000008043858                pwmDutyField
 .rodata.motorFOCField
                0x0000000008043884       0x2c _build/../../common/src/mainscreen.o
                0x0000000008043884                motorFOCField
 .rodata.batteryPowerUsageField
                0x00000000080438b0       0x2c _build/../../common/src/mainscreen.o
                0x00000000080438b0                batteryPowerUsageField
 .rodata.warnField
                0x00000000080438dc       0x2c _build/../../common/src/mainscreen.o
                0x00000000080438dc                warnField
 .rodata.wheelSpeedFieldGraph
                0x0000000008043908       0x2c _build/../../common/src/mainscreen.o
                0x0000000008043908                wheelSpeedFieldGraph
 .rodata.tripDistanceFieldGraph
                0x0000000008043934       0x2c _build/../../common/src/mainscreen.o
                0x0000000008043934                tripDistanceFieldGraph
 .rodata.cadenceFieldGraph
                0x0000000008043960       0x2c _build/../../common/src/mainscreen.o
                0x0000000008043960                cadenceFieldGraph
 .rodata.humanPowerFieldGraph
                0x000000000804398c       0x2c _build/../../common/src/mainscreen.o
                0x000000000804398c                humanPowerFieldGraph
 .rodata.batteryPowerFieldGraph
                0x00000000080439b8       0x2c _build/../../common/src/mainscreen.o
                0x00000000080439b8                batteryPowerFieldGraph
 .rodata.batteryVoltageFieldGraph
                0x00000000080439e4       0x2c _build/../../common/src/mainscreen.o
                0x00000000080439e4                batteryVoltageFieldGraph
 .rodata.batteryCurrentFieldGraph
                0x0000000008043a10       0x2c _build/../../common/src/mainscreen.o
                0x0000000008043a10                batteryCurrentFieldGraph
 .rodata.motorCurrentFieldGraph
                0x0000000008043a3c       0x2c _build/../../common/src/mainscreen.o
                0x0000000008043a3c                motorCurrentFieldGraph
 .rodata.batterySOCFieldGraph
                0x0000000008043a68       0x2c _build/../../common/src/mainscreen.o
                0x0000000008043a68                batterySOCFieldGraph
 .rodata.motorTempFieldGraph
                0x0000000008043a94       0x2c _build/../../common/src/mainscreen.o
                0x0000000008043a94                motorTempFieldGraph
 .rodata.motorErpsFieldGraph
                0x0000000008043ac0       0x2c _build/../../common/src/mainscreen.o
                0x0000000008043ac0                motorErpsFieldGraph
 .rodata.pwmDutyFieldGraph
                0x0000000008043aec       0x2c _build/../../common/src/mainscreen.o
                0x0000000008043aec                pwmDutyFieldGraph
 .rodata.motorFOCFieldGraph
                0x0000000008043b18       0x2c _build/../../common/src/mainscreen.o
                0x0000000008043b18                motorFOCFieldGraph
 .rodata.batteryPowerUsageFieldGraph
                0x0000000008043b44       0x2c _build/../../common/src/mainscreen.o
                0x0000000008043b44                batteryPowerUsageFieldGraph
 .rodata.wheelSpeedGraph
                0x0000000008043b70       0x2c _build/../../common/src/mainscreen.o
                0x0000000008043b70                wheelSpeedGraph
 .rodata.tripDistanceGraph
                0x0000000008043b9c       0x2c _build/../../common/src/mainscreen.o
                0x0000000008043b9c                tripDistanceGraph
 .rodata.cadenceGraph
                0x0000000008043bc8       0x2c _build/../../common/src/mainscreen.o
                0x0000000008043bc8                cadenceGraph
 .rodata.humanPowerGraph
                0x0000000008043bf4       0x2c _build/../../common/src/mainscreen.o
                0x0000000008043bf4                humanPowerGraph
 .rodata.batteryPowerGraph
                0x0000000008043c20       0x2c _build/../../common/src/mainscreen.o
                0x0000000008043c20                batteryPowerGraph
 .rodata.batteryPowerUsageGraph
                0x0000000008043c4c       0x2c _build/../../common/src/mainscreen.o
                0x0000000008043c4c                batteryPowerUsageGraph
 .rodata.batteryVoltageGraph
                0x0000000008043c78       0x2c _build/../../common/src/mainscreen.o
                0x0000000008043c78                batteryVoltageGraph
 .rodata.batteryCurrentGraph
                0x0000000008043ca4       0x2c _build/../../common/src/mainscreen.o
                0x0000000008043ca4                batteryCurrentGraph
 .rodata.motorCurrentGraph
                0x0000000008043cd0       0x2c _build/../../common/src/mainscreen.o
                0x0000000008043cd0                motorCurrentGraph
 .rodata.batterySOCGraph
                0x0000000008043cfc       0x2c _build/../../common/src/mainscreen.o
                0x0000000008043cfc                batterySOCGraph
 .rodata.motorTempGraph
                0x0000000008043d28       0x2c _build/../../common/src/mainscreen.o
                0x0000000008043d28                motorTempGraph
 .rodata.motorErpsGraph
                0x0000000008043d54       0x2c _build/../../common/src/mainscreen.o
                0x0000000008043d54                motorErpsGraph
 .rodata.pwmDutyGraph
                0x0000000008043d80       0x2c _build/../../common/src/mainscreen.o
                0x0000000008043d80                pwmDutyGraph
 .rodata.motorFOCGraph
                0x0000000008043dac       0x2c _build/../../common/src/mainscreen.o
                0x0000000008043dac                motorFOCGraph
 .rodata.graph1
                0x0000000008043dd8       0x2c _build/../../common/src/mainscreen.o
                0x0000000008043dd8                graph1
 .rodata.graph2
                0x0000000008043e04       0x2c _build/../../common/src/mainscreen.o
                0x0000000008043e04                graph2
 .rodata.graph3
                0x0000000008043e30       0x2c _build/../../common/src/mainscreen.o
                0x0000000008043e30                graph3
 .rodata.custom1
                0x0000000008043e5c       0x2c _build/../../common/src/mainscreen.o
                0x0000000008043e5c                custom1
 .rodata.custom2
                0x0000000008043e88       0x2c _build/../../common/src/mainscreen.o
                0x0000000008043e88                custom2
 .rodata.custom3
                0x0000000008043eb4       0x2c _build/../../common/src/mainscreen.o
                0x0000000008043eb4                custom3
 .rodata.custom4
                0x0000000008043ee0       0x2c _build/../../common/src/mainscreen.o
                0x0000000008043ee0                custom4
 .rodata.custom5
                0x0000000008043f0c       0x2c _build/../../common/src/mainscreen.o
                0x0000000008043f0c                custom5
 .rodata.custom6
                0x0000000008043f38       0x2c _build/../../common/src/mainscreen.o
                0x0000000008043f38                custom6
 .rodata.custom7
                0x0000000008043f64       0x2c _build/../../common/src/mainscreen.o
                0x0000000008043f64                custom7
 .rodata.custom8
                0x0000000008043f90       0x2c _build/../../common/src/mainscreen.o
                0x0000000008043f90                custom8
 .rodata.custom9
                0x0000000008043fbc       0x2c _build/../../common/src/mainscreen.o
                0x0000000008043fbc                custom9
 .rodata.custom10
                0x0000000008043fe8       0x2c _build/../../common/src/mainscreen.o
                0x0000000008043fe8                custom10
 .rodata.custom11
                0x0000000008044014       0x2c _build/../../common/src/mainscreen.o
                0x0000000008044014                custom11
 .rodata.custom12
                0x0000000008044040       0x2c _build/../../common/src/mainscreen.o
                0x0000000008044040                custom12
 .rodata.bootHeading
                0x000000000804406c       0x2c _build/../../common/src/mainscreen.o
                0x000000000804406c                bootHeading
 .rodata.bootURL_1
                0x0000000008044098       0x2c _build/../../common/src/mainscreen.o
                0x0000000008044098                bootURL_1
 .rodata.bootURL_2
                0x00000000080440c4       0x2c _build/../../common/src/mainscreen.o
                0x00000000080440c4                bootURL_2
 .rodata.bootFirmwareVersion
                0x00000000080440f0       0x2c _build/../../common/src/mainscreen.o
                0x00000000080440f0                bootFirmwareVersion
 .rodata.bootVersion
                0x000000000804411c       0x2c _build/../../common/src/mainscreen.o
                0x000000000804411c                bootVersion
 .rodata.bootStatus1
                0x0000000008044148       0x2c _build/../../common/src/mainscreen.o
                0x0000000008044148                bootStatus1
 .rodata.bootStatus2
                0x0000000008044174       0x2c _build/../../common/src/mainscreen.o
                0x0000000008044174                bootStatus2
 .rodata.str_max_power.8
                0x00000000080441a0        0xa _build/../../common/src/mainscreen.o
 *fill*         0x00000000080441aa        0x2 
 .rodata.str_throttle.7
                0x00000000080441ac        0x9 _build/../../common/src/mainscreen.o
 *fill*         0x00000000080441b5        0x3 
 .rodata.tripMenus
                0x00000000080441b8      0x134 _build/../../common/src/configscreen.o
 .rodata.wheelMenus
                0x00000000080442ec       0x84 _build/../../common/src/configscreen.o
 .rodata.batteryMenus
                0x0000000008044370      0x134 _build/../../common/src/configscreen.o
 .rodata.batterySOCMenus
                0x00000000080444a4      0x108 _build/../../common/src/configscreen.o
 .rodata.motorMenus
                0x00000000080445ac      0x18c _build/../../common/src/configscreen.o
 .rodata.torqueSensorMenus
                0x0000000008044738      0x23c _build/../../common/src/configscreen.o
 .rodata.powerAssistMenus
                0x0000000008044974      0x1b8 _build/../../common/src/configscreen.o
 .rodata.torqueAssistMenus
                0x0000000008044b2c      0x1b8 _build/../../common/src/configscreen.o
 .rodata.cadenceAssistMenus
                0x0000000008044ce4      0x1b8 _build/../../common/src/configscreen.o
 .rodata.eMTBAssistMenus
                0x0000000008044e9c      0x1b8 _build/../../common/src/configscreen.o
 .rodata.assistMenus
                0x0000000008045054      0x108 _build/../../common/src/configscreen.o
 .rodata.walkAssistMenus
                0x000000000804515c      0x210 _build/../../common/src/configscreen.o
 .rodata.startupPowerMenus
                0x000000000804536c       0xb0 _build/../../common/src/configscreen.o
 .rodata.motorTempMenus
                0x000000000804541c       0xb0 _build/../../common/src/configscreen.o
 .rodata.streetModeMenus
                0x00000000080454cc      0x160 _build/../../common/src/configscreen.o
 .rodata.displayMenus
                0x000000000804562c      0x210 _build/../../common/src/configscreen.o
 .rodata.variousMenus
                0x000000000804583c       0xdc _build/../../common/src/configscreen.o
 .rodata.varSpeedMenus
                0x0000000008045918      0x134 _build/../../common/src/configscreen.o
 .rodata.varTripDistanceMenus
                0x0000000008045a4c      0x134 _build/../../common/src/configscreen.o
 .rodata.varCadenceMenus
                0x0000000008045b80      0x134 _build/../../common/src/configscreen.o
 .rodata.varHumanPowerMenus
                0x0000000008045cb4      0x134 _build/../../common/src/configscreen.o
 .rodata.varBatteryPowerMenus
                0x0000000008045de8      0x134 _build/../../common/src/configscreen.o
 .rodata.varBatteryPowerUsageMenus
                0x0000000008045f1c      0x134 _build/../../common/src/configscreen.o
 .rodata.varBatteryVoltageMenus
                0x0000000008046050      0x134 _build/../../common/src/configscreen.o
 .rodata.varBatteryCurrentMenus
                0x0000000008046184      0x134 _build/../../common/src/configscreen.o
 .rodata.varMotorCurrentMenus
                0x00000000080462b8      0x134 _build/../../common/src/configscreen.o
 .rodata.varBatterySOCMenus
                0x00000000080463ec      0x134 _build/../../common/src/configscreen.o
 .rodata.varMotorTempMenus
                0x0000000008046520      0x134 _build/../../common/src/configscreen.o
 .rodata.varMotorERPSMenus
                0x0000000008046654      0x134 _build/../../common/src/configscreen.o
 .rodata.varMotorPWMMenus
                0x0000000008046788      0x134 _build/../../common/src/configscreen.o
 .rodata.varMotorFOCMenus
                0x00000000080468bc      0x134 _build/../../common/src/configscreen.o
 .rodata.variablesMenus
                0x00000000080469f0      0x294 _build/../../common/src/configscreen.o
 .rodata.technicalMenus
                0x0000000008046c84      0x23c _build/../../common/src/configscreen.o
 .rodata.topMenus
                0x0000000008046ec0      0x2c0 _build/../../common/src/configscreen.o
 .rodata.configRoot
                0x0000000008047180       0x2c _build/../../common/src/configscreen.o
 .rodata.m_eeprom_data_defaults
                0x00000000080471ac      0x1fc _build/../../common/src/eeprom.o
                0x00000000080471ac                m_eeprom_data_defaults
 .rodata.srand.str1.1
                0x00000000080473a8       0x56 /usr/lib/gcc/arm-none-eabi/11.1.0/../../../../arm-none-eabi/lib/thumb/v7-m/nofp/libc_nano.a(lib_a-rand.o)
 .rodata._ctype_
                0x00000000080473fe      0x101 /usr/lib/gcc/arm-none-eabi/11.1.0/../../../../arm-none-eabi/lib/thumb/v7-m/nofp/libc_nano.a(lib_a-ctype_.o)
                0x00000000080473fe                _ctype_
 .rodata._svfprintf_r.str1.1